<html>
<body>
<pre>
<h1>礦ision Build Log</h1>
<h2>Tool Versions:</h2>
IDE-Version: μVision V5.14.0.0
Copyright (C) 2015 ARM Ltd and ARM Germany GmbH. All rights reserved.
License Information: x yn, m, LIC=GMZ8T-R3K28-NAWDU-S6S3K-NW0Z7-BY2RT
 
Tool Versions:
Toolchain:       MDK-ARM Standard  Version: 5.14.0.0
Toolchain Path:  C:\Keil_v5\ARM\ARMCC\Bin
C Compiler:      Armcc.exe V5.05 update 1 (build 106)
Assembler:       Armasm.exe V5.05 update 1 (build 106)
Linker/Locator:  ArmLink.exe V5.05 update 1 (build 106)
Library Manager: ArmAr.exe V5.05 update 1 (build 106)
Hex Converter:   FromElf.exe V5.05 update 1 (build 106)
CPU DLL:         SARMCM3.DLL V5.14.0.0
Dialog DLL:      DARMSTM.DLL V1.65.0.0
Target DLL:      CMSIS_AGDI.dll V1.21.0.0
Dialog DLL:      TARMSTM.DLL V1.64.0.0
 
<h2>Project:</h2>
C:\Users\ynbb\Desktop\电设\简易示波器\user\Template.uvprojx
Project File Date:  07/12/2017

<h2>Output:</h2>
Rebuild target 'Target 1'
compiling main.c...
compiling stm32f10x_it.c...
stm32f10x_it.c(351): warning:  #177-D: variable "shao_miao_shu_du_buf" was declared but never referenced
        u8 shao_miao_shu_du_buf[5],vcc_div_buf[8];
stm32f10x_it.c(351): warning:  #550-D: variable "vcc_div_buf" was set but never used
        u8 shao_miao_shu_du_buf[5],vcc_div_buf[8];
stm32f10x_it.c: 2 warnings, 0 errors
compiling system_stm32f10x.c...
compiling delay.c...
compiling sys.c...
compiling usart.c...
compiling core_cm3.c...
assembling startup_stm32f10x_hd.s...
compiling misc.c...
compiling stm32f10x_gpio.c...
compiling stm32f10x_rcc.c...
compiling stm32f10x_usart.c...
compiling stm32f10x_exti.c...
compiling stm32f10x_iwdg.c...
compiling stm32f10x_wwdg.c...
compiling stm32f10x_tim.c...
compiling stm32f10x_fsmc.c...
compiling stm32f10x_bkp.c...
compiling stm32f10x_rtc.c...
compiling stm32f10x_pwr.c...
compiling stm32f10x_adc.c...
compiling stm32f10x_dac.c...
compiling stm32f10x_dma.c...
compiling stm32f10x_spi.c...
compiling stm32f10x_can.c...
compiling stm32f10x_flash.c...
compiling stm32f10x_sdio.c...
compiling led.c...
compiling lcd_driver.c...
compiling gui.c...
compiling button.c...
compiling tim.c...
compiling adc.c...
..\app\adc\adc.c(69): warning:  #177-D: variable "gao_pin_period" was declared but never referenced
        float gao_pin_period = 0;
..\app\adc\adc.c: 1 warning, 0 errors
linking...
Program Size: Code=21336 RO-data=2712 RW-data=352 ZI-data=3112  
FromELF: creating hex file...
"..\obj\Template.axf" - 0 Error(s), 3 Warning(s).

<h2>Collection of Component include folders:</h2>
  C:\Users\ynbb\Desktop\电设\简易示波器\user\RTE
  C:\Keil_v5\ARM\PACK\Keil\STM32F1xx_DFP\1.0.5\Device\Include

<h2>Collection of Component Files used:</h2>
</pre>
</body>
</html>
