Component: ARM Compiler 5.05 update 1 (build 106) Tool: armlink [4d0efa]

==============================================================================

Section Cross References

    main.o(.text) refers to stm32f10x_it.o(.text) for lcd_huadian
    main.o(.text) refers to misc.o(.text) for NVIC_PriorityGroupConfig
    main.o(.text) refers to stm32f10x_rcc.o(.text) for RCC_DeInit
    main.o(.text) refers to stm32f10x_gpio.o(.text) for GPIO_Init
    main.o(.text) refers to stm32f10x_exti.o(.text) for EXTI_Init
    main.o(.text) refers to stm32f10x_tim.o(.text) for TIM_ClearITPendingBit
    main.o(.text) refers to lcd_driver.o(.data) for POINT_COLOR
    main.o(.text) refers to stm32f10x_usart.o(.text) for USART_Init
    main.o(.text) refers to delay.o(.text) for delay_ms
    main.o(.text) refers to led.o(.text) for led_init
    main.o(.text) refers to adc.o(.text) for ADC1_Init
    main.o(.text) refers to tim.o(.text) for time_init
    main.o(.text) refers to lcd_driver.o(.text) for TFT_Init
    main.o(.text) refers to fflt_clz.o(x$fpl$ffltu) for __aeabi_ui2f
    main.o(.text) refers to fflt_clz.o(x$fpl$fflt) for __aeabi_i2f
    main.o(.text) refers to fmul.o(x$fpl$fmul) for __aeabi_fmul
    main.o(.text) refers to fdiv.o(x$fpl$fdiv) for __aeabi_fdiv
    main.o(.text) refers to frleqf.o(x$fpl$frleqf) for __aeabi_cfrcmple
    main.o(.text) refers to fleqf.o(x$fpl$fleqf) for __aeabi_cfcmple
    main.o(.text) refers to ffixu.o(x$fpl$ffixu) for __aeabi_f2uiz
    main.o(.text) refers to tim.o(.data) for count
    main.o(.text) refers to main.o(.data) for frequen
    main.o(.text) refers to adc.o(.data) for multiple
    main.o(.text) refers to stm32f10x_it.o(.data) for vpp
    main.o(.text) refers to adc.o(.bss) for a
    main.o(.text) refers to stm32f10x_it.o(.bss) for arr_plot
    main.o(.text) refers to gui.o(.text) for GUI_Show12ASCII
    stm32f10x_it.o(.text) refers to stm32f10x_gpio.o(.text) for GPIO_ResetBits
    stm32f10x_it.o(.text) refers to gui.o(.text) for GUI_Dot
    stm32f10x_it.o(.text) refers to lcd_driver.o(.text) for TFT_ClearScreen
    stm32f10x_it.o(.text) refers to lcd_driver.o(.data) for POINT_COLOR
    stm32f10x_it.o(.text) refers to stm32f10x_it.o(.data) for arr_C
    stm32f10x_it.o(.text) refers to stm32f10x_exti.o(.text) for EXTI_Init
    stm32f10x_it.o(.text) refers to stm32f10x_usart.o(.text) for USART_SendData
    stm32f10x_it.o(.text) refers to delay.o(.text) for delay_ms
    stm32f10x_it.o(.text) refers to stm32f10x_dma.o(.text) for DMA_Cmd
    stm32f10x_it.o(.text) refers to stm32f10x_tim.o(.text) for TIM_Cmd
    stm32f10x_it.o(.text) refers to adc.o(.text) for ADC_print
    stm32f10x_it.o(.text) refers to adc.o(.bss) for a
    stm32f10x_it.o(.text) refers to adc.o(.data) for flag_50us
    stm32f10x_it.o(.text) refers to f2d.o(x$fpl$f2d) for __aeabi_f2d
    stm32f10x_it.o(.text) refers to dmul.o(x$fpl$dmul) for __aeabi_dmul
    stm32f10x_it.o(.text) refers to d2f.o(x$fpl$d2f) for __aeabi_d2f
    system_stm32f10x.o(.text) refers to system_stm32f10x.o(.data) for SystemCoreClock
    delay.o(.text) refers to misc.o(.text) for SysTick_CLKSourceConfig
    delay.o(.text) refers to system_stm32f10x.o(.data) for SystemCoreClock
    delay.o(.text) refers to delay.o(.data) for fac_us
    sys.o(.text) refers to misc.o(.text) for NVIC_PriorityGroupConfig
    startup_stm32f10x_hd.o(STACK) refers (Special) to heapauxi.o(.text) for __use_two_region_memory
    startup_stm32f10x_hd.o(HEAP) refers (Special) to heapauxi.o(.text) for __use_two_region_memory
    startup_stm32f10x_hd.o(RESET) refers (Special) to heapauxi.o(.text) for __use_two_region_memory
    startup_stm32f10x_hd.o(RESET) refers to startup_stm32f10x_hd.o(STACK) for __initial_sp
    startup_stm32f10x_hd.o(RESET) refers to startup_stm32f10x_hd.o(.text) for Reset_Handler
    startup_stm32f10x_hd.o(RESET) refers to stm32f10x_it.o(.text) for EXTI0_IRQHandler
    startup_stm32f10x_hd.o(RESET) refers to main.o(.text) for EXTI1_IRQHandler
    startup_stm32f10x_hd.o(.text) refers (Special) to heapauxi.o(.text) for __use_two_region_memory
    startup_stm32f10x_hd.o(.text) refers to system_stm32f10x.o(.text) for SystemInit
    startup_stm32f10x_hd.o(.text) refers to __main.o(!!!main) for __main
    startup_stm32f10x_hd.o(.text) refers to startup_stm32f10x_hd.o(HEAP) for Heap_Mem
    startup_stm32f10x_hd.o(.text) refers to startup_stm32f10x_hd.o(STACK) for Stack_Mem
    stm32f10x_gpio.o(.text) refers to stm32f10x_rcc.o(.text) for RCC_APB2PeriphResetCmd
    stm32f10x_rcc.o(.text) refers to stm32f10x_rcc.o(.data) for APBAHBPrescTable
    stm32f10x_usart.o(.text) refers to stm32f10x_rcc.o(.text) for RCC_APB2PeriphResetCmd
    stm32f10x_wwdg.o(.text) refers to stm32f10x_rcc.o(.text) for RCC_APB1PeriphResetCmd
    stm32f10x_tim.o(.text) refers to stm32f10x_rcc.o(.text) for RCC_APB2PeriphResetCmd
    stm32f10x_bkp.o(.text) refers to stm32f10x_rcc.o(.text) for RCC_BackupResetCmd
[...]
    ../clib/angel/scatter.s                  0x00000000   Number         0  __scatter.o ABSOLUTE
    ../clib/angel/startup.s                  0x00000000   Number         0  __main.o ABSOLUTE
    ../clib/angel/sys.s                      0x00000000   Number         0  indicate_semi.o ABSOLUTE
    ../clib/angel/sys.s                      0x00000000   Number         0  use_no_semi.o ABSOLUTE
    ../clib/angel/sys.s                      0x00000000   Number         0  sys_stackheap_outer.o ABSOLUTE
    ../clib/angel/sys.s                      0x00000000   Number         0  libspace.o ABSOLUTE
    ../clib/angel/sysapp.c                   0x00000000   Number         0  sys_wrch.o ABSOLUTE
    ../clib/angel/sysapp.c                   0x00000000   Number         0  sys_exit.o ABSOLUTE
    ../clib/angel/sysapp.c                   0x00000000   Number         0  sys_command.o ABSOLUTE
    ../clib/armsys.c                         0x00000000   Number         0  argv_veneer.o ABSOLUTE
    ../clib/armsys.c                         0x00000000   Number         0  _get_argv_nomalloc.o ABSOLUTE
    ../clib/armsys.c                         0x00000000   Number         0  argv_veneer.o ABSOLUTE
    ../clib/armsys.c                         0x00000000   Number         0  no_argv.o ABSOLUTE
    ../clib/heapalloc.c                      0x00000000   Number         0  hrguard.o ABSOLUTE
    ../clib/heapaux.c                        0x00000000   Number         0  heapauxi.o ABSOLUTE
    ../clib/libinit.s                        0x00000000   Number         0  libshutdown2.o ABSOLUTE
    ../clib/libinit.s                        0x00000000   Number         0  libinit2.o ABSOLUTE
    ../clib/libinit.s                        0x00000000   Number         0  libinit.o ABSOLUTE
    ../clib/libinit.s                        0x00000000   Number         0  libshutdown.o ABSOLUTE
    ../clib/signal.c                         0x00000000   Number         0  defsig_fpe_inner.o ABSOLUTE
    ../clib/signal.c                         0x00000000   Number         0  defsig_abrt_inner.o ABSOLUTE
    ../clib/signal.c                         0x00000000   Number         0  defsig_general.o ABSOLUTE
    ../clib/signal.c                         0x00000000   Number         0  __raise.o ABSOLUTE
    ../clib/signal.c                         0x00000000   Number         0  defsig_rtmem_inner.o ABSOLUTE
    ../clib/signal.c                         0x00000000   Number         0  defsig_rtmem_formal.o ABSOLUTE
    ../clib/signal.c                         0x00000000   Number         0  defsig_rtmem_outer.o ABSOLUTE
    ../clib/signal.c                         0x00000000   Number         0  defsig_rtred_inner.o ABSOLUTE
    ../clib/signal.c                         0x00000000   Number         0  defsig_exit.o ABSOLUTE
    ../clib/signal.c                         0x00000000   Number         0  defsig_other.o ABSOLUTE
    ../clib/signal.c                         0x00000000   Number         0  defsig_segv_inner.o ABSOLUTE
    ../clib/signal.c                         0x00000000   Number         0  defsig_cppl_inner.o ABSOLUTE
    ../clib/signal.c                         0x00000000   Number         0  defsig_pvfn_inner.o ABSOLUTE
    ../clib/signal.c                         0x00000000   Number         0  defsig_stak_inner.o ABSOLUTE
    ../clib/signal.s                         0x00000000   Number         0  defsig.o ABSOLUTE
    ../clib/stdlib.c                         0x00000000   Number         0  exit.o ABSOLUTE
    ../fplib/d2f.s                           0x00000000   Number         0  d2f.o ABSOLUTE
    ../fplib/ddiv.s                          0x00000000   Number         0  ddiv.o ABSOLUTE
    ../fplib/dmul.s                          0x00000000   Number         0  dmul.o ABSOLUTE
    ../fplib/dnaninf.s                       0x00000000   Number         0  dnaninf.o ABSOLUTE
    ../fplib/dretinf.s                       0x00000000   Number         0  dretinf.o ABSOLUTE
    ../fplib/f2d.s                           0x00000000   Number         0  f2d.o ABSOLUTE
    ../fplib/faddsub.s                       0x00000000   Number         0  faddsub_clz.o ABSOLUTE
    ../fplib/fcmpi.s                         0x00000000   Number         0  fcmpi.o ABSOLUTE
    ../fplib/fdiv.s                          0x00000000   Number         0  fdiv.o ABSOLUTE
    ../fplib/ffixu.s                         0x00000000   Number         0  ffixu.o ABSOLUTE
    ../fplib/fflt.s                          0x00000000   Number         0  fflt_clz.o ABSOLUTE
    ../fplib/fleqf.s                         0x00000000   Number         0  fleqf.o ABSOLUTE
    ../fplib/fmul.s                          0x00000000   Number         0  fmul.o ABSOLUTE
    ../fplib/fnaninf.s                       0x00000000   Number         0  fnaninf.o ABSOLUTE
    ../fplib/fpinit.s                        0x00000000   Number         0  fpinit.o ABSOLUTE
    ../fplib/fretinf.s                       0x00000000   Number         0  fretinf.o ABSOLUTE
    ../fplib/frleqf.s                        0x00000000   Number         0  frleqf.o ABSOLUTE
    ../fplib/usenofp.s                       0x00000000   Number         0  usenofp.o ABSOLUTE
    ..\SYSTEM\delay\delay.c                  0x00000000   Number         0  delay.o ABSOLUTE
    ..\SYSTEM\sys\sys.c                      0x00000000   Number         0  sys.o ABSOLUTE
    ..\SYSTEM\usart\usart.c                  0x00000000   Number         0  usart.o ABSOLUTE
    ..\\core\\core_cm3.c                     0x00000000   Number         0  core_cm3.o ABSOLUTE
    ..\app\adc\adc.c                         0x00000000   Number         0  adc.o ABSOLUTE
    ..\app\button\button.c                   0x00000000   Number         0  button.o ABSOLUTE
    ..\app\gui\gui.c                         0x00000000   Number         0  gui.o ABSOLUTE
    ..\app\lcd\lcd_driver.c                  0x00000000   Number         0  lcd_driver.o ABSOLUTE
    ..\app\led\led.c                         0x00000000   Number         0  led.o ABSOLUTE
    ..\app\tim\tim.c                         0x00000000   Number         0  tim.o ABSOLUTE
    ..\core\core_cm3.c                       0x00000000   Number         0  core_cm3.o ABSOLUTE
    ..\core\startup_stm32f10x_hd.s           0x00000000   Number         0  startup_stm32f10x_hd.o ABSOLUTE
    ..\stm32f10x_fwlib\src\misc.c            0x00000000   Number         0  misc.o ABSOLUTE
    ..\stm32f10x_fwlib\src\stm32f10x_adc.c   0x00000000   Number         0  stm32f10x_adc.o ABSOLUTE
    ..\stm32f10x_fwlib\src\stm32f10x_bkp.c   0x00000000   Number         0  stm32f10x_bkp.o ABSOLUTE
    ..\stm32f10x_fwlib\src\stm32f10x_can.c   0x00000000   Number         0  stm32f10x_can.o ABSOLUTE
    ..\stm32f10x_fwlib\src\stm32f10x_dac.c   0x00000000   Number         0  stm32f10x_dac.o ABSOLUTE
    ..\stm32f10x_fwlib\src\stm32f10x_dma.c   0x00000000   Number         0  stm32f10x_dma.o ABSOLUTE
    ..\stm32f10x_fwlib\src\stm32f10x_exti.c  0x00000000   Number         0  stm32f10x_exti.o ABSOLUTE
    ..\stm32f10x_fwlib\src\stm32f10x_flash.c 0x00000000   Number         0  stm32f10x_flash.o ABSOLUTE
    ..\stm32f10x_fwlib\src\stm32f10x_fsmc.c  0x00000000   Number         0  stm32f10x_fsmc.o ABSOLUTE
    ..\stm32f10x_fwlib\src\stm32f10x_gpio.c  0x00000000   Number         0  stm32f10x_gpio.o ABSOLUTE
    ..\stm32f10x_fwlib\src\stm32f10x_iwdg.c  0x00000000   Number         0  stm32f10x_iwdg.o ABSOLUTE
    ..\stm32f10x_fwlib\src\stm32f10x_pwr.c   0x00000000   Number         0  stm32f10x_pwr.o ABSOLUTE
    ..\stm32f10x_fwlib\src\stm32f10x_rcc.c   0x00000000   Number         0  stm32f10x_rcc.o ABSOLUTE
    ..\stm32f10x_fwlib\src\stm32f10x_rtc.c   0x00000000   Number         0  stm32f10x_rtc.o ABSOLUTE
    ..\stm32f10x_fwlib\src\stm32f10x_sdio.c  0x00000000   Number         0  stm32f10x_sdio.o ABSOLUTE
    ..\stm32f10x_fwlib\src\stm32f10x_spi.c   0x00000000   Number         0  stm32f10x_spi.o ABSOLUTE
    ..\stm32f10x_fwlib\src\stm32f10x_tim.c   0x00000000   Number         0  stm32f10x_tim.o ABSOLUTE
    ..\stm32f10x_fwlib\src\stm32f10x_usart.c 0x00000000   Number         0  stm32f10x_usart.o ABSOLUTE
    ..\stm32f10x_fwlib\src\stm32f10x_wwdg.c  0x00000000   Number         0  stm32f10x_wwdg.o ABSOLUTE
    dc.s                                     0x00000000   Number         0  dc.o ABSOLUTE
    main.c                                   0x00000000   Number         0  main.o ABSOLUTE
    stm32f10x_it.c                           0x00000000   Number         0  stm32f10x_it.o ABSOLUTE
    system_stm32f10x.c                       0x00000000   Number         0  system_stm32f10x.o ABSOLUTE
    RESET                                    0x08000000   Section      304  startup_stm32f10x_hd.o(RESET)
    !!!main                                  0x08000130   Section        8  __main.o(!!!main)
    !!!scatter                               0x08000138   Section       52  __scatter.o(!!!scatter)
    !!dczerorl2                              0x0800016c   Section       90  __dczerorl2.o(!!dczerorl2)
    !!handler_zi                             0x080001c8   Section       28  __scatter_zi.o(!!handler_zi)
    .ARM.Collect$$libinit$$00000000          0x080001e4   Section        2  libinit.o(.ARM.Collect$$libinit$$00000000)
    .ARM.Collect$$libinit$$00000002          0x080001e6   Section        0  libinit2.o(.ARM.Collect$$libinit$$00000002)
    .ARM.Collect$$libinit$$00000004          0x080001e6   Section        0  libinit2.o(.ARM.Collect$$libinit$$00000004)
    .ARM.Collect$$libinit$$0000000A          0x080001e6   Section        0  libinit2.o(.ARM.Collect$$libinit$$0000000A)
    .ARM.Collect$$libinit$$0000000C          0x080001e6   Section        0  libinit2.o(.ARM.Collect$$libinit$$0000000C)
    .ARM.Collect$$libinit$$0000000E          0x080001e6   Section        0  libinit2.o(.ARM.Collect$$libinit$$0000000E)
    .ARM.Collect$$libinit$$00000011          0x080001e6   Section        0  libinit2.o(.ARM.Collect$$libinit$$00000011)
    .ARM.Collect$$libinit$$00000013          0x080001e6   Section        0  libinit2.o(.ARM.Collect$$libinit$$00000013)
    .ARM.Collect$$libinit$$00000015          0x080001e6   Section        0  libinit2.o(.ARM.Collect$$libinit$$00000015)
    .ARM.Collect$$libinit$$00000017          0x080001e6   Section        0  libinit2.o(.ARM.Collect$$libinit$$00000017)
    .ARM.Collect$$libinit$$00000019          0x080001e6   Section        0  libinit2.o(.ARM.Collect$$libinit$$00000019)
    .ARM.Collect$$libinit$$0000001B          0x080001e6   Section        0  libinit2.o(.ARM.Collect$$libinit$$0000001B)
    .ARM.Collect$$libinit$$0000001D          0x080001e6   Section        0  libinit2.o(.ARM.Collect$$libinit$$0000001D)
    .ARM.Collect$$libinit$$0000001F          0x080001e6   Section        0  libinit2.o(.ARM.Collect$$libinit$$0000001F)
    .ARM.Collect$$libinit$$00000021          0x080001e6   Section        0  libinit2.o(.ARM.Collect$$libinit$$00000021)
    .ARM.Collect$$libinit$$00000023          0x080001e6   Section        0  libinit2.o(.ARM.Collect$$libinit$$00000023)
    .ARM.Collect$$libinit$$00000025          0x080001e6   Section        0  libinit2.o(.ARM.Collect$$libinit$$00000025)
    .ARM.Collect$$libinit$$0000002C          0x080001e6   Section        0  libinit2.o(.ARM.Collect$$libinit$$0000002C)
    .ARM.Collect$$libinit$$0000002E          0x080001e6   Section        0  libinit2.o(.ARM.Collect$$libinit$$0000002E)
    .ARM.Collect$$libinit$$00000030          0x080001e6   Section        0  libinit2.o(.ARM.Collect$$libinit$$00000030)
    .ARM.Collect$$libinit$$00000032          0x080001e6   Section        0  libinit2.o(.ARM.Collect$$libinit$$00000032)
    .ARM.Collect$$libinit$$00000033          0x080001e6   Section        2  libinit2.o(.ARM.Collect$$libinit$$00000033)
    .ARM.Collect$$libshutdown$$00000000      0x080001e8   Section        2  libshutdown.o(.ARM.Collect$$libshutdown$$00000000)
    .ARM.Collect$$libshutdown$$00000003      0x080001ea   Section        0  libshutdown2.o(.ARM.Collect$$libshutdown$$00000003)
    .ARM.Collect$$libshutdown$$00000006      0x080001ea   Section        0  libshutdown2.o(.ARM.Collect$$libshutdown$$00000006)
    .ARM.Collect$$libshutdown$$00000009      0x080001ea   Section        0  libshutdown2.o(.ARM.Collect$$libshutdown$$00000009)
    .ARM.Collect$$libshutdown$$0000000B      0x080001ea   Section        0  libshutdown2.o(.ARM.Collect$$libshutdown$$0000000B)
    .ARM.Collect$$libshutdown$$0000000E      0x080001ea   Section        0  libshutdown2.o(.ARM.Collect$$libshutdown$$0000000E)
    .ARM.Collect$$libshutdown$$0000000F      0x080001ea   Section        2  libshutdown2.o(.ARM.Collect$$libshutdown$$0000000F)
    .ARM.Collect$$rtentry$$00000000          0x080001ec   Section        0  __rtentry.o(.ARM.Collect$$rtentry$$00000000)
    .ARM.Collect$$rtentry$$00000002          0x080001ec   Section        0  __rtentry2.o(.ARM.Collect$$rtentry$$00000002)
    .ARM.Collect$$rtentry$$00000004          0x080001ec   Section        6  __rtentry4.o(.ARM.Collect$$rtentry$$00000004)
    .ARM.Collect$$rtentry$$00000009          0x080001f2   Section        0  __rtentry2.o(.ARM.Collect$$rtentry$$00000009)
    .ARM.Collect$$rtentry$$0000000A          0x080001f2   Section        4  __rtentry2.o(.ARM.Collect$$rtentry$$0000000A)
    .ARM.Collect$$rtentry$$0000000C          0x080001f6   Section        0  __rtentry2.o(.ARM.Collect$$rtentry$$0000000C)
    .ARM.Collect$$rtentry$$0000000D          0x080001f6   Section        8  __rtentry2.o(.ARM.Collect$$rtentry$$0000000D)
    .ARM.Collect$$rtexit$$00000000           0x080001fe   Section        2  rtexit.o(.ARM.Collect$$rtexit$$00000000)
    .ARM.Collect$$rtexit$$00000002           0x08000200   Section        0  rtexit2.o(.ARM.Collect$$rtexit$$00000002)
    .ARM.Collect$$rtexit$$00000003           0x08000200   Section        4  rtexit2.o(.ARM.Collect$$rtexit$$00000003)
    .ARM.Collect$$rtexit$$00000004           0x08000204   Section        6  rtexit2.o(.ARM.Collect$$rtexit$$00000004)
    .text                                    0x0800020c   Section        0  main.o(.text)
    .text                                    0x08000edc   Section        0  stm32f10x_it.o(.text)
    .text                                    0x08001de4   Section        0  system_stm32f10x.o(.text)
    SetSysClockTo72                          0x08001de5   Thumb Code   214  system_stm32f10x.o(.text)
    SetSysClock                              0x08001ebb   Thumb Code     8  system_stm32f10x.o(.text)
    .text                                    0x08001fc4   Section        0  delay.o(.text)
    .text                                    0x08002098   Section       64  startup_stm32f10x_hd.o(.text)
    .text                                    0x080020d8   Section        0  misc.o(.text)
    .text                                    0x080021b4   Section        0  stm32f10x_gpio.o(.text)
    .text                                    0x08002510   Section        0  stm32f10x_rcc.o(.text)
    .text                                    0x080028b4   Section        0  stm32f10x_usart.o(.text)
    .text                                    0x08002cbc   Section        0  stm32f10x_exti.o(.text)
    .text                                    0x08002dd8   Section        0  stm32f10x_tim.o(.text)
    TI4_Config                               0x0800327f   Thumb Code   130  stm32f10x_tim.o(.text)
    TI3_Config                               0x08003313   Thumb Code   122  stm32f10x_tim.o(.text)
    TI2_Config                               0x080033a7   Thumb Code   130  stm32f10x_tim.o(.text)
    TI1_Config                               0x0800343b   Thumb Code   108  stm32f10x_tim.o(.text)
    .text                                    0x08003bf4   Section        0  stm32f10x_fsmc.o(.text)
    .text                                    0x08004200   Section        0  stm32f10x_adc.o(.text)
    .text                                    0x08004650   Section        0  stm32f10x_dma.o(.text)
    .text                                    0x080048a4   Section        0  led.o(.text)
    .text                                    0x08004948   Section        0  lcd_driver.o(.text)
    .text                                    0x08004dc0   Section        0  gui.o(.text)
    .text                                    0x080051f4   Section        0  tim.o(.text)
    .text                                    0x080052ec   Section        0  adc.o(.text)
    .text                                    0x08005a28   Section        0  heapauxi.o(.text)
    .text                                    0x08005a2e   Section       74  sys_stackheap_outer.o(.text)
    .text                                    0x08005a78   Section        0  exit.o(.text)
    .text                                    0x08005a84   Section        8  libspace.o(.text)
    .text                                    0x08005a8c   Section        0  sys_exit.o(.text)
    .text                                    0x08005a98   Section        2  use_no_semi.o(.text)
    .text                                    0x08005a9a   Section        0  indicate_semi.o(.text)
    x$fpl$d2f                                0x08005a9c   Section       98  d2f.o(x$fpl$d2f)
    x$fpl$ddiv                               0x08005b00   Section      688  ddiv.o(x$fpl$ddiv)
    ddiv_entry                               0x08005b07   Thumb Code     0  ddiv.o(x$fpl$ddiv)
    x$fpl$dmul                               0x08005db0   Section      340  dmul.o(x$fpl$dmul)
    x$fpl$dnaninf                            0x08005f04   Section      156  dnaninf.o(x$fpl$dnaninf)
    x$fpl$dretinf                            0x08005fa0   Section       12  dretinf.o(x$fpl$dretinf)
    x$fpl$f2d                                0x08005fac   Section       86  f2d.o(x$fpl$f2d)
    x$fpl$fadd                               0x08006004   Section      196  faddsub_clz.o(x$fpl$fadd)
    _fadd1                                   0x08006013   Thumb Code     0  faddsub_clz.o(x$fpl$fadd)
    x$fpl$fcmpinf                            0x080060c8   Section       24  fcmpi.o(x$fpl$fcmpinf)
    x$fpl$fdiv                               0x080060e0   Section      388  fdiv.o(x$fpl$fdiv)
    _fdiv1                                   0x080060e1   Thumb Code     0  fdiv.o(x$fpl$fdiv)
    x$fpl$ffixu                              0x08006264   Section       62  ffixu.o(x$fpl$ffixu)
    x$fpl$fflt                               0x080062a4   Section       48  fflt_clz.o(x$fpl$fflt)
    x$fpl$ffltu                              0x080062d4   Section       38  fflt_clz.o(x$fpl$ffltu)
    x$fpl$fleqf                              0x080062fc   Section      104  fleqf.o(x$fpl$fleqf)
    x$fpl$fmul                               0x08006364   Section      258  fmul.o(x$fpl$fmul)
    x$fpl$fnaninf                            0x08006466   Section      140  fnaninf.o(x$fpl$fnaninf)
    x$fpl$fretinf                            0x080064f2   Section       10  fretinf.o(x$fpl$fretinf)
    x$fpl$frleqf                             0x080064fc   Section       98  frleqf.o(x$fpl$frleqf)
    x$fpl$fsub                               0x08006560   Section      234  faddsub_clz.o(x$fpl$fsub)
    _fsub1                                   0x0800656f   Thumb Code     0  faddsub_clz.o(x$fpl$fsub)
    .constdata                               0x0800664a   Section     2376  gui.o(.constdata)
    x$fpl$usenofp                            0x0800664a   Section        0  usenofp.o(x$fpl$usenofp)
    .data                                    0x20000000   Section       24  main.o(.data)
    .data                                    0x20000018   Section      384  stm32f10x_it.o(.data)
    .data                                    0x20000198   Section       20  system_stm32f10x.o(.data)
    .data                                    0x200001ac   Section        4  delay.o(.data)
    fac_us                                   0x200001ac   Data           1  delay.o(.data)
    fac_ms                                   0x200001ae   Data           2  delay.o(.data)
    .data                                    0x200001b0   Section       20  stm32f10x_rcc.o(.data)
    APBAHBPrescTable                         0x200001b0   Data          16  stm32f10x_rcc.o(.data)
    ADCPrescTable                            0x200001c0   Data           4  stm32f10x_rcc.o(.data)
    .data                                    0x200001c4   Section        1  led.o(.data)
    i                                        0x200001c4   Data           1  led.o(.data)
    .data                                    0x200001c6   Section        4  lcd_driver.o(.data)
    .data                                    0x200001cc   Section        8  tim.o(.data)
    .data                                    0x200001d4   Section       20  adc.o(.data)
    .bss                                     0x200001e8   Section     1000  stm32f10x_it.o(.bss)
    .bss                                     0x200005d0   Section     1280  adc.o(.bss)
    .bss                                     0x20000ad0   Section       96  libspace.o(.bss)
    HEAP                                     0x20000b30   Section      512  startup_stm32f10x_hd.o(HEAP)
    Heap_Mem                                 0x20000b30   Data         512  startup_stm32f10x_hd.o(HEAP)
    STACK                                    0x20000d30   Section     1024  startup_stm32f10x_hd.o(STACK)
    Stack_Mem                                0x20000d30   Data        1024  startup_stm32f10x_hd.o(STACK)
    __initial_sp                             0x20001130   Data           0  startup_stm32f10x_hd.o(STACK)

    Global Symbols

    Symbol Name                              Value     Ov Type        Size  Object(Section)

    BuildAttributes$$THM_ISAv4$P$D$K$B$S$PE$A:L22UL41UL21$X:L11$S22US41US21$IEEE1$IW$USESV6$~STKCKD$USESV7$~SHL$OSPACE$ROPI$EBA8$UX$STANDARDLIB$REQ8$PRES8$EABIv2 0x00000000   Number         0  anon$$obj.o ABSOLUTE
    __ARM_use_no_argv                        0x00000000   Number         0  main.o ABSOLUTE
    __ARM_exceptions_init                     - Undefined Weak Reference
    __alloca_initialize                       - Undefined Weak Reference
    __arm_preinit_                            - Undefined Weak Reference
    __cpp_initialize__aeabi_                  - Undefined Weak Reference
    __cxa_finalize                            - Undefined Weak Reference
    __rt_locale                               - Undefined Weak Reference
    __sigvec_lookup                           - Undefined Weak Reference
    _atexit_init                              - Undefined Weak Reference
    _call_atexit_fns                          - Undefined Weak Reference
    _clock_init                               - Undefined Weak Reference
    _fp_trap_init                             - Undefined Weak Reference
    _fp_trap_shutdown                         - Undefined Weak Reference
    _get_lc_collate                           - Undefined Weak Reference
    _get_lc_ctype                             - Undefined Weak Reference
    _get_lc_monetary                          - Undefined Weak Reference
    _get_lc_numeric                           - Undefined Weak Reference
    _get_lc_time                              - Undefined Weak Reference
    _getenv_init                              - Undefined Weak Reference
    _handle_redirection                       - Undefined Weak Reference
    _init_alloc                               - Undefined Weak Reference
    _init_user_alloc                          - Undefined Weak Reference
    _initio                                   - Undefined Weak Reference
    _rand_init                                - Undefined Weak Reference
    _signal_finish                            - Undefined Weak Reference
    _signal_init                              - Undefined Weak Reference
    _terminate_alloc                          - Undefined Weak Reference
    _terminate_user_alloc                     - Undefined Weak Reference
    _terminateio                              - Undefined Weak Reference
    __Vectors_Size                           0x00000130   Number         0  startup_stm32f10x_hd.o ABSOLUTE
    __Vectors                                0x08000000   Data           4  startup_stm32f10x_hd.o(RESET)
    __Vectors_End                            0x08000130   Data           0  startup_stm32f10x_hd.o(RESET)
    __main                                   0x08000131   Thumb Code     8  __main.o(!!!main)
    __scatterload                            0x08000139   Thumb Code     0  __scatter.o(!!!scatter)
    __scatterload_rt2                        0x08000139   Thumb Code    44  __scatter.o(!!!scatter)
    __scatterload_rt2_thumb_only             0x08000139   Thumb Code     0  __scatter.o(!!!scatter)
    __scatterload_null                       0x08000147   Thumb Code     0  __scatter.o(!!!scatter)
    __decompress                             0x0800016d   Thumb Code    90  __dczerorl2.o(!!dczerorl2)
    __decompress1                            0x0800016d   Thumb Code     0  __dczerorl2.o(!!dczerorl2)
    __scatterload_zeroinit                   0x080001c9   Thumb Code    28  __scatter_zi.o(!!handler_zi)
    __rt_lib_init                            0x080001e5   Thumb Code     0  libinit.o(.ARM.Collect$$libinit$$00000000)
    __rt_lib_init_alloca_1                   0x080001e7   Thumb Code     0  libinit2.o(.ARM.Collect$$libinit$$0000002E)
    __rt_lib_init_argv_1                     0x080001e7   Thumb Code     0  libinit2.o(.ARM.Collect$$libinit$$0000002C)
    __rt_lib_init_atexit_1                   0x080001e7   Thumb Code     0  libinit2.o(.ARM.Collect$$libinit$$0000001B)
    __rt_lib_init_clock_1                    0x080001e7   Thumb Code     0  libinit2.o(.ARM.Collect$$libinit$$00000021)
    __rt_lib_init_cpp_1                      0x080001e7   Thumb Code     0  libinit2.o(.ARM.Collect$$libinit$$00000032)
    __rt_lib_init_exceptions_1               0x080001e7   Thumb Code     0  libinit2.o(.ARM.Collect$$libinit$$00000030)
    __rt_lib_init_fp_1                       0x080001e7   Thumb Code     0  libinit2.o(.ARM.Collect$$libinit$$00000002)
    __rt_lib_init_fp_trap_1                  0x080001e7   Thumb Code     0  libinit2.o(.ARM.Collect$$libinit$$0000001F)
    __rt_lib_init_getenv_1                   0x080001e7   Thumb Code     0  libinit2.o(.ARM.Collect$$libinit$$00000023)
    __rt_lib_init_heap_1                     0x080001e7   Thumb Code     0  libinit2.o(.ARM.Collect$$libinit$$0000000A)
    __rt_lib_init_lc_collate_1               0x080001e7   Thumb Code     0  libinit2.o(.ARM.Collect$$libinit$$00000011)
    __rt_lib_init_lc_ctype_1                 0x080001e7   Thumb Code     0  libinit2.o(.ARM.Collect$$libinit$$00000013)
    __rt_lib_init_lc_monetary_1              0x080001e7   Thumb Code     0  libinit2.o(.ARM.Collect$$libinit$$00000015)
    __rt_lib_init_lc_numeric_1               0x080001e7   Thumb Code     0  libinit2.o(.ARM.Collect$$libinit$$00000017)
    __rt_lib_init_lc_time_1                  0x080001e7   Thumb Code     0  libinit2.o(.ARM.Collect$$libinit$$00000019)
    __rt_lib_init_preinit_1                  0x080001e7   Thumb Code     0  libinit2.o(.ARM.Collect$$libinit$$00000004)
    __rt_lib_init_rand_1                     0x080001e7   Thumb Code     0  libinit2.o(.ARM.Collect$$libinit$$0000000E)
    __rt_lib_init_return                     0x080001e7   Thumb Code     0  libinit2.o(.ARM.Collect$$libinit$$00000033)
    __rt_lib_init_signal_1                   0x080001e7   Thumb Code     0  libinit2.o(.ARM.Collect$$libinit$$0000001D)
    __rt_lib_init_stdio_1                    0x080001e7   Thumb Code     0  libinit2.o(.ARM.Collect$$libinit$$00000025)
    __rt_lib_init_user_alloc_1               0x080001e7   Thumb Code     0  libinit2.o(.ARM.Collect$$libinit$$0000000C)
    __rt_lib_shutdown                        0x080001e9   Thumb Code     0  libshutdown.o(.ARM.Collect$$libshutdown$$00000000)
    __rt_lib_shutdown_fp_trap_1              0x080001eb   Thumb Code     0  libshutdown2.o(.ARM.Collect$$libshutdown$$00000006)
    __rt_lib_shutdown_heap_1                 0x080001eb   Thumb Code     0  libshutdown2.o(.ARM.Collect$$libshutdown$$0000000E)
    __rt_lib_shutdown_return                 0x080001eb   Thumb Code     0  libshutdown2.o(.ARM.Collect$$libshutdown$$0000000F)
    __rt_lib_shutdown_signal_1               0x080001eb   Thumb Code     0  libshutdown2.o(.ARM.Collect$$libshutdown$$00000009)
    __rt_lib_shutdown_stdio_1                0x080001eb   Thumb Code     0  libshutdown2.o(.ARM.Collect$$libshutdown$$00000003)
    __rt_lib_shutdown_user_alloc_1           0x080001eb   Thumb Code     0  libshutdown2.o(.ARM.Collect$$libshutdown$$0000000B)
    __rt_entry                               0x080001ed   Thumb Code     0  __rtentry.o(.ARM.Collect$$rtentry$$00000000)
    __rt_entry_presh_1                       0x080001ed   Thumb Code     0  __rtentry2.o(.ARM.Collect$$rtentry$$00000002)
    __rt_entry_sh                            0x080001ed   Thumb Code     0  __rtentry4.o(.ARM.Collect$$rtentry$$00000004)
    __rt_entry_li                            0x080001f3   Thumb Code     0  __rtentry2.o(.ARM.Collect$$rtentry$$0000000A)
    __rt_entry_postsh_1                      0x080001f3   Thumb Code     0  __rtentry2.o(.ARM.Collect$$rtentry$$00000009)
    __rt_entry_main                          0x080001f7   Thumb Code     0  __rtentry2.o(.ARM.Collect$$rtentry$$0000000D)
    __rt_entry_postli_1                      0x080001f7   Thumb Code     0  __rtentry2.o(.ARM.Collect$$rtentry$$0000000C)
    __rt_exit                                0x080001ff   Thumb Code     0  rtexit.o(.ARM.Collect$$rtexit$$00000000)
    __rt_exit_ls                             0x08000201   Thumb Code     0  rtexit2.o(.ARM.Collect$$rtexit$$00000003)
    __rt_exit_prels_1                        0x08000201   Thumb Code     0  rtexit2.o(.ARM.Collect$$rtexit$$00000002)
    __rt_exit_exit                           0x08000205   Thumb Code     0  rtexit2.o(.ARM.Collect$$rtexit$$00000004)
    clear_point                              0x0800020d   Thumb Code    46  main.o(.text)
    nvic_init                                0x0800023b   Thumb Code   158  main.o(.text)
    RCC_HSE_Config                           0x080002d9   Thumb Code    90  main.o(.text)
    rcc_init                                 0x08000333   Thumb Code    80  main.o(.text)
    gpio_init                                0x08000383   Thumb Code   266  main.o(.text)
    exti_init2                               0x0800048d   Thumb Code   118  main.o(.text)
    time_init2                               0x08000503   Thumb Code   104  main.o(.text)
    exti_init1                               0x0800056b   Thumb Code   118  main.o(.text)
    USART3_Init                              0x080005e1   Thumb Code   152  main.o(.text)
    TIM3_IRQHandler                          0x08000679   Thumb Code   206  main.o(.text)
    EXTI1_IRQHandler                         0x08000747   Thumb Code    30  main.o(.text)
    EXTI2_IRQHandler                         0x08000765   Thumb Code    36  main.o(.text)
    main                                     0x08000789   Thumb Code  1876  main.o(.text)
    set_io1                                  0x08000edd   Thumb Code    28  stm32f10x_it.o(.text)
    set_io2                                  0x08000ef9   Thumb Code    28  stm32f10x_it.o(.text)
    set_io3                                  0x08000f15   Thumb Code    28  stm32f10x_it.o(.text)
    set_io4                                  0x08000f31   Thumb Code    28  stm32f10x_it.o(.text)
    set_io5                                  0x08000f4d   Thumb Code    28  stm32f10x_it.o(.text)
    set_io6                                  0x08000f69   Thumb Code    28  stm32f10x_it.o(.text)
    set_io7                                  0x08000f85   Thumb Code    28  stm32f10x_it.o(.text)
    set_io8                                  0x08000fa1   Thumb Code    28  stm32f10x_it.o(.text)
    lcd_huadian                              0x08000fbd   Thumb Code    24  stm32f10x_it.o(.text)
    lcd_huaxian                              0x08000fd5   Thumb Code    44  stm32f10x_it.o(.text)
    hua_wang                                 0x08001001   Thumb Code   162  stm32f10x_it.o(.text)
    set_background                           0x080010a3   Thumb Code   728  stm32f10x_it.o(.text)
    key_init                                 0x0800137b   Thumb Code   112  stm32f10x_it.o(.text)
    load_data                                0x080013eb   Thumb Code    70  stm32f10x_it.o(.text)
    EXTI0_IRQHandler                         0x08001431   Thumb Code   952  stm32f10x_it.o(.text)
    EXTI3_IRQHandler                         0x080017e9   Thumb Code   438  stm32f10x_it.o(.text)
    EXTI4_IRQHandler                         0x0800199f   Thumb Code   322  stm32f10x_it.o(.text)
    TIM2_IRQHandler                          0x08001ae1   Thumb Code   716  stm32f10x_it.o(.text)
    SystemInit                               0x08001ec3   Thumb Code    78  system_stm32f10x.o(.text)
    SystemCoreClockUpdate                    0x08001f11   Thumb Code   142  system_stm32f10x.o(.text)
    delay_init                               0x08001fc5   Thumb Code    50  delay.o(.text)
    delay_us                                 0x08001ff7   Thumb Code    72  delay.o(.text)
    delay_ms                                 0x0800203f   Thumb Code    72  delay.o(.text)
    Reset_Handler                            0x08002099   Thumb Code     8  startup_stm32f10x_hd.o(.text)
    NMI_Handler                              0x080020a1   Thumb Code     2  startup_stm32f10x_hd.o(.text)
    HardFault_Handler                        0x080020a3   Thumb Code     2  startup_stm32f10x_hd.o(.text)
    MemManage_Handler                        0x080020a5   Thumb Code     2  startup_stm32f10x_hd.o(.text)
    BusFault_Handler                         0x080020a7   Thumb Code     2  startup_stm32f10x_hd.o(.text)
    UsageFault_Handler                       0x080020a9   Thumb Code     2  startup_stm32f10x_hd.o(.text)
    SVC_Handler                              0x080020ab   Thumb Code     2  startup_stm32f10x_hd.o(.text)
    DebugMon_Handler                         0x080020ad   Thumb Code     2  startup_stm32f10x_hd.o(.text)
    PendSV_Handler                           0x080020af   Thumb Code     2  startup_stm32f10x_hd.o(.text)
    SysTick_Handler                          0x080020b1   Thumb Code     2  startup_stm32f10x_hd.o(.text)
    ADC1_2_IRQHandler                        0x080020b3   Thumb Code     0  startup_stm32f10x_hd.o(.text)
    ADC3_IRQHandler                          0x080020b3   Thumb Code     0  startup_stm32f10x_hd.o(.text)
    CAN1_RX1_IRQHandler                      0x080020b3   Thumb Code     0  startup_stm32f10x_hd.o(.text)
    CAN1_SCE_IRQHandler                      0x080020b3   Thumb Code     0  startup_stm32f10x_hd.o(.text)
    DMA1_Channel1_IRQHandler                 0x080020b3   Thumb Code     0  startup_stm32f10x_hd.o(.text)
    DMA1_Channel2_IRQHandler                 0x080020b3   Thumb Code     0  startup_stm32f10x_hd.o(.text)
    DMA1_Channel3_IRQHandler                 0x080020b3   Thumb Code     0  startup_stm32f10x_hd.o(.text)
    DMA1_Channel4_IRQHandler                 0x080020b3   Thumb Code     0  startup_stm32f10x_hd.o(.text)
    DMA1_Channel5_IRQHandler                 0x080020b3   Thumb Code     0  startup_stm32f10x_hd.o(.text)
    DMA1_Channel6_IRQHandler                 0x080020b3   Thumb Code     0  startup_stm32f10x_hd.o(.text)
    DMA1_Channel7_IRQHandler                 0x080020b3   Thumb Code     0  startup_stm32f10x_hd.o(.text)
    DMA2_Channel1_IRQHandler                 0x080020b3   Thumb Code     0  startup_stm32f10x_hd.o(.text)
    DMA2_Channel2_IRQHandler                 0x080020b3   Thumb Code     0  startup_stm32f10x_hd.o(.text)
    DMA2_Channel3_IRQHandler                 0x080020b3   Thumb Code     0  startup_stm32f10x_hd.o(.text)
    DMA2_Channel4_5_IRQHandler               0x080020b3   Thumb Code     0  startup_stm32f10x_hd.o(.text)
    EXTI15_10_IRQHandler                     0x080020b3   Thumb Code     0  startup_stm32f10x_hd.o(.text)
    EXTI9_5_IRQHandler                       0x080020b3   Thumb Code     0  startup_stm32f10x_hd.o(.text)
    FLASH_IRQHandler                         0x080020b3   Thumb Code     0  startup_stm32f10x_hd.o(.text)
    FSMC_IRQHandler                          0x080020b3   Thumb Code     0  startup_stm32f10x_hd.o(.text)
    I2C1_ER_IRQHandler                       0x080020b3   Thumb Code     0  startup_stm32f10x_hd.o(.text)
    I2C1_EV_IRQHandler                       0x080020b3   Thumb Code     0  startup_stm32f10x_hd.o(.text)
    I2C2_ER_IRQHandler                       0x080020b3   Thumb Code     0  startup_stm32f10x_hd.o(.text)
    I2C2_EV_IRQHandler                       0x080020b3   Thumb Code     0  startup_stm32f10x_hd.o(.text)
    PVD_IRQHandler                           0x080020b3   Thumb Code     0  startup_stm32f10x_hd.o(.text)
    RCC_IRQHandler                           0x080020b3   Thumb Code     0  startup_stm32f10x_hd.o(.text)
    RTCAlarm_IRQHandler                      0x080020b3   Thumb Code     0  startup_stm32f10x_hd.o(.text)
    RTC_IRQHandler                           0x080020b3   Thumb Code     0  startup_stm32f10x_hd.o(.text)
    SDIO_IRQHandler                          0x080020b3   Thumb Code     0  startup_stm32f10x_hd.o(.text)
    SPI1_IRQHandler                          0x080020b3   Thumb Code     0  startup_stm32f10x_hd.o(.text)
    SPI2_IRQHandler                          0x080020b3   Thumb Code     0  startup_stm32f10x_hd.o(.text)
    SPI3_IRQHandler                          0x080020b3   Thumb Code     0  startup_stm32f10x_hd.o(.text)
    TAMPER_IRQHandler                        0x080020b3   Thumb Code     0  startup_stm32f10x_hd.o(.text)
    TIM1_BRK_IRQHandler                      0x080020b3   Thumb Code     0  startup_stm32f10x_hd.o(.text)
    TIM1_CC_IRQHandler                       0x080020b3   Thumb Code     0  startup_stm32f10x_hd.o(.text)
    TIM1_TRG_COM_IRQHandler                  0x080020b3   Thumb Code     0  startup_stm32f10x_hd.o(.text)
    TIM1_UP_IRQHandler                       0x080020b3   Thumb Code     0  startup_stm32f10x_hd.o(.text)
    TIM4_IRQHandler                          0x080020b3   Thumb Code     0  startup_stm32f10x_hd.o(.text)
    TIM5_IRQHandler                          0x080020b3   Thumb Code     0  startup_stm32f10x_hd.o(.text)
    TIM6_IRQHandler                          0x080020b3   Thumb Code     0  startup_stm32f10x_hd.o(.text)
    TIM7_IRQHandler                          0x080020b3   Thumb Code     0  startup_stm32f10x_hd.o(.text)
    TIM8_BRK_IRQHandler                      0x080020b3   Thumb Code     0  startup_stm32f10x_hd.o(.text)
    TIM8_CC_IRQHandler                       0x080020b3   Thumb Code     0  startup_stm32f10x_hd.o(.text)
    TIM8_TRG_COM_IRQHandler                  0x080020b3   Thumb Code     0  startup_stm32f10x_hd.o(.text)
    TIM8_UP_IRQHandler                       0x080020b3   Thumb Code     0  startup_stm32f10x_hd.o(.text)
    UART4_IRQHandler                         0x080020b3   Thumb Code     0  startup_stm32f10x_hd.o(.text)
    UART5_IRQHandler                         0x080020b3   Thumb Code     0  startup_stm32f10x_hd.o(.text)
    USART1_IRQHandler                        0x080020b3   Thumb Code     0  startup_stm32f10x_hd.o(.text)
    USART2_IRQHandler                        0x080020b3   Thumb Code     0  startup_stm32f10x_hd.o(.text)
    USART3_IRQHandler                        0x080020b3   Thumb Code     0  startup_stm32f10x_hd.o(.text)
    USBWakeUp_IRQHandler                     0x080020b3   Thumb Code     0  startup_stm32f10x_hd.o(.text)
    USB_HP_CAN1_TX_IRQHandler                0x080020b3   Thumb Code     0  startup_stm32f10x_hd.o(.text)
    USB_LP_CAN1_RX0_IRQHandler               0x080020b3   Thumb Code     0  startup_stm32f10x_hd.o(.text)
    WWDG_IRQHandler                          0x080020b3   Thumb Code     0  startup_stm32f10x_hd.o(.text)
    __user_initial_stackheap                 0x080020b5   Thumb Code     0  startup_stm32f10x_hd.o(.text)
    NVIC_PriorityGroupConfig                 0x080020d9   Thumb Code    10  misc.o(.text)
    NVIC_Init                                0x080020e3   Thumb Code   100  misc.o(.text)
    NVIC_SetVectorTable                      0x08002147   Thumb Code    14  misc.o(.text)
    NVIC_SystemLPConfig                      0x08002155   Thumb Code    34  misc.o(.text)
    SysTick_CLKSourceConfig                  0x08002177   Thumb Code    40  misc.o(.text)
    GPIO_DeInit                              0x080021b5   Thumb Code   172  stm32f10x_gpio.o(.text)
    GPIO_AFIODeInit                          0x08002261   Thumb Code    20  stm32f10x_gpio.o(.text)
    GPIO_Init                                0x08002275   Thumb Code   278  stm32f10x_gpio.o(.text)
    GPIO_StructInit                          0x0800238b   Thumb Code    16  stm32f10x_gpio.o(.text)
    GPIO_ReadInputDataBit                    0x0800239b   Thumb Code    18  stm32f10x_gpio.o(.text)
    GPIO_ReadInputData                       0x080023ad   Thumb Code     8  stm32f10x_gpio.o(.text)
    GPIO_ReadOutputDataBit                   0x080023b5   Thumb Code    18  stm32f10x_gpio.o(.text)
    GPIO_ReadOutputData                      0x080023c7   Thumb Code     8  stm32f10x_gpio.o(.text)
    GPIO_SetBits                             0x080023cf   Thumb Code     4  stm32f10x_gpio.o(.text)
    GPIO_ResetBits                           0x080023d3   Thumb Code     4  stm32f10x_gpio.o(.text)
    GPIO_WriteBit                            0x080023d7   Thumb Code    10  stm32f10x_gpio.o(.text)
    GPIO_Write                               0x080023e1   Thumb Code     4  stm32f10x_gpio.o(.text)
    GPIO_PinLockConfig                       0x080023e5   Thumb Code    18  stm32f10x_gpio.o(.text)
    GPIO_EventOutputConfig                   0x080023f7   Thumb Code    26  stm32f10x_gpio.o(.text)
    GPIO_EventOutputCmd                      0x08002411   Thumb Code     6  stm32f10x_gpio.o(.text)
    GPIO_PinRemapConfig                      0x08002417   Thumb Code   138  stm32f10x_gpio.o(.text)
    GPIO_EXTILineConfig                      0x080024a1   Thumb Code    66  stm32f10x_gpio.o(.text)
    GPIO_ETH_MediaInterfaceConfig            0x080024e3   Thumb Code     8  stm32f10x_gpio.o(.text)
    RCC_DeInit                               0x08002511   Thumb Code    64  stm32f10x_rcc.o(.text)
    RCC_HSEConfig                            0x08002551   Thumb Code    70  stm32f10x_rcc.o(.text)
    RCC_GetFlagStatus                        0x08002597   Thumb Code    56  stm32f10x_rcc.o(.text)
    RCC_WaitForHSEStartUp                    0x080025cf   Thumb Code    56  stm32f10x_rcc.o(.text)
    RCC_AdjustHSICalibrationValue            0x08002607   Thumb Code    20  stm32f10x_rcc.o(.text)
    RCC_HSICmd                               0x0800261b   Thumb Code     6  stm32f10x_rcc.o(.text)
    RCC_PLLConfig                            0x08002621   Thumb Code    24  stm32f10x_rcc.o(.text)
    RCC_PLLCmd                               0x08002639   Thumb Code     6  stm32f10x_rcc.o(.text)
    RCC_SYSCLKConfig                         0x0800263f   Thumb Code    18  stm32f10x_rcc.o(.text)
    RCC_GetSYSCLKSource                      0x08002651   Thumb Code    10  stm32f10x_rcc.o(.text)
    RCC_HCLKConfig                           0x0800265b   Thumb Code    18  stm32f10x_rcc.o(.text)
    RCC_PCLK1Config                          0x0800266d   Thumb Code    18  stm32f10x_rcc.o(.text)
    RCC_PCLK2Config                          0x0800267f   Thumb Code    20  stm32f10x_rcc.o(.text)
    RCC_ITConfig                             0x08002693   Thumb Code    26  stm32f10x_rcc.o(.text)
    RCC_USBCLKConfig                         0x080026ad   Thumb Code     8  stm32f10x_rcc.o(.text)
    RCC_ADCCLKConfig                         0x080026b5   Thumb Code    18  stm32f10x_rcc.o(.text)
    RCC_LSEConfig                            0x080026c7   Thumb Code    50  stm32f10x_rcc.o(.text)
    RCC_LSICmd                               0x080026f9   Thumb Code     6  stm32f10x_rcc.o(.text)
    RCC_RTCCLKConfig                         0x080026ff   Thumb Code    12  stm32f10x_rcc.o(.text)
    RCC_RTCCLKCmd                            0x0800270b   Thumb Code     8  stm32f10x_rcc.o(.text)
    RCC_GetClocksFreq                        0x08002713   Thumb Code   192  stm32f10x_rcc.o(.text)
    RCC_AHBPeriphClockCmd                    0x080027d3   Thumb Code    26  stm32f10x_rcc.o(.text)
    RCC_APB2PeriphClockCmd                   0x080027ed   Thumb Code    26  stm32f10x_rcc.o(.text)
    RCC_APB1PeriphClockCmd                   0x08002807   Thumb Code    26  stm32f10x_rcc.o(.text)
    RCC_APB2PeriphResetCmd                   0x08002821   Thumb Code    26  stm32f10x_rcc.o(.text)
    RCC_APB1PeriphResetCmd                   0x0800283b   Thumb Code    26  stm32f10x_rcc.o(.text)
    RCC_BackupResetCmd                       0x08002855   Thumb Code     8  stm32f10x_rcc.o(.text)
    RCC_ClockSecuritySystemCmd               0x0800285d   Thumb Code     6  stm32f10x_rcc.o(.text)
    RCC_MCOConfig                            0x08002863   Thumb Code     6  stm32f10x_rcc.o(.text)
    RCC_ClearFlag                            0x08002869   Thumb Code    14  stm32f10x_rcc.o(.text)
    RCC_GetITStatus                          0x08002877   Thumb Code    20  stm32f10x_rcc.o(.text)
    RCC_ClearITPendingBit                    0x0800288b   Thumb Code     6  stm32f10x_rcc.o(.text)
    USART_DeInit                             0x080028b5   Thumb Code   134  stm32f10x_usart.o(.text)
    USART_Init                               0x0800293b   Thumb Code   210  stm32f10x_usart.o(.text)
    USART_StructInit                         0x08002a0d   Thumb Code    24  stm32f10x_usart.o(.text)
    USART_ClockInit                          0x08002a25   Thumb Code    34  stm32f10x_usart.o(.text)
    USART_ClockStructInit                    0x08002a47   Thumb Code    12  stm32f10x_usart.o(.text)
    USART_Cmd                                0x08002a53   Thumb Code    24  stm32f10x_usart.o(.text)
    USART_ITConfig                           0x08002a6b   Thumb Code    74  stm32f10x_usart.o(.text)
    USART_DMACmd                             0x08002ab5   Thumb Code    18  stm32f10x_usart.o(.text)
    USART_SetAddress                         0x08002ac7   Thumb Code    18  stm32f10x_usart.o(.text)
    USART_WakeUpConfig                       0x08002ad9   Thumb Code    18  stm32f10x_usart.o(.text)
    USART_ReceiverWakeUpCmd                  0x08002aeb   Thumb Code    24  stm32f10x_usart.o(.text)
    USART_LINBreakDetectLengthConfig         0x08002b03   Thumb Code    18  stm32f10x_usart.o(.text)
    USART_LINCmd                             0x08002b15   Thumb Code    24  stm32f10x_usart.o(.text)
    USART_SendData                           0x08002b2d   Thumb Code     8  stm32f10x_usart.o(.text)
    USART_ReceiveData                        0x08002b35   Thumb Code    10  stm32f10x_usart.o(.text)
    USART_SendBreak                          0x08002b3f   Thumb Code    10  stm32f10x_usart.o(.text)
    USART_SetGuardTime                       0x08002b49   Thumb Code    16  stm32f10x_usart.o(.text)
    USART_SetPrescaler                       0x08002b59   Thumb Code    16  stm32f10x_usart.o(.text)
    USART_SmartCardCmd                       0x08002b69   Thumb Code    24  stm32f10x_usart.o(.text)
    USART_SmartCardNACKCmd                   0x08002b81   Thumb Code    24  stm32f10x_usart.o(.text)
    USART_HalfDuplexCmd                      0x08002b99   Thumb Code    24  stm32f10x_usart.o(.text)
    USART_OverSampling8Cmd                   0x08002bb1   Thumb Code    22  stm32f10x_usart.o(.text)
    USART_OneBitMethodCmd                    0x08002bc7   Thumb Code    24  stm32f10x_usart.o(.text)
    USART_IrDAConfig                         0x08002bdf   Thumb Code    18  stm32f10x_usart.o(.text)
    USART_IrDACmd                            0x08002bf1   Thumb Code    24  stm32f10x_usart.o(.text)
    USART_GetFlagStatus                      0x08002c09   Thumb Code    26  stm32f10x_usart.o(.text)
    USART_ClearFlag                          0x08002c23   Thumb Code    18  stm32f10x_usart.o(.text)
    USART_GetITStatus                        0x08002c35   Thumb Code    84  stm32f10x_usart.o(.text)
    USART_ClearITPendingBit                  0x08002c89   Thumb Code    52  stm32f10x_usart.o(.text)
    EXTI_DeInit                              0x08002cbd   Thumb Code    28  stm32f10x_exti.o(.text)
    EXTI_Init                                0x08002cd9   Thumb Code   142  stm32f10x_exti.o(.text)
    EXTI_StructInit                          0x08002d67   Thumb Code    16  stm32f10x_exti.o(.text)
    EXTI_GenerateSWInterrupt                 0x08002d77   Thumb Code    16  stm32f10x_exti.o(.text)
    EXTI_GetFlagStatus                       0x08002d87   Thumb Code    22  stm32f10x_exti.o(.text)
    EXTI_ClearFlag                           0x08002d9d   Thumb Code     8  stm32f10x_exti.o(.text)
    EXTI_GetITStatus                         0x08002da5   Thumb Code    34  stm32f10x_exti.o(.text)
    EXTI_ClearITPendingBit                   0x08002dc7   Thumb Code     8  stm32f10x_exti.o(.text)
    TIM_DeInit                               0x08002dd9   Thumb Code   424  stm32f10x_tim.o(.text)
    TIM_TimeBaseInit                         0x08002f81   Thumb Code   122  stm32f10x_tim.o(.text)
    TIM_OC1Init                              0x08002ffb   Thumb Code   132  stm32f10x_tim.o(.text)
    TIM_OC2Init                              0x0800307f   Thumb Code   154  stm32f10x_tim.o(.text)
    TIM_OC3Init                              0x08003119   Thumb Code   150  stm32f10x_tim.o(.text)
    TIM_OC4Init                              0x080031af   Thumb Code   182  stm32f10x_tim.o(.text)
    TIM_SetIC4Prescaler                      0x08003265   Thumb Code    26  stm32f10x_tim.o(.text)
    TIM_SetIC3Prescaler                      0x08003301   Thumb Code    18  stm32f10x_tim.o(.text)
    TIM_SetIC2Prescaler                      0x0800338d   Thumb Code    26  stm32f10x_tim.o(.text)
    TIM_SetIC1Prescaler                      0x08003429   Thumb Code    18  stm32f10x_tim.o(.text)
    TIM_ICInit                               0x080034a7   Thumb Code   150  stm32f10x_tim.o(.text)
    TIM_PWMIConfig                           0x0800353d   Thumb Code   124  stm32f10x_tim.o(.text)
    TIM_BDTRConfig                           0x080035b9   Thumb Code    32  stm32f10x_tim.o(.text)
    TIM_TimeBaseStructInit                   0x080035d9   Thumb Code    18  stm32f10x_tim.o(.text)
    TIM_OCStructInit                         0x080035eb   Thumb Code    20  stm32f10x_tim.o(.text)
    TIM_ICStructInit                         0x080035ff   Thumb Code    18  stm32f10x_tim.o(.text)
    TIM_BDTRStructInit                       0x08003611   Thumb Code    40  stm32f10x_tim.o(.text)
    TIM_Cmd                                  0x08003639   Thumb Code    24  stm32f10x_tim.o(.text)
    TIM_CtrlPWMOutputs                       0x08003651   Thumb Code    30  stm32f10x_tim.o(.text)
    TIM_ITConfig                             0x0800366f   Thumb Code    18  stm32f10x_tim.o(.text)
    TIM_GenerateEvent                        0x08003681   Thumb Code     4  stm32f10x_tim.o(.text)
    TIM_DMAConfig                            0x08003685   Thumb Code    10  stm32f10x_tim.o(.text)
    TIM_DMACmd                               0x0800368f   Thumb Code    18  stm32f10x_tim.o(.text)
    TIM_InternalClockConfig                  0x080036a1   Thumb Code    12  stm32f10x_tim.o(.text)
    TIM_SelectInputTrigger                   0x080036ad   Thumb Code    18  stm32f10x_tim.o(.text)
    TIM_ITRxExternalClockConfig              0x080036bf   Thumb Code    24  stm32f10x_tim.o(.text)
    TIM_TIxExternalClockConfig               0x080036d7   Thumb Code    62  stm32f10x_tim.o(.text)
    TIM_ETRConfig                            0x08003715   Thumb Code    28  stm32f10x_tim.o(.text)
    TIM_ETRClockMode1Config                  0x08003731   Thumb Code    54  stm32f10x_tim.o(.text)
    TIM_ETRClockMode2Config                  0x08003767   Thumb Code    32  stm32f10x_tim.o(.text)
    TIM_PrescalerConfig                      0x08003787   Thumb Code     6  stm32f10x_tim.o(.text)
    TIM_CounterModeConfig                    0x0800378d   Thumb Code    18  stm32f10x_tim.o(.text)
    TIM_EncoderInterfaceConfig               0x0800379f   Thumb Code    66  stm32f10x_tim.o(.text)
    TIM_ForcedOC1Config                      0x080037e1   Thumb Code    18  stm32f10x_tim.o(.text)
    TIM_ForcedOC2Config                      0x080037f3   Thumb Code    26  stm32f10x_tim.o(.text)
    TIM_ForcedOC3Config                      0x0800380d   Thumb Code    18  stm32f10x_tim.o(.text)
    TIM_ForcedOC4Config                      0x0800381f   Thumb Code    26  stm32f10x_tim.o(.text)
    TIM_ARRPreloadConfig                     0x08003839   Thumb Code    24  stm32f10x_tim.o(.text)
    TIM_SelectCOM                            0x08003851   Thumb Code    24  stm32f10x_tim.o(.text)
    TIM_SelectCCDMA                          0x08003869   Thumb Code    24  stm32f10x_tim.o(.text)
    TIM_CCPreloadControl                     0x08003881   Thumb Code    24  stm32f10x_tim.o(.text)
    TIM_OC1PreloadConfig                     0x08003899   Thumb Code    18  stm32f10x_tim.o(.text)
    TIM_OC2PreloadConfig                     0x080038ab   Thumb Code    26  stm32f10x_tim.o(.text)
    TIM_OC3PreloadConfig                     0x080038c5   Thumb Code    18  stm32f10x_tim.o(.text)
    TIM_OC4PreloadConfig                     0x080038d7   Thumb Code    26  stm32f10x_tim.o(.text)
    TIM_OC1FastConfig                        0x080038f1   Thumb Code    18  stm32f10x_tim.o(.text)
    TIM_OC2FastConfig                        0x08003903   Thumb Code    26  stm32f10x_tim.o(.text)
    TIM_OC3FastConfig                        0x0800391d   Thumb Code    18  stm32f10x_tim.o(.text)
    TIM_OC4FastConfig                        0x0800392f   Thumb Code    26  stm32f10x_tim.o(.text)
    TIM_ClearOC1Ref                          0x08003949   Thumb Code    18  stm32f10x_tim.o(.text)
    TIM_ClearOC2Ref                          0x0800395b   Thumb Code    24  stm32f10x_tim.o(.text)
    TIM_ClearOC3Ref                          0x08003973   Thumb Code    18  stm32f10x_tim.o(.text)
    TIM_ClearOC4Ref                          0x08003985   Thumb Code    24  stm32f10x_tim.o(.text)
    TIM_OC1PolarityConfig                    0x0800399d   Thumb Code    18  stm32f10x_tim.o(.text)
    TIM_OC1NPolarityConfig                   0x080039af   Thumb Code    18  stm32f10x_tim.o(.text)
    TIM_OC2PolarityConfig                    0x080039c1   Thumb Code    26  stm32f10x_tim.o(.text)
    TIM_OC2NPolarityConfig                   0x080039db   Thumb Code    26  stm32f10x_tim.o(.text)
    TIM_OC3PolarityConfig                    0x080039f5   Thumb Code    26  stm32f10x_tim.o(.text)
    TIM_OC3NPolarityConfig                   0x08003a0f   Thumb Code    26  stm32f10x_tim.o(.text)
    TIM_OC4PolarityConfig                    0x08003a29   Thumb Code    26  stm32f10x_tim.o(.text)
    TIM_CCxCmd                               0x08003a43   Thumb Code    30  stm32f10x_tim.o(.text)
    TIM_CCxNCmd                              0x08003a61   Thumb Code    30  stm32f10x_tim.o(.text)
    TIM_SelectOCxM                           0x08003a7f   Thumb Code    82  stm32f10x_tim.o(.text)
    TIM_UpdateDisableConfig                  0x08003ad1   Thumb Code    24  stm32f10x_tim.o(.text)
    TIM_UpdateRequestConfig                  0x08003ae9   Thumb Code    24  stm32f10x_tim.o(.text)
    TIM_SelectHallSensor                     0x08003b01   Thumb Code    24  stm32f10x_tim.o(.text)
    TIM_SelectOnePulseMode                   0x08003b19   Thumb Code    18  stm32f10x_tim.o(.text)
    TIM_SelectOutputTrigger                  0x08003b2b   Thumb Code    18  stm32f10x_tim.o(.text)
    TIM_SelectSlaveMode                      0x08003b3d   Thumb Code    18  stm32f10x_tim.o(.text)
    TIM_SelectMasterSlaveMode                0x08003b4f   Thumb Code    18  stm32f10x_tim.o(.text)
    TIM_SetCounter                           0x08003b61   Thumb Code     4  stm32f10x_tim.o(.text)
    TIM_SetAutoreload                        0x08003b65   Thumb Code     4  stm32f10x_tim.o(.text)
    TIM_SetCompare1                          0x08003b69   Thumb Code     4  stm32f10x_tim.o(.text)
    TIM_SetCompare2                          0x08003b6d   Thumb Code     4  stm32f10x_tim.o(.text)
    TIM_SetCompare3                          0x08003b71   Thumb Code     4  stm32f10x_tim.o(.text)
    TIM_SetCompare4                          0x08003b75   Thumb Code     6  stm32f10x_tim.o(.text)
    TIM_SetClockDivision                     0x08003b7b   Thumb Code    18  stm32f10x_tim.o(.text)
    TIM_GetCapture1                          0x08003b8d   Thumb Code     6  stm32f10x_tim.o(.text)
    TIM_GetCapture2                          0x08003b93   Thumb Code     6  stm32f10x_tim.o(.text)
    TIM_GetCapture3                          0x08003b99   Thumb Code     6  stm32f10x_tim.o(.text)
    TIM_GetCapture4                          0x08003b9f   Thumb Code     8  stm32f10x_tim.o(.text)
    TIM_GetCounter                           0x08003ba7   Thumb Code     6  stm32f10x_tim.o(.text)
    TIM_GetPrescaler                         0x08003bad   Thumb Code     6  stm32f10x_tim.o(.text)
    TIM_GetFlagStatus                        0x08003bb3   Thumb Code    18  stm32f10x_tim.o(.text)
    TIM_ClearFlag                            0x08003bc5   Thumb Code     6  stm32f10x_tim.o(.text)
    TIM_GetITStatus                          0x08003bcb   Thumb Code    34  stm32f10x_tim.o(.text)
    TIM_ClearITPendingBit                    0x08003bed   Thumb Code     6  stm32f10x_tim.o(.text)
    FSMC_NORSRAMDeInit                       0x08003bf5   Thumb Code    54  stm32f10x_fsmc.o(.text)
    FSMC_NANDDeInit                          0x08003c2b   Thumb Code    62  stm32f10x_fsmc.o(.text)
    FSMC_PCCARDDeInit                        0x08003c69   Thumb Code    36  stm32f10x_fsmc.o(.text)
    FSMC_NORSRAMInit                         0x08003c8d   Thumb Code   230  stm32f10x_fsmc.o(.text)
    FSMC_NANDInit                            0x08003d73   Thumb Code   132  stm32f10x_fsmc.o(.text)
    FSMC_PCCARDInit                          0x08003df7   Thumb Code   130  stm32f10x_fsmc.o(.text)
    FSMC_NORSRAMStructInit                   0x08003e79   Thumb Code   114  stm32f10x_fsmc.o(.text)
    FSMC_NANDStructInit                      0x08003eeb   Thumb Code    54  stm32f10x_fsmc.o(.text)
    FSMC_PCCARDStructInit                    0x08003f21   Thumb Code    60  stm32f10x_fsmc.o(.text)
    FSMC_NORSRAMCmd                          0x08003f5d   Thumb Code    46  stm32f10x_fsmc.o(.text)
    FSMC_NANDCmd                             0x08003f8b   Thumb Code    86  stm32f10x_fsmc.o(.text)
    FSMC_PCCARDCmd                           0x08003fe1   Thumb Code    44  stm32f10x_fsmc.o(.text)
    FSMC_NANDECCCmd                          0x0800400d   Thumb Code    90  stm32f10x_fsmc.o(.text)
    FSMC_GetECC                              0x08004067   Thumb Code    24  stm32f10x_fsmc.o(.text)
    FSMC_ITConfig                            0x0800407f   Thumb Code   128  stm32f10x_fsmc.o(.text)
    FSMC_GetFlagStatus                       0x080040ff   Thumb Code    54  stm32f10x_fsmc.o(.text)
    FSMC_ClearFlag                           0x08004135   Thumb Code    62  stm32f10x_fsmc.o(.text)
    FSMC_GetITStatus                         0x08004173   Thumb Code    64  stm32f10x_fsmc.o(.text)
    FSMC_ClearITPendingBit                   0x080041b3   Thumb Code    68  stm32f10x_fsmc.o(.text)
    ADC_DeInit                               0x08004201   Thumb Code    78  stm32f10x_adc.o(.text)
    ADC_Init                                 0x0800424f   Thumb Code    70  stm32f10x_adc.o(.text)
    ADC_StructInit                           0x08004295   Thumb Code    18  stm32f10x_adc.o(.text)
    ADC_Cmd                                  0x080042a7   Thumb Code    22  stm32f10x_adc.o(.text)
    ADC_DMACmd                               0x080042bd   Thumb Code    22  stm32f10x_adc.o(.text)
    ADC_ITConfig                             0x080042d3   Thumb Code    24  stm32f10x_adc.o(.text)
    ADC_ResetCalibration                     0x080042eb   Thumb Code    10  stm32f10x_adc.o(.text)
    ADC_GetResetCalibrationStatus            0x080042f5   Thumb Code    20  stm32f10x_adc.o(.text)
    ADC_StartCalibration                     0x08004309   Thumb Code    10  stm32f10x_adc.o(.text)
    ADC_GetCalibrationStatus                 0x08004313   Thumb Code    20  stm32f10x_adc.o(.text)
    ADC_SoftwareStartConvCmd                 0x08004327   Thumb Code    22  stm32f10x_adc.o(.text)
    ADC_GetSoftwareStartConvStatus           0x0800433d   Thumb Code    20  stm32f10x_adc.o(.text)
    ADC_DiscModeChannelCountConfig           0x08004351   Thumb Code    24  stm32f10x_adc.o(.text)
    ADC_DiscModeCmd                          0x08004369   Thumb Code    22  stm32f10x_adc.o(.text)
    ADC_RegularChannelConfig                 0x0800437f   Thumb Code   184  stm32f10x_adc.o(.text)
    ADC_ExternalTrigConvCmd                  0x08004437   Thumb Code    22  stm32f10x_adc.o(.text)
    ADC_GetConversionValue                   0x0800444d   Thumb Code     8  stm32f10x_adc.o(.text)
    ADC_GetDualModeConversionValue           0x08004455   Thumb Code     8  stm32f10x_adc.o(.text)
    ADC_AutoInjectedConvCmd                  0x0800445d   Thumb Code    22  stm32f10x_adc.o(.text)
    ADC_InjectedDiscModeCmd                  0x08004473   Thumb Code    22  stm32f10x_adc.o(.text)
    ADC_ExternalTrigInjectedConvConfig       0x08004489   Thumb Code    16  stm32f10x_adc.o(.text)
    ADC_ExternalTrigInjectedConvCmd          0x08004499   Thumb Code    22  stm32f10x_adc.o(.text)
    ADC_SoftwareStartInjectedConvCmd         0x080044af   Thumb Code    22  stm32f10x_adc.o(.text)
    ADC_GetSoftwareStartInjectedConvCmdStatus 0x080044c5   Thumb Code    20  stm32f10x_adc.o(.text)
    ADC_InjectedChannelConfig                0x080044d9   Thumb Code   130  stm32f10x_adc.o(.text)
    ADC_InjectedSequencerLengthConfig        0x0800455b   Thumb Code    24  stm32f10x_adc.o(.text)
    ADC_SetInjectedOffset                    0x08004573   Thumb Code    20  stm32f10x_adc.o(.text)
    ADC_GetInjectedConversionValue           0x08004587   Thumb Code    28  stm32f10x_adc.o(.text)
    ADC_AnalogWatchdogCmd                    0x080045a3   Thumb Code    16  stm32f10x_adc.o(.text)
    ADC_AnalogWatchdogThresholdsConfig       0x080045b3   Thumb Code     6  stm32f10x_adc.o(.text)
    ADC_AnalogWatchdogSingleChannelConfig    0x080045b9   Thumb Code    16  stm32f10x_adc.o(.text)
    ADC_TempSensorVrefintCmd                 0x080045c9   Thumb Code    64  stm32f10x_adc.o(.text)
    ADC_GetFlagStatus                        0x08004609   Thumb Code    18  stm32f10x_adc.o(.text)
    ADC_ClearFlag                            0x0800461b   Thumb Code     6  stm32f10x_adc.o(.text)
    ADC_GetITStatus                          0x08004621   Thumb Code    36  stm32f10x_adc.o(.text)
    ADC_ClearITPendingBit                    0x08004645   Thumb Code    10  stm32f10x_adc.o(.text)
    DMA_DeInit                               0x08004651   Thumb Code   324  stm32f10x_dma.o(.text)
    DMA_Init                                 0x08004795   Thumb Code    60  stm32f10x_dma.o(.text)
    DMA_StructInit                           0x080047d1   Thumb Code    26  stm32f10x_dma.o(.text)
    DMA_Cmd                                  0x080047eb   Thumb Code    24  stm32f10x_dma.o(.text)
    DMA_ITConfig                             0x08004803   Thumb Code    18  stm32f10x_dma.o(.text)
    DMA_SetCurrDataCounter                   0x08004815   Thumb Code     4  stm32f10x_dma.o(.text)
    DMA_GetCurrDataCounter                   0x08004819   Thumb Code     8  stm32f10x_dma.o(.text)
    DMA_GetFlagStatus                        0x08004821   Thumb Code    40  stm32f10x_dma.o(.text)
    DMA_ClearFlag                            0x08004849   Thumb Code    22  stm32f10x_dma.o(.text)
    DMA_GetITStatus                          0x0800485f   Thumb Code    40  stm32f10x_dma.o(.text)
    DMA_ClearITPendingBit                    0x08004887   Thumb Code    22  stm32f10x_dma.o(.text)
    led_init                                 0x080048a5   Thumb Code    50  led.o(.text)
    led_run                                  0x080048d7   Thumb Code   104  led.o(.text)
    TFT_GPIO_Config                          0x08004949   Thumb Code    74  lcd_driver.o(.text)
    TFT_FSMC_Config                          0x08004993   Thumb Code    86  lcd_driver.o(.text)
    TFT_WriteCmd                             0x080049e9   Thumb Code     6  lcd_driver.o(.text)
    TFT_WriteData                            0x080049ef   Thumb Code     8  lcd_driver.o(.text)
    TFT_WriteData_Color                      0x080049f7   Thumb Code     8  lcd_driver.o(.text)
    TFT_Init                                 0x080049ff   Thumb Code   790  lcd_driver.o(.text)
    TFT_SetWindow                            0x08004d15   Thumb Code   120  lcd_driver.o(.text)
    TFT_ClearScreen                          0x08004d8d   Thumb Code    52  lcd_driver.o(.text)
    GUI_Dot                                  0x08004dc1   Thumb Code    28  gui.o(.text)
    GUI_Line                                 0x08004ddd   Thumb Code   172  gui.o(.text)
    LCD_DrawRectangle                        0x08004e89   Thumb Code    74  gui.o(.text)
    LCD_Draw_Point                           0x08004ed3   Thumb Code    20  gui.o(.text)
    Test_Show_CH_Font16                      0x08004ee7   Thumb Code   146  gui.o(.text)
    Test_Show_CH_Font24                      0x08004f79   Thumb Code   188  gui.o(.text)
    TEST_FONT                                0x08005035   Thumb Code    62  gui.o(.text)
    GUI_Box                                  0x08005073   Thumb Code    92  gui.o(.text)
    GUI_DrowSign                             0x080050cf   Thumb Code   136  gui.o(.text)
    GUI_Show12ASCII                          0x08005157   Thumb Code   144  gui.o(.text)
    time2_init                               0x080051f5   Thumb Code    62  tim.o(.text)
    time3_init                               0x08005233   Thumb Code    66  tim.o(.text)
    time1_init                               0x08005275   Thumb Code    86  tim.o(.text)
    time_init                                0x080052cb   Thumb Code    12  tim.o(.text)
    time_enable                              0x080052d7   Thumb Code    12  tim.o(.text)
    DMA1_Init                                0x080052ed   Thumb Code    78  adc.o(.text)
    AD_Init                                  0x0800533b   Thumb Code    72  adc.o(.text)
    ADC1_Init                                0x08005383   Thumb Code    76  adc.o(.text)
    ADC_Get_Value                            0x080053cf   Thumb Code   128  adc.o(.text)
    ADC_Get_Vpp                              0x0800544f   Thumb Code   152  adc.o(.text)
    clear                                    0x080054e7   Thumb Code    84  adc.o(.text)
    clear_inter                              0x0800553b   Thumb Code   102  adc.o(.text)
    ADC_print                                0x080055a1   Thumb Code   778  adc.o(.text)
    pause_plot                               0x080058ab   Thumb Code   344  adc.o(.text)
    __use_two_region_memory                  0x08005a29   Thumb Code     2  heapauxi.o(.text)
    __rt_heap_escrow$2region                 0x08005a2b   Thumb Code     2  heapauxi.o(.text)
    __rt_heap_expand$2region                 0x08005a2d   Thumb Code     2  heapauxi.o(.text)
    __user_setup_stackheap                   0x08005a2f   Thumb Code    74  sys_stackheap_outer.o(.text)
    exit                                     0x08005a79   Thumb Code    12  exit.o(.text)
    __user_libspace                          0x08005a85   Thumb Code     8  libspace.o(.text)
    __user_perproc_libspace                  0x08005a85   Thumb Code     0  libspace.o(.text)
    __user_perthread_libspace                0x08005a85   Thumb Code     0  libspace.o(.text)
    _sys_exit                                0x08005a8d   Thumb Code     8  sys_exit.o(.text)
    __I$use$semihosting                      0x08005a99   Thumb Code     0  use_no_semi.o(.text)
    __use_no_semihosting_swi                 0x08005a99   Thumb Code     2  use_no_semi.o(.text)
    __semihosting_library_function           0x08005a9b   Thumb Code     0  indicate_semi.o(.text)
    __aeabi_d2f                              0x08005a9d   Thumb Code     0  d2f.o(x$fpl$d2f)
    _d2f                                     0x08005a9d   Thumb Code    98  d2f.o(x$fpl$d2f)
    __aeabi_ddiv                             0x08005b01   Thumb Code     0  ddiv.o(x$fpl$ddiv)
    _ddiv                                    0x08005b01   Thumb Code   552  ddiv.o(x$fpl$ddiv)
    __aeabi_dmul                             0x08005db1   Thumb Code     0  dmul.o(x$fpl$dmul)
    _dmul                                    0x08005db1   Thumb Code   332  dmul.o(x$fpl$dmul)
    __fpl_dnaninf                            0x08005f05   Thumb Code   156  dnaninf.o(x$fpl$dnaninf)
    __fpl_dretinf                            0x08005fa1   Thumb Code    12  dretinf.o(x$fpl$dretinf)
    __aeabi_f2d                              0x08005fad   Thumb Code     0  f2d.o(x$fpl$f2d)
    _f2d                                     0x08005fad   Thumb Code    86  f2d.o(x$fpl$f2d)
    __aeabi_fadd                             0x08006005   Thumb Code     0  faddsub_clz.o(x$fpl$fadd)
    _fadd                                    0x08006005   Thumb Code   196  faddsub_clz.o(x$fpl$fadd)
    __fpl_fcmp_Inf                           0x080060c9   Thumb Code    24  fcmpi.o(x$fpl$fcmpinf)
    __aeabi_fdiv                             0x080060e1   Thumb Code     0  fdiv.o(x$fpl$fdiv)
    _fdiv                                    0x080060e1   Thumb Code   384  fdiv.o(x$fpl$fdiv)
    __aeabi_f2uiz                            0x08006265   Thumb Code     0  ffixu.o(x$fpl$ffixu)
    _ffixu                                   0x08006265   Thumb Code    62  ffixu.o(x$fpl$ffixu)
    __aeabi_i2f                              0x080062a5   Thumb Code     0  fflt_clz.o(x$fpl$fflt)
    _fflt                                    0x080062a5   Thumb Code    48  fflt_clz.o(x$fpl$fflt)
    __aeabi_ui2f                             0x080062d5   Thumb Code     0  fflt_clz.o(x$fpl$ffltu)
    _ffltu                                   0x080062d5   Thumb Code    38  fflt_clz.o(x$fpl$ffltu)
    __aeabi_cfcmple                          0x080062fd   Thumb Code     0  fleqf.o(x$fpl$fleqf)
    _fcmple                                  0x080062fd   Thumb Code   104  fleqf.o(x$fpl$fleqf)
    __fpl_fcmple_InfNaN                      0x0800634f   Thumb Code     0  fleqf.o(x$fpl$fleqf)
    __aeabi_fmul                             0x08006365   Thumb Code     0  fmul.o(x$fpl$fmul)
    _fmul                                    0x08006365   Thumb Code   258  fmul.o(x$fpl$fmul)
    __fpl_fnaninf                            0x08006467   Thumb Code   140  fnaninf.o(x$fpl$fnaninf)
    __fpl_fretinf                            0x080064f3   Thumb Code    10  fretinf.o(x$fpl$fretinf)
    __aeabi_cfrcmple                         0x080064fd   Thumb Code     0  frleqf.o(x$fpl$frleqf)
    _frcmple                                 0x080064fd   Thumb Code    98  frleqf.o(x$fpl$frleqf)
    __aeabi_fsub                             0x08006561   Thumb Code     0  faddsub_clz.o(x$fpl$fsub)
    _fsub                                    0x08006561   Thumb Code   234  faddsub_clz.o(x$fpl$fsub)
    ASCII8x16                                0x0800664a   Data        1536  gui.o(.constdata)
    __I$use$fp                               0x0800664a   Number         0  usenofp.o(x$fpl$usenofp)
    tfont16                                  0x08006c4a   Data         480  gui.o(.constdata)
    tfont24                                  0x08006e2a   Data         360  gui.o(.constdata)
    Region$$Table$$Base                      0x08006f94   Number         0  anon$$obj.o(Region$$Table)
    Region$$Table$$Limit                     0x08006fb4   Number         0  anon$$obj.o(Region$$Table)
    j                                        0x20000000   Data           2  main.o(.data)
    temp                                     0x20000004   Data           4  main.o(.data)
    temp1                                    0x20000008   Data           4  main.o(.data)
    frequen                                  0x2000000c   Data           4  main.o(.data)
    arr_freq                                 0x20000010   Data           8  main.o(.data)
    frequency_flag                           0x20000018   Data           1  stm32f10x_it.o(.data)
    shao_miao_shu_du                         0x2000001c   Data           4  stm32f10x_it.o(.data)
    num_shao_miao                            0x20000020   Data           1  stm32f10x_it.o(.data)
    mode                                     0x20000021   Data           1  stm32f10x_it.o(.data)
    num_fu_du                                0x20000022   Data           1  stm32f10x_it.o(.data)
    gao_pin_palus                            0x20000024   Data           4  stm32f10x_it.o(.data)
    vcc_div                                  0x20000028   Data           2  stm32f10x_it.o(.data)
    vpp                                      0x2000002a   Data           2  stm32f10x_it.o(.data)
    ver                                      0x2000002c   Data           4  stm32f10x_it.o(.data)
    hor                                      0x20000030   Data           4  stm32f10x_it.o(.data)
    flag                                     0x20000034   Data           4  stm32f10x_it.o(.data)
    inter                                    0x20000038   Data           4  stm32f10x_it.o(.data)
    flag_mode                                0x2000003c   Data           4  stm32f10x_it.o(.data)
    gain                                     0x20000040   Data           4  stm32f10x_it.o(.data)
    C_dc_ac                                  0x20000044   Data           1  stm32f10x_it.o(.data)
    change_gain                              0x20000045   Data           1  stm32f10x_it.o(.data)
    arr_F                                    0x20000046   Data         143  stm32f10x_it.o(.data)
    arr_V                                    0x200000d5   Data          66  stm32f10x_it.o(.data)
    arr_gain                                 0x20000117   Data          48  stm32f10x_it.o(.data)
    arr_C                                    0x20000147   Data          20  stm32f10x_it.o(.data)
    arr_move                                 0x2000015b   Data          20  stm32f10x_it.o(.data)
    arr_JDQ                                  0x2000016f   Data           6  stm32f10x_it.o(.data)
    gain_num                                 0x20000178   Data          32  stm32f10x_it.o(.data)
    SystemCoreClock                          0x20000198   Data           4  system_stm32f10x.o(.data)
    AHBPrescTable                            0x2000019c   Data          16  system_stm32f10x.o(.data)
    tft_id                                   0x200001c6   Data           2  lcd_driver.o(.data)
    POINT_COLOR                              0x200001c8   Data           2  lcd_driver.o(.data)
    count                                    0x200001cc   Data           4  tim.o(.data)
    frequency                                0x200001d0   Data           4  tim.o(.data)
    index2                                   0x200001d4   Data           2  adc.o(.data)
    index1                                   0x200001d6   Data           2  adc.o(.data)
    flag_change                              0x200001d8   Data           1  adc.o(.data)
    flag_50us                                0x200001d9   Data           1  adc.o(.data)
    inter_b                                  0x200001dc   Data           4  adc.o(.data)
    multiple                                 0x200001e0   Data           4  adc.o(.data)
    mode_hard                                0x200001e4   Data           4  adc.o(.data)
    arr_plot                                 0x200001e8   Data        1000  stm32f10x_it.o(.bss)
    a                                        0x200005d0   Data        1280  adc.o(.bss)
    __libspace_start                         0x20000ad0   Data          96  libspace.o(.bss)
    __temporary_stack_top$libspace           0x20000b30   Data           0  libspace.o(.bss)



==============================================================================

Memory Map of the image

  Image Entry point : 0x08000131

  Load Region LR_IROM1 (Base: 0x08000000, Size: 0x0000719c, Max: 0x00080000, ABSOLUTE, COMPRESSED[0x0000707c])

    Execution Region ER_IROM1 (Base: 0x08000000, Size: 0x00006fb4, Max: 0x00080000, ABSOLUTE)

    Base Addr    Size         Type   Attr      Idx    E Section Name        Object

    0x08000000   0x00000130   Data   RO          264    RESET               startup_stm32f10x_hd.o
    0x08000130   0x00000008   Code   RO          613  * !!!main             c_w.l(__main.o)
    0x08000138   0x00000034   Code   RO          818    !!!scatter          c_w.l(__scatter.o)
    0x0800016c   0x0000005a   Code   RO          816    !!dczerorl2         c_w.l(__dczerorl2.o)
    0x080001c6   0x00000002   PAD
    0x080001c8   0x0000001c   Code   RO          820    !!handler_zi        c_w.l(__scatter_zi.o)
    0x080001e4   0x00000002   Code   RO          687    .ARM.Collect$$libinit$$00000000  c_w.l(libinit.o)
    0x080001e6   0x00000000   Code   RO          694    .ARM.Collect$$libinit$$00000002  c_w.l(libinit2.o)
    0x080001e6   0x00000000   Code   RO          696    .ARM.Collect$$libinit$$00000004  c_w.l(libinit2.o)
    0x080001e6   0x00000000   Code   RO          699    .ARM.Collect$$libinit$$0000000A  c_w.l(libinit2.o)
    0x080001e6   0x00000000   Code   RO          701    .ARM.Collect$$libinit$$0000000C  c_w.l(libinit2.o)
    0x080001e6   0x00000000   Code   RO          703    .ARM.Collect$$libinit$$0000000E  c_w.l(libinit2.o)
    0x080001e6   0x00000000   Code   RO          706    .ARM.Collect$$libinit$$00000011  c_w.l(libinit2.o)
    0x080001e6   0x00000000   Code   RO          708    .ARM.Collect$$libinit$$00000013  c_w.l(libinit2.o)
    0x080001e6   0x00000000   Code   RO          710    .ARM.Collect$$libinit$$00000015  c_w.l(libinit2.o)
    0x080001e6   0x00000000   Code   RO          712    .ARM.Collect$$libinit$$00000017  c_w.l(libinit2.o)
    0x080001e6   0x00000000   Code   RO          714    .ARM.Collect$$libinit$$00000019  c_w.l(libinit2.o)
    0x080001e6   0x00000000   Code   RO          716    .ARM.Collect$$libinit$$0000001B  c_w.l(libinit2.o)
    0x080001e6   0x00000000   Code   RO          718    .ARM.Collect$$libinit$$0000001D  c_w.l(libinit2.o)
    0x080001e6   0x00000000   Code   RO          720    .ARM.Collect$$libinit$$0000001F  c_w.l(libinit2.o)
    0x080001e6   0x00000000   Code   RO          722    .ARM.Collect$$libinit$$00000021  c_w.l(libinit2.o)
    0x080001e6   0x00000000   Code   RO          724    .ARM.Collect$$libinit$$00000023  c_w.l(libinit2.o)
    0x080001e6   0x00000000   Code   RO          726    .ARM.Collect$$libinit$$00000025  c_w.l(libinit2.o)
    0x080001e6   0x00000000   Code   RO          730    .ARM.Collect$$libinit$$0000002C  c_w.l(libinit2.o)
    0x080001e6   0x00000000   Code   RO          732    .ARM.Collect$$libinit$$0000002E  c_w.l(libinit2.o)
    0x080001e6   0x00000000   Code   RO          734    .ARM.Collect$$libinit$$00000030  c_w.l(libinit2.o)
    0x080001e6   0x00000000   Code   RO          736    .ARM.Collect$$libinit$$00000032  c_w.l(libinit2.o)
    0x080001e6   0x00000002   Code   RO          737    .ARM.Collect$$libinit$$00000033  c_w.l(libinit2.o)
    0x080001e8   0x00000002   Code   RO          757    .ARM.Collect$$libshutdown$$00000000  c_w.l(libshutdown.o)
    0x080001ea   0x00000000   Code   RO          771    .ARM.Collect$$libshutdown$$00000003  c_w.l(libshutdown2.o)
    0x080001ea   0x00000000   Code   RO          774    .ARM.Collect$$libshutdown$$00000006  c_w.l(libshutdown2.o)
    0x080001ea   0x00000000   Code   RO          777    .ARM.Collect$$libshutdown$$00000009  c_w.l(libshutdown2.o)
    0x080001ea   0x00000000   Code   RO          779    .ARM.Collect$$libshutdown$$0000000B  c_w.l(libshutdown2.o)
    0x080001ea   0x00000000   Code   RO          782    .ARM.Collect$$libshutdown$$0000000E  c_w.l(libshutdown2.o)
    0x080001ea   0x00000002   Code   RO          783    .ARM.Collect$$libshutdown$$0000000F  c_w.l(libshutdown2.o)
    0x080001ec   0x00000000   Code   RO          651    .ARM.Collect$$rtentry$$00000000  c_w.l(__rtentry.o)
    0x080001ec   0x00000000   Code   RO          664    .ARM.Collect$$rtentry$$00000002  c_w.l(__rtentry2.o)
    0x080001ec   0x00000006   Code   RO          676    .ARM.Collect$$rtentry$$00000004  c_w.l(__rtentry4.o)
    0x080001f2   0x00000000   Code   RO          666    .ARM.Collect$$rtentry$$00000009  c_w.l(__rtentry2.o)
    0x080001f2   0x00000004   Code   RO          667    .ARM.Collect$$rtentry$$0000000A  c_w.l(__rtentry2.o)
    0x080001f6   0x00000000   Code   RO          669    .ARM.Collect$$rtentry$$0000000C  c_w.l(__rtentry2.o)
    0x080001f6   0x00000008   Code   RO          670    .ARM.Collect$$rtentry$$0000000D  c_w.l(__rtentry2.o)
    0x080001fe   0x00000002   Code   RO          691    .ARM.Collect$$rtexit$$00000000  c_w.l(rtexit.o)
    0x08000200   0x00000000   Code   RO          739    .ARM.Collect$$rtexit$$00000002  c_w.l(rtexit2.o)
    0x08000200   0x00000004   Code   RO          740    .ARM.Collect$$rtexit$$00000003  c_w.l(rtexit2.o)
    0x08000204   0x00000006   Code   RO          741    .ARM.Collect$$rtexit$$00000004  c_w.l(rtexit2.o)
    0x0800020a   0x00000002   PAD
    0x0800020c   0x00000cd0   Code   RO            1    .text               main.o
    0x08000edc   0x00000f08   Code   RO          143    .text               stm32f10x_it.o
    0x08001de4   0x000001e0   Code   RO          201    .text               system_stm32f10x.o
    0x08001fc4   0x000000d4   Code   RO          219    .text               delay.o
    0x08002098   0x00000040   Code   RO          265    .text               startup_stm32f10x_hd.o
    0x080020d8   0x000000dc   Code   RO          269    .text               misc.o
    0x080021b4   0x0000035c   Code   RO          281    .text               stm32f10x_gpio.o
    0x08002510   0x000003a4   Code   RO          293    .text               stm32f10x_rcc.o
    0x080028b4   0x00000408   Code   RO          307    .text               stm32f10x_usart.o
    0x08002cbc   0x0000011c   Code   RO          319    .text               stm32f10x_exti.o
    0x08002dd8   0x00000e1a   Code   RO          355    .text               stm32f10x_tim.o
    0x08003bf2   0x00000002   PAD
    0x08003bf4   0x0000060c   Code   RO          367    .text               stm32f10x_fsmc.o
    0x08004200   0x0000044e   Code   RO          415    .text               stm32f10x_adc.o
    0x0800464e   0x00000002   PAD
    0x08004650   0x00000254   Code   RO          439    .text               stm32f10x_dma.o
    0x080048a4   0x000000a4   Code   RO          499    .text               led.o
    0x08004948   0x00000478   Code   RO          512    .text               lcd_driver.o
    0x08004dc0   0x00000434   Code   RO          530    .text               gui.o
    0x080051f4   0x000000f8   Code   RO          564    .text               tim.o
    0x080052ec   0x0000073c   Code   RO          582    .text               adc.o
    0x08005a28   0x00000006   Code   RO          611    .text               c_w.l(heapauxi.o)
    0x08005a2e   0x0000004a   Code   RO          678    .text               c_w.l(sys_stackheap_outer.o)
    0x08005a78   0x0000000c   Code   RO          680    .text               c_w.l(exit.o)
    0x08005a84   0x00000008   Code   RO          688    .text               c_w.l(libspace.o)
    0x08005a8c   0x0000000c   Code   RO          749    .text               c_w.l(sys_exit.o)
    0x08005a98   0x00000002   Code   RO          760    .text               c_w.l(use_no_semi.o)
    0x08005a9a   0x00000000   Code   RO          762    .text               c_w.l(indicate_semi.o)
    0x08005a9a   0x00000002   PAD
    0x08005a9c   0x00000062   Code   RO          615    x$fpl$d2f           fz_ws.l(d2f.o)
    0x08005afe   0x00000002   PAD
    0x08005b00   0x000002b0   Code   RO          618    x$fpl$ddiv          fz_ws.l(ddiv.o)
    0x08005db0   0x00000154   Code   RO          621    x$fpl$dmul          fz_ws.l(dmul.o)
    0x08005f04   0x0000009c   Code   RO          652    x$fpl$dnaninf       fz_ws.l(dnaninf.o)
    0x08005fa0   0x0000000c   Code   RO          654    x$fpl$dretinf       fz_ws.l(dretinf.o)
    0x08005fac   0x00000056   Code   RO          623    x$fpl$f2d           fz_ws.l(f2d.o)
    0x08006002   0x00000002   PAD
    0x08006004   0x000000c4   Code   RO          625    x$fpl$fadd          fz_ws.l(faddsub_clz.o)
    0x080060c8   0x00000018   Code   RO          656    x$fpl$fcmpinf       fz_ws.l(fcmpi.o)
    0x080060e0   0x00000184   Code   RO          632    x$fpl$fdiv          fz_ws.l(fdiv.o)
    0x08006264   0x0000003e   Code   RO          635    x$fpl$ffixu         fz_ws.l(ffixu.o)
    0x080062a2   0x00000002   PAD
    0x080062a4   0x00000030   Code   RO          640    x$fpl$fflt          fz_ws.l(fflt_clz.o)
    0x080062d4   0x00000026   Code   RO          639    x$fpl$ffltu         fz_ws.l(fflt_clz.o)
    0x080062fa   0x00000002   PAD
    0x080062fc   0x00000068   Code   RO          645    x$fpl$fleqf         fz_ws.l(fleqf.o)
    0x08006364   0x00000102   Code   RO          647    x$fpl$fmul          fz_ws.l(fmul.o)
    0x08006466   0x0000008c   Code   RO          658    x$fpl$fnaninf       fz_ws.l(fnaninf.o)
    0x080064f2   0x0000000a   Code   RO          660    x$fpl$fretinf       fz_ws.l(fretinf.o)
    0x080064fc   0x00000062   Code   RO          649    x$fpl$frleqf        fz_ws.l(frleqf.o)
    0x0800655e   0x00000002   PAD
    0x08006560   0x000000ea   Code   RO          627    x$fpl$fsub          fz_ws.l(faddsub_clz.o)
    0x0800664a   0x00000000   Code   RO          662    x$fpl$usenofp       fz_ws.l(usenofp.o)
    0x0800664a   0x00000948   Data   RO          531    .constdata          gui.o
    0x08006f92   0x00000002   PAD
    0x08006f94   0x00000020   Data   RO          814    Region$$Table       anon$$obj.o


    Execution Region RW_IRAM1 (Base: 0x20000000, Size: 0x00001130, Max: 0x00010000, ABSOLUTE, COMPRESSED[0x000000c8])

    Base Addr    Size         Type   Attr      Idx    E Section Name        Object

    0x20000000   0x00000018   Data   RW            2    .data               main.o
    0x20000018   0x00000180   Data   RW          145    .data               stm32f10x_it.o
    0x20000198   0x00000014   Data   RW          202    .data               system_stm32f10x.o
    0x200001ac   0x00000004   Data   RW          220    .data               delay.o
    0x200001b0   0x00000014   Data   RW          294    .data               stm32f10x_rcc.o
    0x200001c4   0x00000001   Data   RW          500    .data               led.o
    0x200001c5   0x00000001   PAD
    0x200001c6   0x00000004   Data   RW          513    .data               lcd_driver.o
    0x200001ca   0x00000002   PAD
    0x200001cc   0x00000008   Data   RW          565    .data               tim.o
    0x200001d4   0x00000014   Data   RW          584    .data               adc.o
    0x200001e8   0x000003e8   Zero   RW          144    .bss                stm32f10x_it.o
    0x200005d0   0x00000500   Zero   RW          583    .bss                adc.o
    0x20000ad0   0x00000060   Zero   RW          689    .bss                c_w.l(libspace.o)
    0x20000b30   0x00000200   Zero   RW          263    HEAP                startup_stm32f10x_hd.o
    0x20000d30   0x00000400   Zero   RW          262    STACK               startup_stm32f10x_hd.o


==============================================================================

Image component sizes


      Code (inc. data)   RO Data    RW Data    ZI Data      Debug   Object Name

      1852        102          0         20       1280       3678   adc.o
         0          0          0          0          0         32   core_cm3.o
       212         18          0          4          0        995   delay.o
      1076         14       2376          0          0       5151   gui.o
      1144         18          0          4          0       2901   lcd_driver.o
       164         10          0          1          0        695   led.o
      3280        186          0         24          0     286138   main.o
       220         22          0          0          0       1777   misc.o
        64         26        304          0       1536        784   startup_stm32f10x_hd.o
      1102         26          0          0          0      10809   stm32f10x_adc.o
       596          8          0          0          0       4302   stm32f10x_dma.o
       284         10          0          0          0       2207   stm32f10x_exti.o
      1548         18          0          0          0       5319   stm32f10x_fsmc.o
       860         38          0          0          0       5621   stm32f10x_gpio.o
      3848        320          0        384       1000     211209   stm32f10x_it.o
       932         36          0         20          0       8776   stm32f10x_rcc.o
      3610         88          0          0          0      22104   stm32f10x_tim.o
      1032         22          0          0          0       8344   stm32f10x_usart.o
       480         38          0         20          0       1703   system_stm32f10x.o
       248         10          0          8          0       1371   tim.o

    ----------------------------------------------------------------------
     22556       1010       2714        488       3816     583916   Object Totals
         0          0         32          0          0          0   (incl. Generated)
         4          0          2          3          0          0   (incl. Padding)

    ----------------------------------------------------------------------

      Code (inc. data)   RO Data    RW Data    ZI Data      Debug   Library Member Name

        90          0          0          0          0          0   __dczerorl2.o
         8          0          0          0          0         68   __main.o
         0          0          0          0          0          0   __rtentry.o
        12          0          0          0          0          0   __rtentry2.o
         6          0          0          0          0          0   __rtentry4.o
        52          8          0          0          0          0   __scatter.o
        28          0          0          0          0          0   __scatter_zi.o
        12          0          0          0          0         72   exit.o
         6          0          0          0          0        152   heapauxi.o
         0          0          0          0          0          0   indicate_semi.o
         2          0          0          0          0          0   libinit.o
         2          0          0          0          0          0   libinit2.o
         2          0          0          0          0          0   libshutdown.o
         2          0          0          0          0          0   libshutdown2.o
         8          4          0          0         96         68   libspace.o
         2          0          0          0          0          0   rtexit.o
        10          0          0          0          0          0   rtexit2.o
        12          4          0          0          0         68   sys_exit.o
        74          0          0          0          0         80   sys_stackheap_outer.o
         2          0          0          0          0         68   use_no_semi.o
        98          4          0          0          0         92   d2f.o
       688        140          0          0          0        208   ddiv.o
       340         12          0          0          0        104   dmul.o
       156          4          0          0          0         92   dnaninf.o
        12          0          0          0          0         68   dretinf.o
        86          4          0          0          0         84   f2d.o
       430          8          0          0          0        168   faddsub_clz.o
        24          0          0          0          0         68   fcmpi.o
       388         76          0          0          0         96   fdiv.o
        62          4          0          0          0         84   ffixu.o
        86          0          0          0          0        136   fflt_clz.o
       104          4          0          0          0         84   fleqf.o
       258          4          0          0          0         84   fmul.o
       140          4          0          0          0         84   fnaninf.o
        10          0          0          0          0         68   fretinf.o
        98          0          0          0          0         68   frleqf.o
         0          0          0          0          0          0   usenofp.o

    ----------------------------------------------------------------------
      3326        280          0          0         96       2164   Library Totals
        16          0          0          0          0          0   (incl. Padding)

    ----------------------------------------------------------------------

      Code (inc. data)   RO Data    RW Data    ZI Data      Debug   Library Name

       330         16          0          0         96        576   c_w.l
      2980        264          0          0          0       1588   fz_ws.l

    ----------------------------------------------------------------------
      3326        280          0          0         96       2164   Library Totals

    ----------------------------------------------------------------------

==============================================================================


      Code (inc. data)   RO Data    RW Data    ZI Data      Debug   

     25882       1290       2714        488       3912     583216   Grand Totals
     25882       1290       2714        200       3912     583216   ELF Image Totals (compressed)
     25882       1290       2714        200          0          0   ROM Totals

==============================================================================

    Total RO  Size (Code + RO Data)                28596 (  27.93kB)
    Total RW  Size (RW Data + ZI Data)              4400 (   4.30kB)
    Total ROM Size (Code + RO Data + RW Data)      28796 (  28.12kB)

==============================================================================

