Component: ARM Compiler 5.05 update 1 (build 106) Tool: armlink [4d0efa]

==============================================================================

Section Cross References

    main.o(.text) refers to stm32f10x_it.o(.text) for lcd_huadian
    main.o(.text) refers to misc.o(.text) for NVIC_PriorityGroupConfig
    main.o(.text) refers to stm32f10x_rcc.o(.text) for RCC_DeInit
    main.o(.text) refers to stm32f10x_gpio.o(.text) for GPIO_Init
    main.o(.text) refers to stm32f10x_exti.o(.text) for EXTI_Init
    main.o(.text) refers to stm32f10x_tim.o(.text) for TIM_ClearITPendingBit
    main.o(.text) refers to delay.o(.text) for delay_init
    main.o(.text) refers to led.o(.text) for led_init
    main.o(.text) refers to lcd_driver.o(.text) for TFT_Init
    main.o(.text) refers to adc.o(.text) for ADC1_Init
    main.o(.text) refers to tim.o(.text) for time_init
    main.o(.text) refers to lcd_driver.o(.data) for POINT_COLOR
    main.o(.text) refers to tim.o(.data) for count
    main.o(.text) refers to main.o(.data) for frequen
    main.o(.text) refers to stm32f10x_it.o(.data) for vpp
    main.o(.text) refers to fflt_clz.o(x$fpl$fflt) for __aeabi_i2f
    main.o(.text) refers to frleqf.o(x$fpl$frleqf) for __aeabi_cfrcmple
    main.o(.text) refers to fleqf.o(x$fpl$fleqf) for __aeabi_cfcmple
    main.o(.text) refers to ffixu.o(x$fpl$ffixu) for __aeabi_f2uiz
    main.o(.text) refers to gui.o(.text) for GUI_Show12ASCII
    main.o(.text) refers to adc.o(.data) for index
    main.o(.text) refers to adc.o(.bss) for a
    stm32f10x_it.o(.text) refers to stm32f10x_gpio.o(.text) for GPIO_ResetBits
    stm32f10x_it.o(.text) refers to gui.o(.text) for GUI_Dot
    stm32f10x_it.o(.text) refers to lcd_driver.o(.text) for TFT_ClearScreen
    stm32f10x_it.o(.text) refers to lcd_driver.o(.data) for POINT_COLOR
    stm32f10x_it.o(.text) refers to stm32f10x_exti.o(.text) for EXTI_Init
    stm32f10x_it.o(.text) refers to delay.o(.text) for delay_ms
    stm32f10x_it.o(.text) refers to stm32f10x_tim.o(.text) for TIM_GetITStatus
    stm32f10x_it.o(.text) refers to dflt_clz.o(x$fpl$dfltu) for __aeabi_ui2d
    stm32f10x_it.o(.text) refers to dmul.o(x$fpl$dmul) for __aeabi_dmul
    stm32f10x_it.o(.text) refers to stm32f10x_it.o(.data) for arr_V
    stm32f10x_it.o(.text) refers to tim.o(.data) for count
    stm32f10x_it.o(.text) refers to daddsub_clz.o(x$fpl$dsub) for __aeabi_dsub
    stm32f10x_it.o(.text) refers to dfixu.o(x$fpl$dfixu) for __aeabi_d2uiz
    system_stm32f10x.o(.text) refers to system_stm32f10x.o(.data) for SystemCoreClock
    delay.o(.text) refers to misc.o(.text) for SysTick_CLKSourceConfig
    delay.o(.text) refers to system_stm32f10x.o(.data) for SystemCoreClock
    delay.o(.text) refers to delay.o(.data) for fac_us
    sys.o(.text) refers to misc.o(.text) for NVIC_PriorityGroupConfig
    usart.o(.text) refers (Special) to use_no_semi_2.o(.text) for __use_no_semihosting
    usart.o(.text) refers to stm32f10x_rcc.o(.text) for RCC_APB2PeriphClockCmd
    usart.o(.text) refers to stm32f10x_gpio.o(.text) for GPIO_Init
    usart.o(.text) refers to misc.o(.text) for NVIC_Init
    usart.o(.text) refers to stm32f10x_usart.o(.text) for USART_Init
    usart.o(.text) refers to usart.o(.data) for USART_RX_STA
    usart.o(.text) refers to usart.o(.bss) for USART_RX_BUF
    usart.o(.bss) refers (Special) to use_no_semi_2.o(.text) for __use_no_semihosting
    usart.o(.data) refers (Special) to use_no_semi_2.o(.text) for __use_no_semihosting
    startup_stm32f10x_hd.o(STACK) refers (Special) to heapauxi.o(.text) for __use_two_region_memory
    startup_stm32f10x_hd.o(HEAP) refers (Special) to heapauxi.o(.text) for __use_two_region_memory
    startup_stm32f10x_hd.o(RESET) refers (Special) to heapauxi.o(.text) for __use_two_region_memory
    startup_stm32f10x_hd.o(RESET) refers to startup_stm32f10x_hd.o(STACK) for __initial_sp
    startup_stm32f10x_hd.o(RESET) refers to startup_stm32f10x_hd.o(.text) for Reset_Handler
    startup_stm32f10x_hd.o(RESET) refers to stm32f10x_it.o(.text) for EXTI0_IRQHandler
    startup_stm32f10x_hd.o(RESET) refers to main.o(.text) for EXTI2_IRQHandler
    startup_stm32f10x_hd.o(RESET) refers to usart.o(.text) for USART1_IRQHandler
    startup_stm32f10x_hd.o(.text) refers (Special) to heapauxi.o(.text) for __use_two_region_memory
    startup_stm32f10x_hd.o(.text) refers to system_stm32f10x.o(.text) for SystemInit
    startup_stm32f10x_hd.o(.text) refers to __main.o(!!!main) for __main
    startup_stm32f10x_hd.o(.text) refers to startup_stm32f10x_hd.o(HEAP) for Heap_Mem
    startup_stm32f10x_hd.o(.text) refers to startup_stm32f10x_hd.o(STACK) for Stack_Mem
    stm32f10x_gpio.o(.text) refers to stm32f10x_rcc.o(.text) for RCC_APB2PeriphResetCmd
    stm32f10x_rcc.o(.text) refers to stm32f10x_rcc.o(.data) for APBAHBPrescTable
    stm32f10x_usart.o(.text) refers to stm32f10x_rcc.o(.text) for RCC_APB2PeriphResetCmd
    stm32f10x_wwdg.o(.text) refers to stm32f10x_rcc.o(.text) for RCC_APB1PeriphResetCmd
[...]
    Removing stm32f10x_iwdg.o(.text), (64 bytes).
    Removing stm32f10x_wwdg.o(.text), (136 bytes).
    Removing stm32f10x_bkp.o(.text), (196 bytes).
    Removing stm32f10x_rtc.o(.text), (328 bytes).
    Removing stm32f10x_pwr.o(.text), (204 bytes).
    Removing stm32f10x_dac.o(.text), (396 bytes).
    Removing stm32f10x_spi.o(.text), (780 bytes).
    Removing stm32f10x_can.o(.text), (2544 bytes).
    Removing stm32f10x_flash.o(.text), (1468 bytes).
    Removing stm32f10x_sdio.o(.text), (468 bytes).
    Removing button.o(.text), (256 bytes).
    Removing button.o(.data), (1 bytes).

14 unused section(s) (total 6885 bytes) removed from the image.

==============================================================================

Image Symbol Table

    Local Symbols

    Symbol Name                              Value     Ov Type        Size  Object(Section)

    ../clib/angel/boardlib.s                 0x00000000   Number         0  boardshut.o ABSOLUTE
    ../clib/angel/boardlib.s                 0x00000000   Number         0  boardinit1.o ABSOLUTE
    ../clib/angel/boardlib.s                 0x00000000   Number         0  boardinit2.o ABSOLUTE
    ../clib/angel/boardlib.s                 0x00000000   Number         0  boardinit3.o ABSOLUTE
    ../clib/angel/dczerorl2.s                0x00000000   Number         0  __dczerorl2.o ABSOLUTE
    ../clib/angel/handlers.s                 0x00000000   Number         0  __scatter_zi.o ABSOLUTE
    ../clib/angel/kernel.s                   0x00000000   Number         0  rtexit.o ABSOLUTE
    ../clib/angel/kernel.s                   0x00000000   Number         0  rtexit2.o ABSOLUTE
    ../clib/angel/kernel.s                   0x00000000   Number         0  __rtentry.o ABSOLUTE
    ../clib/angel/kernel.s                   0x00000000   Number         0  __rtentry2.o ABSOLUTE
    ../clib/angel/kernel.s                   0x00000000   Number         0  __rtentry4.o ABSOLUTE
    ../clib/angel/rt.s                       0x00000000   Number         0  rt_raise.o ABSOLUTE
    ../clib/angel/scatter.s                  0x00000000   Number         0  __scatter.o ABSOLUTE
    ../clib/angel/startup.s                  0x00000000   Number         0  __main.o ABSOLUTE
    ../clib/angel/sys.s                      0x00000000   Number         0  libspace.o ABSOLUTE
    ../clib/angel/sys.s                      0x00000000   Number         0  use_no_semi.o ABSOLUTE
    ../clib/angel/sys.s                      0x00000000   Number         0  use_no_semi_2.o ABSOLUTE
    ../clib/angel/sys.s                      0x00000000   Number         0  indicate_semi.o ABSOLUTE
    ../clib/angel/sys.s                      0x00000000   Number         0  sys_stackheap_outer.o ABSOLUTE
    ../clib/angel/sysapp.c                   0x00000000   Number         0  sys_wrch.o ABSOLUTE
    ../clib/angel/sysapp.c                   0x00000000   Number         0  sys_command.o ABSOLUTE
    ../clib/armsys.c                         0x00000000   Number         0  no_argv.o ABSOLUTE
    ../clib/armsys.c                         0x00000000   Number         0  _get_argv_nomalloc.o ABSOLUTE
    ../clib/armsys.c                         0x00000000   Number         0  argv_veneer.o ABSOLUTE
    ../clib/armsys.c                         0x00000000   Number         0  argv_veneer.o ABSOLUTE
    ../clib/heapalloc.c                      0x00000000   Number         0  hrguard.o ABSOLUTE
    ../clib/heapaux.c                        0x00000000   Number         0  heapauxi.o ABSOLUTE
    ../clib/libinit.s                        0x00000000   Number         0  libshutdown.o ABSOLUTE
    ../clib/libinit.s                        0x00000000   Number         0  libinit2.o ABSOLUTE
    ../clib/libinit.s                        0x00000000   Number         0  libshutdown2.o ABSOLUTE
    ../clib/libinit.s                        0x00000000   Number         0  libinit.o ABSOLUTE
    ../clib/signal.c                         0x00000000   Number         0  defsig_general.o ABSOLUTE
    ../clib/signal.c                         0x00000000   Number         0  defsig_other.o ABSOLUTE
    ../clib/signal.c                         0x00000000   Number         0  defsig_segv_inner.o ABSOLUTE
    ../clib/signal.c                         0x00000000   Number         0  defsig_rtmem_inner.o ABSOLUTE
    ../clib/signal.c                         0x00000000   Number         0  defsig_cppl_inner.o ABSOLUTE
    ../clib/signal.c                         0x00000000   Number         0  defsig_pvfn_inner.o ABSOLUTE
    ../clib/signal.c                         0x00000000   Number         0  defsig_stak_inner.o ABSOLUTE
    ../clib/signal.c                         0x00000000   Number         0  defsig_rtred_inner.o ABSOLUTE
    ../clib/signal.c                         0x00000000   Number         0  defsig_exit.o ABSOLUTE
    ../clib/signal.c                         0x00000000   Number         0  defsig_fpe_inner.o ABSOLUTE
    ../clib/signal.c                         0x00000000   Number         0  defsig_abrt_inner.o ABSOLUTE
    ../clib/signal.c                         0x00000000   Number         0  defsig_rtmem_outer.o ABSOLUTE
    ../clib/signal.c                         0x00000000   Number         0  defsig_rtmem_formal.o ABSOLUTE
    ../clib/signal.c                         0x00000000   Number         0  __raise.o ABSOLUTE
    ../clib/signal.s                         0x00000000   Number         0  defsig.o ABSOLUTE
    ../clib/stdlib.c                         0x00000000   Number         0  exit.o ABSOLUTE
    ../fplib/d2f.s                           0x00000000   Number         0  d2f.o ABSOLUTE
    ../fplib/daddsub.s                       0x00000000   Number         0  daddsub_clz.o ABSOLUTE
    ../fplib/dfixu.s                         0x00000000   Number         0  dfixu.o ABSOLUTE
    ../fplib/dflt.s                          0x00000000   Number         0  dflt_clz.o ABSOLUTE
    ../fplib/dmul.s                          0x00000000   Number         0  dmul.o ABSOLUTE
    ../fplib/dnaninf.s                       0x00000000   Number         0  dnaninf.o ABSOLUTE
    ../fplib/dretinf.s                       0x00000000   Number         0  dretinf.o ABSOLUTE
    ../fplib/f2d.s                           0x00000000   Number         0  f2d.o ABSOLUTE
    ../fplib/fcmpi.s                         0x00000000   Number         0  fcmpi.o ABSOLUTE
    ../fplib/ffixu.s                         0x00000000   Number         0  ffixu.o ABSOLUTE
    ../fplib/fflt.s                          0x00000000   Number         0  fflt_clz.o ABSOLUTE
    ../fplib/fleqf.s                         0x00000000   Number         0  fleqf.o ABSOLUTE
    ../fplib/fnaninf.s                       0x00000000   Number         0  fnaninf.o ABSOLUTE
    ../fplib/fpinit.s                        0x00000000   Number         0  fpinit.o ABSOLUTE
    ../fplib/fretinf.s                       0x00000000   Number         0  fretinf.o ABSOLUTE
    ../fplib/frleqf.s                        0x00000000   Number         0  frleqf.o ABSOLUTE
    ../fplib/usenofp.s                       0x00000000   Number         0  usenofp.o ABSOLUTE
    ..\SYSTEM\delay\delay.c                  0x00000000   Number         0  delay.o ABSOLUTE
    ..\SYSTEM\sys\sys.c                      0x00000000   Number         0  sys.o ABSOLUTE
    ..\SYSTEM\usart\usart.c                  0x00000000   Number         0  usart.o ABSOLUTE
    ..\\core\\core_cm3.c                     0x00000000   Number         0  core_cm3.o ABSOLUTE
    ..\app\adc\adc.c                         0x00000000   Number         0  adc.o ABSOLUTE
    ..\app\button\button.c                   0x00000000   Number         0  button.o ABSOLUTE
    ..\app\gui\gui.c                         0x00000000   Number         0  gui.o ABSOLUTE
    ..\app\lcd\lcd_driver.c                  0x00000000   Number         0  lcd_driver.o ABSOLUTE
    ..\app\led\led.c                         0x00000000   Number         0  led.o ABSOLUTE
    ..\app\tim\tim.c                         0x00000000   Number         0  tim.o ABSOLUTE
    ..\core\core_cm3.c                       0x00000000   Number         0  core_cm3.o ABSOLUTE
    ..\core\startup_stm32f10x_hd.s           0x00000000   Number         0  startup_stm32f10x_hd.o ABSOLUTE
    ..\stm32f10x_fwlib\src\misc.c            0x00000000   Number         0  misc.o ABSOLUTE
    ..\stm32f10x_fwlib\src\stm32f10x_adc.c   0x00000000   Number         0  stm32f10x_adc.o ABSOLUTE
    ..\stm32f10x_fwlib\src\stm32f10x_bkp.c   0x00000000   Number         0  stm32f10x_bkp.o ABSOLUTE
    ..\stm32f10x_fwlib\src\stm32f10x_can.c   0x00000000   Number         0  stm32f10x_can.o ABSOLUTE
    ..\stm32f10x_fwlib\src\stm32f10x_dac.c   0x00000000   Number         0  stm32f10x_dac.o ABSOLUTE
    ..\stm32f10x_fwlib\src\stm32f10x_dma.c   0x00000000   Number         0  stm32f10x_dma.o ABSOLUTE
    ..\stm32f10x_fwlib\src\stm32f10x_exti.c  0x00000000   Number         0  stm32f10x_exti.o ABSOLUTE
    ..\stm32f10x_fwlib\src\stm32f10x_flash.c 0x00000000   Number         0  stm32f10x_flash.o ABSOLUTE
    ..\stm32f10x_fwlib\src\stm32f10x_fsmc.c  0x00000000   Number         0  stm32f10x_fsmc.o ABSOLUTE
    ..\stm32f10x_fwlib\src\stm32f10x_gpio.c  0x00000000   Number         0  stm32f10x_gpio.o ABSOLUTE
    ..\stm32f10x_fwlib\src\stm32f10x_iwdg.c  0x00000000   Number         0  stm32f10x_iwdg.o ABSOLUTE
    ..\stm32f10x_fwlib\src\stm32f10x_pwr.c   0x00000000   Number         0  stm32f10x_pwr.o ABSOLUTE
    ..\stm32f10x_fwlib\src\stm32f10x_rcc.c   0x00000000   Number         0  stm32f10x_rcc.o ABSOLUTE
    ..\stm32f10x_fwlib\src\stm32f10x_rtc.c   0x00000000   Number         0  stm32f10x_rtc.o ABSOLUTE
    ..\stm32f10x_fwlib\src\stm32f10x_sdio.c  0x00000000   Number         0  stm32f10x_sdio.o ABSOLUTE
    ..\stm32f10x_fwlib\src\stm32f10x_spi.c   0x00000000   Number         0  stm32f10x_spi.o ABSOLUTE
    ..\stm32f10x_fwlib\src\stm32f10x_tim.c   0x00000000   Number         0  stm32f10x_tim.o ABSOLUTE
    ..\stm32f10x_fwlib\src\stm32f10x_usart.c 0x00000000   Number         0  stm32f10x_usart.o ABSOLUTE
    ..\stm32f10x_fwlib\src\stm32f10x_wwdg.c  0x00000000   Number         0  stm32f10x_wwdg.o ABSOLUTE
    dc.s                                     0x00000000   Number         0  dc.o ABSOLUTE
    main.c                                   0x00000000   Number         0  main.o ABSOLUTE
    stm32f10x_it.c                           0x00000000   Number         0  stm32f10x_it.o ABSOLUTE
    system_stm32f10x.c                       0x00000000   Number         0  system_stm32f10x.o ABSOLUTE
    RESET                                    0x08000000   Section      304  startup_stm32f10x_hd.o(RESET)
    !!!main                                  0x08000130   Section        8  __main.o(!!!main)
    !!!scatter                               0x08000138   Section       52  __scatter.o(!!!scatter)
    !!dczerorl2                              0x0800016c   Section       90  __dczerorl2.o(!!dczerorl2)
    !!handler_zi                             0x080001c8   Section       28  __scatter_zi.o(!!handler_zi)
    .ARM.Collect$$libinit$$00000000          0x080001e4   Section        2  libinit.o(.ARM.Collect$$libinit$$00000000)
    .ARM.Collect$$libinit$$00000002          0x080001e6   Section        0  libinit2.o(.ARM.Collect$$libinit$$00000002)
    .ARM.Collect$$libinit$$00000004          0x080001e6   Section        0  libinit2.o(.ARM.Collect$$libinit$$00000004)
    .ARM.Collect$$libinit$$0000000A          0x080001e6   Section        0  libinit2.o(.ARM.Collect$$libinit$$0000000A)
    .ARM.Collect$$libinit$$0000000C          0x080001e6   Section        0  libinit2.o(.ARM.Collect$$libinit$$0000000C)
    .ARM.Collect$$libinit$$0000000E          0x080001e6   Section        0  libinit2.o(.ARM.Collect$$libinit$$0000000E)
    .ARM.Collect$$libinit$$00000011          0x080001e6   Section        0  libinit2.o(.ARM.Collect$$libinit$$00000011)
    .ARM.Collect$$libinit$$00000013          0x080001e6   Section        0  libinit2.o(.ARM.Collect$$libinit$$00000013)
    .ARM.Collect$$libinit$$00000015          0x080001e6   Section        0  libinit2.o(.ARM.Collect$$libinit$$00000015)
    .ARM.Collect$$libinit$$00000017          0x080001e6   Section        0  libinit2.o(.ARM.Collect$$libinit$$00000017)
    .ARM.Collect$$libinit$$00000019          0x080001e6   Section        0  libinit2.o(.ARM.Collect$$libinit$$00000019)
    .ARM.Collect$$libinit$$0000001B          0x080001e6   Section        0  libinit2.o(.ARM.Collect$$libinit$$0000001B)
    .ARM.Collect$$libinit$$0000001D          0x080001e6   Section        0  libinit2.o(.ARM.Collect$$libinit$$0000001D)
    .ARM.Collect$$libinit$$0000001F          0x080001e6   Section        0  libinit2.o(.ARM.Collect$$libinit$$0000001F)
    .ARM.Collect$$libinit$$00000021          0x080001e6   Section        0  libinit2.o(.ARM.Collect$$libinit$$00000021)
    .ARM.Collect$$libinit$$00000023          0x080001e6   Section        0  libinit2.o(.ARM.Collect$$libinit$$00000023)
    .ARM.Collect$$libinit$$00000025          0x080001e6   Section        0  libinit2.o(.ARM.Collect$$libinit$$00000025)
    .ARM.Collect$$libinit$$0000002C          0x080001e6   Section        0  libinit2.o(.ARM.Collect$$libinit$$0000002C)
    .ARM.Collect$$libinit$$0000002E          0x080001e6   Section        0  libinit2.o(.ARM.Collect$$libinit$$0000002E)
    .ARM.Collect$$libinit$$00000030          0x080001e6   Section        0  libinit2.o(.ARM.Collect$$libinit$$00000030)
    .ARM.Collect$$libinit$$00000032          0x080001e6   Section        0  libinit2.o(.ARM.Collect$$libinit$$00000032)
    .ARM.Collect$$libinit$$00000033          0x080001e6   Section        2  libinit2.o(.ARM.Collect$$libinit$$00000033)
    .ARM.Collect$$libshutdown$$00000000      0x080001e8   Section        2  libshutdown.o(.ARM.Collect$$libshutdown$$00000000)
    .ARM.Collect$$libshutdown$$00000003      0x080001ea   Section        0  libshutdown2.o(.ARM.Collect$$libshutdown$$00000003)
    .ARM.Collect$$libshutdown$$00000006      0x080001ea   Section        0  libshutdown2.o(.ARM.Collect$$libshutdown$$00000006)
    .ARM.Collect$$libshutdown$$00000009      0x080001ea   Section        0  libshutdown2.o(.ARM.Collect$$libshutdown$$00000009)
    .ARM.Collect$$libshutdown$$0000000B      0x080001ea   Section        0  libshutdown2.o(.ARM.Collect$$libshutdown$$0000000B)
    .ARM.Collect$$libshutdown$$0000000E      0x080001ea   Section        0  libshutdown2.o(.ARM.Collect$$libshutdown$$0000000E)
    .ARM.Collect$$libshutdown$$0000000F      0x080001ea   Section        2  libshutdown2.o(.ARM.Collect$$libshutdown$$0000000F)
    .ARM.Collect$$rtentry$$00000000          0x080001ec   Section        0  __rtentry.o(.ARM.Collect$$rtentry$$00000000)
    .ARM.Collect$$rtentry$$00000002          0x080001ec   Section        0  __rtentry2.o(.ARM.Collect$$rtentry$$00000002)
    .ARM.Collect$$rtentry$$00000004          0x080001ec   Section        6  __rtentry4.o(.ARM.Collect$$rtentry$$00000004)
    .ARM.Collect$$rtentry$$00000009          0x080001f2   Section        0  __rtentry2.o(.ARM.Collect$$rtentry$$00000009)
    .ARM.Collect$$rtentry$$0000000A          0x080001f2   Section        4  __rtentry2.o(.ARM.Collect$$rtentry$$0000000A)
    .ARM.Collect$$rtentry$$0000000C          0x080001f6   Section        0  __rtentry2.o(.ARM.Collect$$rtentry$$0000000C)
    .ARM.Collect$$rtentry$$0000000D          0x080001f6   Section        8  __rtentry2.o(.ARM.Collect$$rtentry$$0000000D)
    .ARM.Collect$$rtexit$$00000000           0x080001fe   Section        2  rtexit.o(.ARM.Collect$$rtexit$$00000000)
    .ARM.Collect$$rtexit$$00000002           0x08000200   Section        0  rtexit2.o(.ARM.Collect$$rtexit$$00000002)
    .ARM.Collect$$rtexit$$00000003           0x08000200   Section        4  rtexit2.o(.ARM.Collect$$rtexit$$00000003)
    .ARM.Collect$$rtexit$$00000004           0x08000204   Section        6  rtexit2.o(.ARM.Collect$$rtexit$$00000004)
    .text                                    0x0800020c   Section        0  main.o(.text)
    .text                                    0x0800096c   Section        0  stm32f10x_it.o(.text)
    .text                                    0x080013bc   Section        0  system_stm32f10x.o(.text)
    SetSysClockTo72                          0x080013bd   Thumb Code   214  system_stm32f10x.o(.text)
    SetSysClock                              0x08001493   Thumb Code     8  system_stm32f10x.o(.text)
    .text                                    0x0800159c   Section        0  delay.o(.text)
    .text                                    0x08001670   Section        0  usart.o(.text)
    .text                                    0x080017b0   Section       64  startup_stm32f10x_hd.o(.text)
    .text                                    0x080017f0   Section        0  misc.o(.text)
    .text                                    0x080018cc   Section        0  stm32f10x_gpio.o(.text)
    .text                                    0x08001c28   Section        0  stm32f10x_rcc.o(.text)
    .text                                    0x08001fcc   Section        0  stm32f10x_usart.o(.text)
    .text                                    0x080023d4   Section        0  stm32f10x_exti.o(.text)
    .text                                    0x080024f0   Section        0  stm32f10x_tim.o(.text)
    TI4_Config                               0x08002997   Thumb Code   130  stm32f10x_tim.o(.text)
    TI3_Config                               0x08002a2b   Thumb Code   122  stm32f10x_tim.o(.text)
    TI2_Config                               0x08002abf   Thumb Code   130  stm32f10x_tim.o(.text)
    TI1_Config                               0x08002b53   Thumb Code   108  stm32f10x_tim.o(.text)
    .text                                    0x0800330c   Section        0  stm32f10x_fsmc.o(.text)
    .text                                    0x08003918   Section        0  stm32f10x_adc.o(.text)
    .text                                    0x08003d68   Section        0  stm32f10x_dma.o(.text)
    .text                                    0x08003fbc   Section        0  led.o(.text)
    .text                                    0x08004060   Section        0  lcd_driver.o(.text)
    .text                                    0x080044d8   Section        0  gui.o(.text)
    .text                                    0x0800490c   Section        0  tim.o(.text)
    .text                                    0x08004a04   Section        0  adc.o(.text)
    .text                                    0x08004c0c   Section        2  use_no_semi_2.o(.text)
    .text                                    0x08004c0e   Section        0  heapauxi.o(.text)
    .text                                    0x08004c14   Section        2  use_no_semi.o(.text)
    .text                                    0x08004c16   Section       74  sys_stackheap_outer.o(.text)
    .text                                    0x08004c60   Section        0  exit.o(.text)
    .text                                    0x08004c6c   Section        8  libspace.o(.text)
    x$fpl$d2f                                0x08004c74   Section       98  d2f.o(x$fpl$d2f)
    x$fpl$dadd                               0x08004cd8   Section      336  daddsub_clz.o(x$fpl$dadd)
    _dadd1                                   0x08004ce9   Thumb Code     0  daddsub_clz.o(x$fpl$dadd)
    x$fpl$dfixu                              0x08004e28   Section       90  dfixu.o(x$fpl$dfixu)
    x$fpl$dfltu                              0x08004e82   Section       38  dflt_clz.o(x$fpl$dfltu)
    x$fpl$dmul                               0x08004ea8   Section      340  dmul.o(x$fpl$dmul)
    x$fpl$dnaninf                            0x08004ffc   Section      156  dnaninf.o(x$fpl$dnaninf)
    x$fpl$dretinf                            0x08005098   Section       12  dretinf.o(x$fpl$dretinf)
    x$fpl$dsub                               0x080050a4   Section      468  daddsub_clz.o(x$fpl$dsub)
    _dsub1                                   0x080050b5   Thumb Code     0  daddsub_clz.o(x$fpl$dsub)
    x$fpl$f2d                                0x08005278   Section       86  f2d.o(x$fpl$f2d)
    x$fpl$fcmpinf                            0x080052ce   Section       24  fcmpi.o(x$fpl$fcmpinf)
    x$fpl$ffixu                              0x080052e8   Section       62  ffixu.o(x$fpl$ffixu)
    x$fpl$fflt                               0x08005328   Section       48  fflt_clz.o(x$fpl$fflt)
    x$fpl$ffltu                              0x08005358   Section       38  fflt_clz.o(x$fpl$ffltu)
    x$fpl$fleqf                              0x08005380   Section      104  fleqf.o(x$fpl$fleqf)
    x$fpl$fnaninf                            0x080053e8   Section      140  fnaninf.o(x$fpl$fnaninf)
    x$fpl$fretinf                            0x08005474   Section       10  fretinf.o(x$fpl$fretinf)
    x$fpl$frleqf                             0x0800547e   Section       98  frleqf.o(x$fpl$frleqf)
    .constdata                               0x080054e0   Section     2376  gui.o(.constdata)
    x$fpl$usenofp                            0x080054e0   Section        0  usenofp.o(x$fpl$usenofp)
    .data                                    0x20000000   Section       24  main.o(.data)
    .data                                    0x20000018   Section      239  stm32f10x_it.o(.data)
    arr_F                                    0x2000002c   Data         143  stm32f10x_it.o(.data)
    arr_V                                    0x200000bb   Data          66  stm32f10x_it.o(.data)
    .data                                    0x20000108   Section       20  system_stm32f10x.o(.data)
    .data                                    0x2000011c   Section        4  delay.o(.data)
    fac_us                                   0x2000011c   Data           1  delay.o(.data)
    fac_ms                                   0x2000011e   Data           2  delay.o(.data)
    .data                                    0x20000120   Section        6  usart.o(.data)
    .data                                    0x20000126   Section       20  stm32f10x_rcc.o(.data)
    APBAHBPrescTable                         0x20000126   Data          16  stm32f10x_rcc.o(.data)
    ADCPrescTable                            0x20000136   Data           4  stm32f10x_rcc.o(.data)
    .data                                    0x2000013a   Section        1  led.o(.data)
    i                                        0x2000013a   Data           1  led.o(.data)
    .data                                    0x2000013c   Section        4  lcd_driver.o(.data)
    .data                                    0x20000140   Section        8  tim.o(.data)
    .data                                    0x20000148   Section        4  adc.o(.data)
    .bss                                     0x2000014c   Section      200  usart.o(.bss)
    .bss                                     0x20000214   Section     1280  adc.o(.bss)
    .bss                                     0x20000714   Section       96  libspace.o(.bss)
    HEAP                                     0x20000778   Section      512  startup_stm32f10x_hd.o(HEAP)
    Heap_Mem                                 0x20000778   Data         512  startup_stm32f10x_hd.o(HEAP)
    STACK                                    0x20000978   Section     1024  startup_stm32f10x_hd.o(STACK)
    Stack_Mem                                0x20000978   Data        1024  startup_stm32f10x_hd.o(STACK)
    __initial_sp                             0x20000d78   Data           0  startup_stm32f10x_hd.o(STACK)

    Global Symbols

    Symbol Name                              Value     Ov Type        Size  Object(Section)

    BuildAttributes$$THM_ISAv4$P$D$K$B$S$PE$A:L22UL41UL21$X:L11$S22US41US21$IEEE1$IW$USESV6$~STKCKD$USESV7$~SHL$OSPACE$ROPI$EBA8$UX$STANDARDLIB$REQ8$PRES8$EABIv2 0x00000000   Number         0  anon$$obj.o ABSOLUTE
    __ARM_use_no_argv                        0x00000000   Number         0  main.o ABSOLUTE
    __ARM_exceptions_init                     - Undefined Weak Reference
    __alloca_initialize                       - Undefined Weak Reference
    __arm_preinit_                            - Undefined Weak Reference
    __cpp_initialize__aeabi_                  - Undefined Weak Reference
    __cxa_finalize                            - Undefined Weak Reference
    __rt_locale                               - Undefined Weak Reference
    __sigvec_lookup                           - Undefined Weak Reference
    _atexit_init                              - Undefined Weak Reference
    _call_atexit_fns                          - Undefined Weak Reference
    _clock_init                               - Undefined Weak Reference
    _fp_trap_init                             - Undefined Weak Reference
    _fp_trap_shutdown                         - Undefined Weak Reference
    _get_lc_collate                           - Undefined Weak Reference
    _get_lc_ctype                             - Undefined Weak Reference
    _get_lc_monetary                          - Undefined Weak Reference
    _get_lc_numeric                           - Undefined Weak Reference
    _get_lc_time                              - Undefined Weak Reference
    _getenv_init                              - Undefined Weak Reference
    _handle_redirection                       - Undefined Weak Reference
    _init_alloc                               - Undefined Weak Reference
    _init_user_alloc                          - Undefined Weak Reference
    _initio                                   - Undefined Weak Reference
    _rand_init                                - Undefined Weak Reference
    _signal_finish                            - Undefined Weak Reference
    _signal_init                              - Undefined Weak Reference
    _terminate_alloc                          - Undefined Weak Reference
    _terminate_user_alloc                     - Undefined Weak Reference
    _terminateio                              - Undefined Weak Reference
    __Vectors_Size                           0x00000130   Number         0  startup_stm32f10x_hd.o ABSOLUTE
    __Vectors                                0x08000000   Data           4  startup_stm32f10x_hd.o(RESET)
    __Vectors_End                            0x08000130   Data           0  startup_stm32f10x_hd.o(RESET)
    __main                                   0x08000131   Thumb Code     8  __main.o(!!!main)
    __scatterload                            0x08000139   Thumb Code     0  __scatter.o(!!!scatter)
    __scatterload_rt2                        0x08000139   Thumb Code    44  __scatter.o(!!!scatter)
    __scatterload_rt2_thumb_only             0x08000139   Thumb Code     0  __scatter.o(!!!scatter)
    __scatterload_null                       0x08000147   Thumb Code     0  __scatter.o(!!!scatter)
    __decompress                             0x0800016d   Thumb Code    90  __dczerorl2.o(!!dczerorl2)
    __decompress1                            0x0800016d   Thumb Code     0  __dczerorl2.o(!!dczerorl2)
    __scatterload_zeroinit                   0x080001c9   Thumb Code    28  __scatter_zi.o(!!handler_zi)
    __rt_lib_init                            0x080001e5   Thumb Code     0  libinit.o(.ARM.Collect$$libinit$$00000000)
    __rt_lib_init_alloca_1                   0x080001e7   Thumb Code     0  libinit2.o(.ARM.Collect$$libinit$$0000002E)
    __rt_lib_init_argv_1                     0x080001e7   Thumb Code     0  libinit2.o(.ARM.Collect$$libinit$$0000002C)
    __rt_lib_init_atexit_1                   0x080001e7   Thumb Code     0  libinit2.o(.ARM.Collect$$libinit$$0000001B)
    __rt_lib_init_clock_1                    0x080001e7   Thumb Code     0  libinit2.o(.ARM.Collect$$libinit$$00000021)
    __rt_lib_init_cpp_1                      0x080001e7   Thumb Code     0  libinit2.o(.ARM.Collect$$libinit$$00000032)
    __rt_lib_init_exceptions_1               0x080001e7   Thumb Code     0  libinit2.o(.ARM.Collect$$libinit$$00000030)
    __rt_lib_init_fp_1                       0x080001e7   Thumb Code     0  libinit2.o(.ARM.Collect$$libinit$$00000002)
    __rt_lib_init_fp_trap_1                  0x080001e7   Thumb Code     0  libinit2.o(.ARM.Collect$$libinit$$0000001F)
    __rt_lib_init_getenv_1                   0x080001e7   Thumb Code     0  libinit2.o(.ARM.Collect$$libinit$$00000023)
    __rt_lib_init_heap_1                     0x080001e7   Thumb Code     0  libinit2.o(.ARM.Collect$$libinit$$0000000A)
    __rt_lib_init_lc_collate_1               0x080001e7   Thumb Code     0  libinit2.o(.ARM.Collect$$libinit$$00000011)
    __rt_lib_init_lc_ctype_1                 0x080001e7   Thumb Code     0  libinit2.o(.ARM.Collect$$libinit$$00000013)
    __rt_lib_init_lc_monetary_1              0x080001e7   Thumb Code     0  libinit2.o(.ARM.Collect$$libinit$$00000015)
    __rt_lib_init_lc_numeric_1               0x080001e7   Thumb Code     0  libinit2.o(.ARM.Collect$$libinit$$00000017)
    __rt_lib_init_lc_time_1                  0x080001e7   Thumb Code     0  libinit2.o(.ARM.Collect$$libinit$$00000019)
    __rt_lib_init_preinit_1                  0x080001e7   Thumb Code     0  libinit2.o(.ARM.Collect$$libinit$$00000004)
    __rt_lib_init_rand_1                     0x080001e7   Thumb Code     0  libinit2.o(.ARM.Collect$$libinit$$0000000E)
    __rt_lib_init_return                     0x080001e7   Thumb Code     0  libinit2.o(.ARM.Collect$$libinit$$00000033)
    __rt_lib_init_signal_1                   0x080001e7   Thumb Code     0  libinit2.o(.ARM.Collect$$libinit$$0000001D)
    __rt_lib_init_stdio_1                    0x080001e7   Thumb Code     0  libinit2.o(.ARM.Collect$$libinit$$00000025)
    __rt_lib_init_user_alloc_1               0x080001e7   Thumb Code     0  libinit2.o(.ARM.Collect$$libinit$$0000000C)
    __rt_lib_shutdown                        0x080001e9   Thumb Code     0  libshutdown.o(.ARM.Collect$$libshutdown$$00000000)
    __rt_lib_shutdown_fp_trap_1              0x080001eb   Thumb Code     0  libshutdown2.o(.ARM.Collect$$libshutdown$$00000006)
    __rt_lib_shutdown_heap_1                 0x080001eb   Thumb Code     0  libshutdown2.o(.ARM.Collect$$libshutdown$$0000000E)
    __rt_lib_shutdown_return                 0x080001eb   Thumb Code     0  libshutdown2.o(.ARM.Collect$$libshutdown$$0000000F)
    __rt_lib_shutdown_signal_1               0x080001eb   Thumb Code     0  libshutdown2.o(.ARM.Collect$$libshutdown$$00000009)
    __rt_lib_shutdown_stdio_1                0x080001eb   Thumb Code     0  libshutdown2.o(.ARM.Collect$$libshutdown$$00000003)
    __rt_lib_shutdown_user_alloc_1           0x080001eb   Thumb Code     0  libshutdown2.o(.ARM.Collect$$libshutdown$$0000000B)
    __rt_entry                               0x080001ed   Thumb Code     0  __rtentry.o(.ARM.Collect$$rtentry$$00000000)
    __rt_entry_presh_1                       0x080001ed   Thumb Code     0  __rtentry2.o(.ARM.Collect$$rtentry$$00000002)
    __rt_entry_sh                            0x080001ed   Thumb Code     0  __rtentry4.o(.ARM.Collect$$rtentry$$00000004)
    __rt_entry_li                            0x080001f3   Thumb Code     0  __rtentry2.o(.ARM.Collect$$rtentry$$0000000A)
    __rt_entry_postsh_1                      0x080001f3   Thumb Code     0  __rtentry2.o(.ARM.Collect$$rtentry$$00000009)
    __rt_entry_main                          0x080001f7   Thumb Code     0  __rtentry2.o(.ARM.Collect$$rtentry$$0000000D)
    __rt_entry_postli_1                      0x080001f7   Thumb Code     0  __rtentry2.o(.ARM.Collect$$rtentry$$0000000C)
    __rt_exit                                0x080001ff   Thumb Code     0  rtexit.o(.ARM.Collect$$rtexit$$00000000)
    __rt_exit_ls                             0x08000201   Thumb Code     0  rtexit2.o(.ARM.Collect$$rtexit$$00000003)
    __rt_exit_prels_1                        0x08000201   Thumb Code     0  rtexit2.o(.ARM.Collect$$rtexit$$00000002)
    __rt_exit_exit                           0x08000205   Thumb Code     0  rtexit2.o(.ARM.Collect$$rtexit$$00000004)
    clear_point                              0x0800020d   Thumb Code    46  main.o(.text)
    nvic_init                                0x0800023b   Thumb Code   158  main.o(.text)
    RCC_HSE_Config                           0x080002d9   Thumb Code    90  main.o(.text)
    rcc_init                                 0x08000333   Thumb Code    80  main.o(.text)
    gpio_init                                0x08000383   Thumb Code   266  main.o(.text)
    exti_init2                               0x0800048d   Thumb Code   118  main.o(.text)
    time_init2                               0x08000503   Thumb Code   104  main.o(.text)
    TIM3_IRQHandler                          0x0800056b   Thumb Code    26  main.o(.text)
    EXTI2_IRQHandler                         0x08000585   Thumb Code    30  main.o(.text)
    main                                     0x080005a3   Thumb Code   934  main.o(.text)
    set_io0                                  0x0800096d   Thumb Code    44  stm32f10x_it.o(.text)
    set_io1                                  0x08000999   Thumb Code    44  stm32f10x_it.o(.text)
    set_io2                                  0x080009c5   Thumb Code    44  stm32f10x_it.o(.text)
    set_io3                                  0x080009f1   Thumb Code    44  stm32f10x_it.o(.text)
    set_io4                                  0x08000a1d   Thumb Code    44  stm32f10x_it.o(.text)
    set_io5                                  0x08000a49   Thumb Code    44  stm32f10x_it.o(.text)
    set_io6                                  0x08000a75   Thumb Code    44  stm32f10x_it.o(.text)
    set_io7                                  0x08000aa1   Thumb Code    44  stm32f10x_it.o(.text)
    set_io8                                  0x08000acd   Thumb Code    44  stm32f10x_it.o(.text)
    set_io9                                  0x08000af9   Thumb Code    44  stm32f10x_it.o(.text)
    set_io10                                 0x08000b25   Thumb Code    44  stm32f10x_it.o(.text)
    set_io11                                 0x08000b51   Thumb Code    44  stm32f10x_it.o(.text)
    lcd_huadian                              0x08000b7d   Thumb Code    24  stm32f10x_it.o(.text)
    lcd_huaxian                              0x08000b95   Thumb Code    44  stm32f10x_it.o(.text)
    hua_wang                                 0x08000bc1   Thumb Code   162  stm32f10x_it.o(.text)
    set_background                           0x08000c63   Thumb Code   426  stm32f10x_it.o(.text)
    key_init                                 0x08000e0d   Thumb Code   112  stm32f10x_it.o(.text)
    EXTI0_IRQHandler                         0x08000e7d   Thumb Code   398  stm32f10x_it.o(.text)
    EXTI3_IRQHandler                         0x0800100b   Thumb Code   176  stm32f10x_it.o(.text)
    EXTI4_IRQHandler                         0x080010bb   Thumb Code   170  stm32f10x_it.o(.text)
    TIM2_IRQHandler                          0x08001165   Thumb Code   558  stm32f10x_it.o(.text)
    SystemInit                               0x0800149b   Thumb Code    78  system_stm32f10x.o(.text)
    SystemCoreClockUpdate                    0x080014e9   Thumb Code   142  system_stm32f10x.o(.text)
    delay_init                               0x0800159d   Thumb Code    50  delay.o(.text)
    delay_us                                 0x080015cf   Thumb Code    72  delay.o(.text)
    delay_ms                                 0x08001617   Thumb Code    72  delay.o(.text)
    _sys_exit                                0x08001671   Thumb Code     6  usart.o(.text)
    fputc                                    0x08001677   Thumb Code    24  usart.o(.text)
    uart_init                                0x0800168f   Thumb Code   152  usart.o(.text)
    USART1_IRQHandler                        0x08001727   Thumb Code   122  usart.o(.text)
    Reset_Handler                            0x080017b1   Thumb Code     8  startup_stm32f10x_hd.o(.text)
    NMI_Handler                              0x080017b9   Thumb Code     2  startup_stm32f10x_hd.o(.text)
    HardFault_Handler                        0x080017bb   Thumb Code     2  startup_stm32f10x_hd.o(.text)
    MemManage_Handler                        0x080017bd   Thumb Code     2  startup_stm32f10x_hd.o(.text)
    BusFault_Handler                         0x080017bf   Thumb Code     2  startup_stm32f10x_hd.o(.text)
    UsageFault_Handler                       0x080017c1   Thumb Code     2  startup_stm32f10x_hd.o(.text)
    SVC_Handler                              0x080017c3   Thumb Code     2  startup_stm32f10x_hd.o(.text)
    DebugMon_Handler                         0x080017c5   Thumb Code     2  startup_stm32f10x_hd.o(.text)
    PendSV_Handler                           0x080017c7   Thumb Code     2  startup_stm32f10x_hd.o(.text)
    SysTick_Handler                          0x080017c9   Thumb Code     2  startup_stm32f10x_hd.o(.text)
    ADC1_2_IRQHandler                        0x080017cb   Thumb Code     0  startup_stm32f10x_hd.o(.text)
    ADC3_IRQHandler                          0x080017cb   Thumb Code     0  startup_stm32f10x_hd.o(.text)
    CAN1_RX1_IRQHandler                      0x080017cb   Thumb Code     0  startup_stm32f10x_hd.o(.text)
    CAN1_SCE_IRQHandler                      0x080017cb   Thumb Code     0  startup_stm32f10x_hd.o(.text)
    DMA1_Channel1_IRQHandler                 0x080017cb   Thumb Code     0  startup_stm32f10x_hd.o(.text)
    DMA1_Channel2_IRQHandler                 0x080017cb   Thumb Code     0  startup_stm32f10x_hd.o(.text)
    DMA1_Channel3_IRQHandler                 0x080017cb   Thumb Code     0  startup_stm32f10x_hd.o(.text)
    DMA1_Channel4_IRQHandler                 0x080017cb   Thumb Code     0  startup_stm32f10x_hd.o(.text)
    DMA1_Channel5_IRQHandler                 0x080017cb   Thumb Code     0  startup_stm32f10x_hd.o(.text)
    DMA1_Channel6_IRQHandler                 0x080017cb   Thumb Code     0  startup_stm32f10x_hd.o(.text)
    DMA1_Channel7_IRQHandler                 0x080017cb   Thumb Code     0  startup_stm32f10x_hd.o(.text)
    DMA2_Channel1_IRQHandler                 0x080017cb   Thumb Code     0  startup_stm32f10x_hd.o(.text)
    DMA2_Channel2_IRQHandler                 0x080017cb   Thumb Code     0  startup_stm32f10x_hd.o(.text)
    DMA2_Channel3_IRQHandler                 0x080017cb   Thumb Code     0  startup_stm32f10x_hd.o(.text)
    DMA2_Channel4_5_IRQHandler               0x080017cb   Thumb Code     0  startup_stm32f10x_hd.o(.text)
    EXTI15_10_IRQHandler                     0x080017cb   Thumb Code     0  startup_stm32f10x_hd.o(.text)
    EXTI1_IRQHandler                         0x080017cb   Thumb Code     0  startup_stm32f10x_hd.o(.text)
    EXTI9_5_IRQHandler                       0x080017cb   Thumb Code     0  startup_stm32f10x_hd.o(.text)
    FLASH_IRQHandler                         0x080017cb   Thumb Code     0  startup_stm32f10x_hd.o(.text)
    FSMC_IRQHandler                          0x080017cb   Thumb Code     0  startup_stm32f10x_hd.o(.text)
    I2C1_ER_IRQHandler                       0x080017cb   Thumb Code     0  startup_stm32f10x_hd.o(.text)
    I2C1_EV_IRQHandler                       0x080017cb   Thumb Code     0  startup_stm32f10x_hd.o(.text)
    I2C2_ER_IRQHandler                       0x080017cb   Thumb Code     0  startup_stm32f10x_hd.o(.text)
    I2C2_EV_IRQHandler                       0x080017cb   Thumb Code     0  startup_stm32f10x_hd.o(.text)
    PVD_IRQHandler                           0x080017cb   Thumb Code     0  startup_stm32f10x_hd.o(.text)
    RCC_IRQHandler                           0x080017cb   Thumb Code     0  startup_stm32f10x_hd.o(.text)
    RTCAlarm_IRQHandler                      0x080017cb   Thumb Code     0  startup_stm32f10x_hd.o(.text)
    RTC_IRQHandler                           0x080017cb   Thumb Code     0  startup_stm32f10x_hd.o(.text)
    SDIO_IRQHandler                          0x080017cb   Thumb Code     0  startup_stm32f10x_hd.o(.text)
    SPI1_IRQHandler                          0x080017cb   Thumb Code     0  startup_stm32f10x_hd.o(.text)
    SPI2_IRQHandler                          0x080017cb   Thumb Code     0  startup_stm32f10x_hd.o(.text)
    SPI3_IRQHandler                          0x080017cb   Thumb Code     0  startup_stm32f10x_hd.o(.text)
    TAMPER_IRQHandler                        0x080017cb   Thumb Code     0  startup_stm32f10x_hd.o(.text)
    TIM1_BRK_IRQHandler                      0x080017cb   Thumb Code     0  startup_stm32f10x_hd.o(.text)
    TIM1_CC_IRQHandler                       0x080017cb   Thumb Code     0  startup_stm32f10x_hd.o(.text)
    TIM1_TRG_COM_IRQHandler                  0x080017cb   Thumb Code     0  startup_stm32f10x_hd.o(.text)
    TIM1_UP_IRQHandler                       0x080017cb   Thumb Code     0  startup_stm32f10x_hd.o(.text)
    TIM4_IRQHandler                          0x080017cb   Thumb Code     0  startup_stm32f10x_hd.o(.text)
    TIM5_IRQHandler                          0x080017cb   Thumb Code     0  startup_stm32f10x_hd.o(.text)
    TIM6_IRQHandler                          0x080017cb   Thumb Code     0  startup_stm32f10x_hd.o(.text)
    TIM7_IRQHandler                          0x080017cb   Thumb Code     0  startup_stm32f10x_hd.o(.text)
    TIM8_BRK_IRQHandler                      0x080017cb   Thumb Code     0  startup_stm32f10x_hd.o(.text)
    TIM8_CC_IRQHandler                       0x080017cb   Thumb Code     0  startup_stm32f10x_hd.o(.text)
    TIM8_TRG_COM_IRQHandler                  0x080017cb   Thumb Code     0  startup_stm32f10x_hd.o(.text)
    TIM8_UP_IRQHandler                       0x080017cb   Thumb Code     0  startup_stm32f10x_hd.o(.text)
    UART4_IRQHandler                         0x080017cb   Thumb Code     0  startup_stm32f10x_hd.o(.text)
    UART5_IRQHandler                         0x080017cb   Thumb Code     0  startup_stm32f10x_hd.o(.text)
    USART2_IRQHandler                        0x080017cb   Thumb Code     0  startup_stm32f10x_hd.o(.text)
    USART3_IRQHandler                        0x080017cb   Thumb Code     0  startup_stm32f10x_hd.o(.text)
    USBWakeUp_IRQHandler                     0x080017cb   Thumb Code     0  startup_stm32f10x_hd.o(.text)
    USB_HP_CAN1_TX_IRQHandler                0x080017cb   Thumb Code     0  startup_stm32f10x_hd.o(.text)
    USB_LP_CAN1_RX0_IRQHandler               0x080017cb   Thumb Code     0  startup_stm32f10x_hd.o(.text)
    WWDG_IRQHandler                          0x080017cb   Thumb Code     0  startup_stm32f10x_hd.o(.text)
    __user_initial_stackheap                 0x080017cd   Thumb Code     0  startup_stm32f10x_hd.o(.text)
    NVIC_PriorityGroupConfig                 0x080017f1   Thumb Code    10  misc.o(.text)
    NVIC_Init                                0x080017fb   Thumb Code   100  misc.o(.text)
    NVIC_SetVectorTable                      0x0800185f   Thumb Code    14  misc.o(.text)
    NVIC_SystemLPConfig                      0x0800186d   Thumb Code    34  misc.o(.text)
    SysTick_CLKSourceConfig                  0x0800188f   Thumb Code    40  misc.o(.text)
    GPIO_DeInit                              0x080018cd   Thumb Code   172  stm32f10x_gpio.o(.text)
    GPIO_AFIODeInit                          0x08001979   Thumb Code    20  stm32f10x_gpio.o(.text)
    GPIO_Init                                0x0800198d   Thumb Code   278  stm32f10x_gpio.o(.text)
    GPIO_StructInit                          0x08001aa3   Thumb Code    16  stm32f10x_gpio.o(.text)
    GPIO_ReadInputDataBit                    0x08001ab3   Thumb Code    18  stm32f10x_gpio.o(.text)
    GPIO_ReadInputData                       0x08001ac5   Thumb Code     8  stm32f10x_gpio.o(.text)
    GPIO_ReadOutputDataBit                   0x08001acd   Thumb Code    18  stm32f10x_gpio.o(.text)
    GPIO_ReadOutputData                      0x08001adf   Thumb Code     8  stm32f10x_gpio.o(.text)
    GPIO_SetBits                             0x08001ae7   Thumb Code     4  stm32f10x_gpio.o(.text)
    GPIO_ResetBits                           0x08001aeb   Thumb Code     4  stm32f10x_gpio.o(.text)
    GPIO_WriteBit                            0x08001aef   Thumb Code    10  stm32f10x_gpio.o(.text)
    GPIO_Write                               0x08001af9   Thumb Code     4  stm32f10x_gpio.o(.text)
    GPIO_PinLockConfig                       0x08001afd   Thumb Code    18  stm32f10x_gpio.o(.text)
    GPIO_EventOutputConfig                   0x08001b0f   Thumb Code    26  stm32f10x_gpio.o(.text)
    GPIO_EventOutputCmd                      0x08001b29   Thumb Code     6  stm32f10x_gpio.o(.text)
    GPIO_PinRemapConfig                      0x08001b2f   Thumb Code   138  stm32f10x_gpio.o(.text)
    GPIO_EXTILineConfig                      0x08001bb9   Thumb Code    66  stm32f10x_gpio.o(.text)
    GPIO_ETH_MediaInterfaceConfig            0x08001bfb   Thumb Code     8  stm32f10x_gpio.o(.text)
    RCC_DeInit                               0x08001c29   Thumb Code    64  stm32f10x_rcc.o(.text)
    RCC_HSEConfig                            0x08001c69   Thumb Code    70  stm32f10x_rcc.o(.text)
    RCC_GetFlagStatus                        0x08001caf   Thumb Code    56  stm32f10x_rcc.o(.text)
    RCC_WaitForHSEStartUp                    0x08001ce7   Thumb Code    56  stm32f10x_rcc.o(.text)
    RCC_AdjustHSICalibrationValue            0x08001d1f   Thumb Code    20  stm32f10x_rcc.o(.text)
    RCC_HSICmd                               0x08001d33   Thumb Code     6  stm32f10x_rcc.o(.text)
    RCC_PLLConfig                            0x08001d39   Thumb Code    24  stm32f10x_rcc.o(.text)
    RCC_PLLCmd                               0x08001d51   Thumb Code     6  stm32f10x_rcc.o(.text)
    RCC_SYSCLKConfig                         0x08001d57   Thumb Code    18  stm32f10x_rcc.o(.text)
    RCC_GetSYSCLKSource                      0x08001d69   Thumb Code    10  stm32f10x_rcc.o(.text)
    RCC_HCLKConfig                           0x08001d73   Thumb Code    18  stm32f10x_rcc.o(.text)
    RCC_PCLK1Config                          0x08001d85   Thumb Code    18  stm32f10x_rcc.o(.text)
    RCC_PCLK2Config                          0x08001d97   Thumb Code    20  stm32f10x_rcc.o(.text)
    RCC_ITConfig                             0x08001dab   Thumb Code    26  stm32f10x_rcc.o(.text)
    RCC_USBCLKConfig                         0x08001dc5   Thumb Code     8  stm32f10x_rcc.o(.text)
    RCC_ADCCLKConfig                         0x08001dcd   Thumb Code    18  stm32f10x_rcc.o(.text)
    RCC_LSEConfig                            0x08001ddf   Thumb Code    50  stm32f10x_rcc.o(.text)
    RCC_LSICmd                               0x08001e11   Thumb Code     6  stm32f10x_rcc.o(.text)
    RCC_RTCCLKConfig                         0x08001e17   Thumb Code    12  stm32f10x_rcc.o(.text)
    RCC_RTCCLKCmd                            0x08001e23   Thumb Code     8  stm32f10x_rcc.o(.text)
    RCC_GetClocksFreq                        0x08001e2b   Thumb Code   192  stm32f10x_rcc.o(.text)
    RCC_AHBPeriphClockCmd                    0x08001eeb   Thumb Code    26  stm32f10x_rcc.o(.text)
    RCC_APB2PeriphClockCmd                   0x08001f05   Thumb Code    26  stm32f10x_rcc.o(.text)
    RCC_APB1PeriphClockCmd                   0x08001f1f   Thumb Code    26  stm32f10x_rcc.o(.text)
    RCC_APB2PeriphResetCmd                   0x08001f39   Thumb Code    26  stm32f10x_rcc.o(.text)
    RCC_APB1PeriphResetCmd                   0x08001f53   Thumb Code    26  stm32f10x_rcc.o(.text)
    RCC_BackupResetCmd                       0x08001f6d   Thumb Code     8  stm32f10x_rcc.o(.text)
    RCC_ClockSecuritySystemCmd               0x08001f75   Thumb Code     6  stm32f10x_rcc.o(.text)
    RCC_MCOConfig                            0x08001f7b   Thumb Code     6  stm32f10x_rcc.o(.text)
    RCC_ClearFlag                            0x08001f81   Thumb Code    14  stm32f10x_rcc.o(.text)
    RCC_GetITStatus                          0x08001f8f   Thumb Code    20  stm32f10x_rcc.o(.text)
    RCC_ClearITPendingBit                    0x08001fa3   Thumb Code     6  stm32f10x_rcc.o(.text)
    USART_DeInit                             0x08001fcd   Thumb Code   134  stm32f10x_usart.o(.text)
    USART_Init                               0x08002053   Thumb Code   210  stm32f10x_usart.o(.text)
    USART_StructInit                         0x08002125   Thumb Code    24  stm32f10x_usart.o(.text)
    USART_ClockInit                          0x0800213d   Thumb Code    34  stm32f10x_usart.o(.text)
    USART_ClockStructInit                    0x0800215f   Thumb Code    12  stm32f10x_usart.o(.text)
    USART_Cmd                                0x0800216b   Thumb Code    24  stm32f10x_usart.o(.text)
    USART_ITConfig                           0x08002183   Thumb Code    74  stm32f10x_usart.o(.text)
    USART_DMACmd                             0x080021cd   Thumb Code    18  stm32f10x_usart.o(.text)
    USART_SetAddress                         0x080021df   Thumb Code    18  stm32f10x_usart.o(.text)
    USART_WakeUpConfig                       0x080021f1   Thumb Code    18  stm32f10x_usart.o(.text)
    USART_ReceiverWakeUpCmd                  0x08002203   Thumb Code    24  stm32f10x_usart.o(.text)
    USART_LINBreakDetectLengthConfig         0x0800221b   Thumb Code    18  stm32f10x_usart.o(.text)
    USART_LINCmd                             0x0800222d   Thumb Code    24  stm32f10x_usart.o(.text)
    USART_SendData                           0x08002245   Thumb Code     8  stm32f10x_usart.o(.text)
    USART_ReceiveData                        0x0800224d   Thumb Code    10  stm32f10x_usart.o(.text)
    USART_SendBreak                          0x08002257   Thumb Code    10  stm32f10x_usart.o(.text)
    USART_SetGuardTime                       0x08002261   Thumb Code    16  stm32f10x_usart.o(.text)
    USART_SetPrescaler                       0x08002271   Thumb Code    16  stm32f10x_usart.o(.text)
    USART_SmartCardCmd                       0x08002281   Thumb Code    24  stm32f10x_usart.o(.text)
    USART_SmartCardNACKCmd                   0x08002299   Thumb Code    24  stm32f10x_usart.o(.text)
    USART_HalfDuplexCmd                      0x080022b1   Thumb Code    24  stm32f10x_usart.o(.text)
    USART_OverSampling8Cmd                   0x080022c9   Thumb Code    22  stm32f10x_usart.o(.text)
    USART_OneBitMethodCmd                    0x080022df   Thumb Code    24  stm32f10x_usart.o(.text)
    USART_IrDAConfig                         0x080022f7   Thumb Code    18  stm32f10x_usart.o(.text)
    USART_IrDACmd                            0x08002309   Thumb Code    24  stm32f10x_usart.o(.text)
    USART_GetFlagStatus                      0x08002321   Thumb Code    26  stm32f10x_usart.o(.text)
    USART_ClearFlag                          0x0800233b   Thumb Code    18  stm32f10x_usart.o(.text)
    USART_GetITStatus                        0x0800234d   Thumb Code    84  stm32f10x_usart.o(.text)
    USART_ClearITPendingBit                  0x080023a1   Thumb Code    52  stm32f10x_usart.o(.text)
    EXTI_DeInit                              0x080023d5   Thumb Code    28  stm32f10x_exti.o(.text)
    EXTI_Init                                0x080023f1   Thumb Code   142  stm32f10x_exti.o(.text)
    EXTI_StructInit                          0x0800247f   Thumb Code    16  stm32f10x_exti.o(.text)
    EXTI_GenerateSWInterrupt                 0x0800248f   Thumb Code    16  stm32f10x_exti.o(.text)
    EXTI_GetFlagStatus                       0x0800249f   Thumb Code    22  stm32f10x_exti.o(.text)
    EXTI_ClearFlag                           0x080024b5   Thumb Code     8  stm32f10x_exti.o(.text)
    EXTI_GetITStatus                         0x080024bd   Thumb Code    34  stm32f10x_exti.o(.text)
    EXTI_ClearITPendingBit                   0x080024df   Thumb Code     8  stm32f10x_exti.o(.text)
    TIM_DeInit                               0x080024f1   Thumb Code   424  stm32f10x_tim.o(.text)
    TIM_TimeBaseInit                         0x08002699   Thumb Code   122  stm32f10x_tim.o(.text)
    TIM_OC1Init                              0x08002713   Thumb Code   132  stm32f10x_tim.o(.text)
    TIM_OC2Init                              0x08002797   Thumb Code   154  stm32f10x_tim.o(.text)
    TIM_OC3Init                              0x08002831   Thumb Code   150  stm32f10x_tim.o(.text)
    TIM_OC4Init                              0x080028c7   Thumb Code   182  stm32f10x_tim.o(.text)
    TIM_SetIC4Prescaler                      0x0800297d   Thumb Code    26  stm32f10x_tim.o(.text)
    TIM_SetIC3Prescaler                      0x08002a19   Thumb Code    18  stm32f10x_tim.o(.text)
    TIM_SetIC2Prescaler                      0x08002aa5   Thumb Code    26  stm32f10x_tim.o(.text)
    TIM_SetIC1Prescaler                      0x08002b41   Thumb Code    18  stm32f10x_tim.o(.text)
    TIM_ICInit                               0x08002bbf   Thumb Code   150  stm32f10x_tim.o(.text)
    TIM_PWMIConfig                           0x08002c55   Thumb Code   124  stm32f10x_tim.o(.text)
    TIM_BDTRConfig                           0x08002cd1   Thumb Code    32  stm32f10x_tim.o(.text)
    TIM_TimeBaseStructInit                   0x08002cf1   Thumb Code    18  stm32f10x_tim.o(.text)
    TIM_OCStructInit                         0x08002d03   Thumb Code    20  stm32f10x_tim.o(.text)
    TIM_ICStructInit                         0x08002d17   Thumb Code    18  stm32f10x_tim.o(.text)
    TIM_BDTRStructInit                       0x08002d29   Thumb Code    40  stm32f10x_tim.o(.text)
    TIM_Cmd                                  0x08002d51   Thumb Code    24  stm32f10x_tim.o(.text)
    TIM_CtrlPWMOutputs                       0x08002d69   Thumb Code    30  stm32f10x_tim.o(.text)
    TIM_ITConfig                             0x08002d87   Thumb Code    18  stm32f10x_tim.o(.text)
    TIM_GenerateEvent                        0x08002d99   Thumb Code     4  stm32f10x_tim.o(.text)
    TIM_DMAConfig                            0x08002d9d   Thumb Code    10  stm32f10x_tim.o(.text)
    TIM_DMACmd                               0x08002da7   Thumb Code    18  stm32f10x_tim.o(.text)
    TIM_InternalClockConfig                  0x08002db9   Thumb Code    12  stm32f10x_tim.o(.text)
    TIM_SelectInputTrigger                   0x08002dc5   Thumb Code    18  stm32f10x_tim.o(.text)
    TIM_ITRxExternalClockConfig              0x08002dd7   Thumb Code    24  stm32f10x_tim.o(.text)
    TIM_TIxExternalClockConfig               0x08002def   Thumb Code    62  stm32f10x_tim.o(.text)
    TIM_ETRConfig                            0x08002e2d   Thumb Code    28  stm32f10x_tim.o(.text)
    TIM_ETRClockMode1Config                  0x08002e49   Thumb Code    54  stm32f10x_tim.o(.text)
    TIM_ETRClockMode2Config                  0x08002e7f   Thumb Code    32  stm32f10x_tim.o(.text)
    TIM_PrescalerConfig                      0x08002e9f   Thumb Code     6  stm32f10x_tim.o(.text)
    TIM_CounterModeConfig                    0x08002ea5   Thumb Code    18  stm32f10x_tim.o(.text)
    TIM_EncoderInterfaceConfig               0x08002eb7   Thumb Code    66  stm32f10x_tim.o(.text)
    TIM_ForcedOC1Config                      0x08002ef9   Thumb Code    18  stm32f10x_tim.o(.text)
    TIM_ForcedOC2Config                      0x08002f0b   Thumb Code    26  stm32f10x_tim.o(.text)
    TIM_ForcedOC3Config                      0x08002f25   Thumb Code    18  stm32f10x_tim.o(.text)
    TIM_ForcedOC4Config                      0x08002f37   Thumb Code    26  stm32f10x_tim.o(.text)
    TIM_ARRPreloadConfig                     0x08002f51   Thumb Code    24  stm32f10x_tim.o(.text)
    TIM_SelectCOM                            0x08002f69   Thumb Code    24  stm32f10x_tim.o(.text)
    TIM_SelectCCDMA                          0x08002f81   Thumb Code    24  stm32f10x_tim.o(.text)
    TIM_CCPreloadControl                     0x08002f99   Thumb Code    24  stm32f10x_tim.o(.text)
    TIM_OC1PreloadConfig                     0x08002fb1   Thumb Code    18  stm32f10x_tim.o(.text)
    TIM_OC2PreloadConfig                     0x08002fc3   Thumb Code    26  stm32f10x_tim.o(.text)
    TIM_OC3PreloadConfig                     0x08002fdd   Thumb Code    18  stm32f10x_tim.o(.text)
    TIM_OC4PreloadConfig                     0x08002fef   Thumb Code    26  stm32f10x_tim.o(.text)
    TIM_OC1FastConfig                        0x08003009   Thumb Code    18  stm32f10x_tim.o(.text)
    TIM_OC2FastConfig                        0x0800301b   Thumb Code    26  stm32f10x_tim.o(.text)
    TIM_OC3FastConfig                        0x08003035   Thumb Code    18  stm32f10x_tim.o(.text)
    TIM_OC4FastConfig                        0x08003047   Thumb Code    26  stm32f10x_tim.o(.text)
    TIM_ClearOC1Ref                          0x08003061   Thumb Code    18  stm32f10x_tim.o(.text)
    TIM_ClearOC2Ref                          0x08003073   Thumb Code    24  stm32f10x_tim.o(.text)
    TIM_ClearOC3Ref                          0x0800308b   Thumb Code    18  stm32f10x_tim.o(.text)
    TIM_ClearOC4Ref                          0x0800309d   Thumb Code    24  stm32f10x_tim.o(.text)
    TIM_OC1PolarityConfig                    0x080030b5   Thumb Code    18  stm32f10x_tim.o(.text)
    TIM_OC1NPolarityConfig                   0x080030c7   Thumb Code    18  stm32f10x_tim.o(.text)
    TIM_OC2PolarityConfig                    0x080030d9   Thumb Code    26  stm32f10x_tim.o(.text)
    TIM_OC2NPolarityConfig                   0x080030f3   Thumb Code    26  stm32f10x_tim.o(.text)
    TIM_OC3PolarityConfig                    0x0800310d   Thumb Code    26  stm32f10x_tim.o(.text)
    TIM_OC3NPolarityConfig                   0x08003127   Thumb Code    26  stm32f10x_tim.o(.text)
    TIM_OC4PolarityConfig                    0x08003141   Thumb Code    26  stm32f10x_tim.o(.text)
    TIM_CCxCmd                               0x0800315b   Thumb Code    30  stm32f10x_tim.o(.text)
    TIM_CCxNCmd                              0x08003179   Thumb Code    30  stm32f10x_tim.o(.text)
    TIM_SelectOCxM                           0x08003197   Thumb Code    82  stm32f10x_tim.o(.text)
    TIM_UpdateDisableConfig                  0x080031e9   Thumb Code    24  stm32f10x_tim.o(.text)
    TIM_UpdateRequestConfig                  0x08003201   Thumb Code    24  stm32f10x_tim.o(.text)
    TIM_SelectHallSensor                     0x08003219   Thumb Code    24  stm32f10x_tim.o(.text)
    TIM_SelectOnePulseMode                   0x08003231   Thumb Code    18  stm32f10x_tim.o(.text)
    TIM_SelectOutputTrigger                  0x08003243   Thumb Code    18  stm32f10x_tim.o(.text)
    TIM_SelectSlaveMode                      0x08003255   Thumb Code    18  stm32f10x_tim.o(.text)
    TIM_SelectMasterSlaveMode                0x08003267   Thumb Code    18  stm32f10x_tim.o(.text)
    TIM_SetCounter                           0x08003279   Thumb Code     4  stm32f10x_tim.o(.text)
    TIM_SetAutoreload                        0x0800327d   Thumb Code     4  stm32f10x_tim.o(.text)
    TIM_SetCompare1                          0x08003281   Thumb Code     4  stm32f10x_tim.o(.text)
    TIM_SetCompare2                          0x08003285   Thumb Code     4  stm32f10x_tim.o(.text)
    TIM_SetCompare3                          0x08003289   Thumb Code     4  stm32f10x_tim.o(.text)
    TIM_SetCompare4                          0x0800328d   Thumb Code     6  stm32f10x_tim.o(.text)
    TIM_SetClockDivision                     0x08003293   Thumb Code    18  stm32f10x_tim.o(.text)
    TIM_GetCapture1                          0x080032a5   Thumb Code     6  stm32f10x_tim.o(.text)
    TIM_GetCapture2                          0x080032ab   Thumb Code     6  stm32f10x_tim.o(.text)
    TIM_GetCapture3                          0x080032b1   Thumb Code     6  stm32f10x_tim.o(.text)
    TIM_GetCapture4                          0x080032b7   Thumb Code     8  stm32f10x_tim.o(.text)
    TIM_GetCounter                           0x080032bf   Thumb Code     6  stm32f10x_tim.o(.text)
    TIM_GetPrescaler                         0x080032c5   Thumb Code     6  stm32f10x_tim.o(.text)
    TIM_GetFlagStatus                        0x080032cb   Thumb Code    18  stm32f10x_tim.o(.text)
    TIM_ClearFlag                            0x080032dd   Thumb Code     6  stm32f10x_tim.o(.text)
    TIM_GetITStatus                          0x080032e3   Thumb Code    34  stm32f10x_tim.o(.text)
    TIM_ClearITPendingBit                    0x08003305   Thumb Code     6  stm32f10x_tim.o(.text)
    FSMC_NORSRAMDeInit                       0x0800330d   Thumb Code    54  stm32f10x_fsmc.o(.text)
    FSMC_NANDDeInit                          0x08003343   Thumb Code    62  stm32f10x_fsmc.o(.text)
    FSMC_PCCARDDeInit                        0x08003381   Thumb Code    36  stm32f10x_fsmc.o(.text)
    FSMC_NORSRAMInit                         0x080033a5   Thumb Code   230  stm32f10x_fsmc.o(.text)
    FSMC_NANDInit                            0x0800348b   Thumb Code   132  stm32f10x_fsmc.o(.text)
    FSMC_PCCARDInit                          0x0800350f   Thumb Code   130  stm32f10x_fsmc.o(.text)
    FSMC_NORSRAMStructInit                   0x08003591   Thumb Code   114  stm32f10x_fsmc.o(.text)
    FSMC_NANDStructInit                      0x08003603   Thumb Code    54  stm32f10x_fsmc.o(.text)
    FSMC_PCCARDStructInit                    0x08003639   Thumb Code    60  stm32f10x_fsmc.o(.text)
    FSMC_NORSRAMCmd                          0x08003675   Thumb Code    46  stm32f10x_fsmc.o(.text)
    FSMC_NANDCmd                             0x080036a3   Thumb Code    86  stm32f10x_fsmc.o(.text)
    FSMC_PCCARDCmd                           0x080036f9   Thumb Code    44  stm32f10x_fsmc.o(.text)
    FSMC_NANDECCCmd                          0x08003725   Thumb Code    90  stm32f10x_fsmc.o(.text)
    FSMC_GetECC                              0x0800377f   Thumb Code    24  stm32f10x_fsmc.o(.text)
    FSMC_ITConfig                            0x08003797   Thumb Code   128  stm32f10x_fsmc.o(.text)
    FSMC_GetFlagStatus                       0x08003817   Thumb Code    54  stm32f10x_fsmc.o(.text)
    FSMC_ClearFlag                           0x0800384d   Thumb Code    62  stm32f10x_fsmc.o(.text)
    FSMC_GetITStatus                         0x0800388b   Thumb Code    64  stm32f10x_fsmc.o(.text)
    FSMC_ClearITPendingBit                   0x080038cb   Thumb Code    68  stm32f10x_fsmc.o(.text)
    ADC_DeInit                               0x08003919   Thumb Code    78  stm32f10x_adc.o(.text)
    ADC_Init                                 0x08003967   Thumb Code    70  stm32f10x_adc.o(.text)
    ADC_StructInit                           0x080039ad   Thumb Code    18  stm32f10x_adc.o(.text)
    ADC_Cmd                                  0x080039bf   Thumb Code    22  stm32f10x_adc.o(.text)
    ADC_DMACmd                               0x080039d5   Thumb Code    22  stm32f10x_adc.o(.text)
    ADC_ITConfig                             0x080039eb   Thumb Code    24  stm32f10x_adc.o(.text)
    ADC_ResetCalibration                     0x08003a03   Thumb Code    10  stm32f10x_adc.o(.text)
    ADC_GetResetCalibrationStatus            0x08003a0d   Thumb Code    20  stm32f10x_adc.o(.text)
    ADC_StartCalibration                     0x08003a21   Thumb Code    10  stm32f10x_adc.o(.text)
    ADC_GetCalibrationStatus                 0x08003a2b   Thumb Code    20  stm32f10x_adc.o(.text)
    ADC_SoftwareStartConvCmd                 0x08003a3f   Thumb Code    22  stm32f10x_adc.o(.text)
    ADC_GetSoftwareStartConvStatus           0x08003a55   Thumb Code    20  stm32f10x_adc.o(.text)
    ADC_DiscModeChannelCountConfig           0x08003a69   Thumb Code    24  stm32f10x_adc.o(.text)
    ADC_DiscModeCmd                          0x08003a81   Thumb Code    22  stm32f10x_adc.o(.text)
    ADC_RegularChannelConfig                 0x08003a97   Thumb Code   184  stm32f10x_adc.o(.text)
    ADC_ExternalTrigConvCmd                  0x08003b4f   Thumb Code    22  stm32f10x_adc.o(.text)
    ADC_GetConversionValue                   0x08003b65   Thumb Code     8  stm32f10x_adc.o(.text)
    ADC_GetDualModeConversionValue           0x08003b6d   Thumb Code     8  stm32f10x_adc.o(.text)
    ADC_AutoInjectedConvCmd                  0x08003b75   Thumb Code    22  stm32f10x_adc.o(.text)
    ADC_InjectedDiscModeCmd                  0x08003b8b   Thumb Code    22  stm32f10x_adc.o(.text)
    ADC_ExternalTrigInjectedConvConfig       0x08003ba1   Thumb Code    16  stm32f10x_adc.o(.text)
    ADC_ExternalTrigInjectedConvCmd          0x08003bb1   Thumb Code    22  stm32f10x_adc.o(.text)
    ADC_SoftwareStartInjectedConvCmd         0x08003bc7   Thumb Code    22  stm32f10x_adc.o(.text)
    ADC_GetSoftwareStartInjectedConvCmdStatus 0x08003bdd   Thumb Code    20  stm32f10x_adc.o(.text)
    ADC_InjectedChannelConfig                0x08003bf1   Thumb Code   130  stm32f10x_adc.o(.text)
    ADC_InjectedSequencerLengthConfig        0x08003c73   Thumb Code    24  stm32f10x_adc.o(.text)
    ADC_SetInjectedOffset                    0x08003c8b   Thumb Code    20  stm32f10x_adc.o(.text)
    ADC_GetInjectedConversionValue           0x08003c9f   Thumb Code    28  stm32f10x_adc.o(.text)
    ADC_AnalogWatchdogCmd                    0x08003cbb   Thumb Code    16  stm32f10x_adc.o(.text)
    ADC_AnalogWatchdogThresholdsConfig       0x08003ccb   Thumb Code     6  stm32f10x_adc.o(.text)
    ADC_AnalogWatchdogSingleChannelConfig    0x08003cd1   Thumb Code    16  stm32f10x_adc.o(.text)
    ADC_TempSensorVrefintCmd                 0x08003ce1   Thumb Code    64  stm32f10x_adc.o(.text)
    ADC_GetFlagStatus                        0x08003d21   Thumb Code    18  stm32f10x_adc.o(.text)
    ADC_ClearFlag                            0x08003d33   Thumb Code     6  stm32f10x_adc.o(.text)
    ADC_GetITStatus                          0x08003d39   Thumb Code    36  stm32f10x_adc.o(.text)
    ADC_ClearITPendingBit                    0x08003d5d   Thumb Code    10  stm32f10x_adc.o(.text)
    DMA_DeInit                               0x08003d69   Thumb Code   324  stm32f10x_dma.o(.text)
    DMA_Init                                 0x08003ead   Thumb Code    60  stm32f10x_dma.o(.text)
    DMA_StructInit                           0x08003ee9   Thumb Code    26  stm32f10x_dma.o(.text)
    DMA_Cmd                                  0x08003f03   Thumb Code    24  stm32f10x_dma.o(.text)
    DMA_ITConfig                             0x08003f1b   Thumb Code    18  stm32f10x_dma.o(.text)
    DMA_SetCurrDataCounter                   0x08003f2d   Thumb Code     4  stm32f10x_dma.o(.text)
    DMA_GetCurrDataCounter                   0x08003f31   Thumb Code     8  stm32f10x_dma.o(.text)
    DMA_GetFlagStatus                        0x08003f39   Thumb Code    40  stm32f10x_dma.o(.text)
    DMA_ClearFlag                            0x08003f61   Thumb Code    22  stm32f10x_dma.o(.text)
    DMA_GetITStatus                          0x08003f77   Thumb Code    40  stm32f10x_dma.o(.text)
    DMA_ClearITPendingBit                    0x08003f9f   Thumb Code    22  stm32f10x_dma.o(.text)
    led_init                                 0x08003fbd   Thumb Code    50  led.o(.text)
    led_run                                  0x08003fef   Thumb Code   104  led.o(.text)
    TFT_GPIO_Config                          0x08004061   Thumb Code    74  lcd_driver.o(.text)
    TFT_FSMC_Config                          0x080040ab   Thumb Code    86  lcd_driver.o(.text)
    TFT_WriteCmd                             0x08004101   Thumb Code     6  lcd_driver.o(.text)
    TFT_WriteData                            0x08004107   Thumb Code     8  lcd_driver.o(.text)
    TFT_WriteData_Color                      0x0800410f   Thumb Code     8  lcd_driver.o(.text)
    TFT_Init                                 0x08004117   Thumb Code   790  lcd_driver.o(.text)
    TFT_SetWindow                            0x0800442d   Thumb Code   120  lcd_driver.o(.text)
    TFT_ClearScreen                          0x080044a5   Thumb Code    52  lcd_driver.o(.text)
    GUI_Dot                                  0x080044d9   Thumb Code    28  gui.o(.text)
    GUI_Line                                 0x080044f5   Thumb Code   172  gui.o(.text)
    LCD_DrawRectangle                        0x080045a1   Thumb Code    74  gui.o(.text)
    LCD_Draw_Point                           0x080045eb   Thumb Code    20  gui.o(.text)
    Test_Show_CH_Font16                      0x080045ff   Thumb Code   146  gui.o(.text)
    Test_Show_CH_Font24                      0x08004691   Thumb Code   188  gui.o(.text)
    TEST_FONT                                0x0800474d   Thumb Code    62  gui.o(.text)
    GUI_Box                                  0x0800478b   Thumb Code    92  gui.o(.text)
    GUI_DrowSign                             0x080047e7   Thumb Code   136  gui.o(.text)
    GUI_Show12ASCII                          0x0800486f   Thumb Code   144  gui.o(.text)
    time2_init                               0x0800490d   Thumb Code    62  tim.o(.text)
    time3_init                               0x0800494b   Thumb Code    66  tim.o(.text)
    time1_init                               0x0800498d   Thumb Code    86  tim.o(.text)
    time_init                                0x080049e3   Thumb Code    12  tim.o(.text)
    time_enable                              0x080049ef   Thumb Code    12  tim.o(.text)
    DMA1_Init                                0x08004a05   Thumb Code    78  adc.o(.text)
    AD_Init                                  0x08004a53   Thumb Code    72  adc.o(.text)
    ADC1_Init                                0x08004a9b   Thumb Code    76  adc.o(.text)
    ADC_Get_Value                            0x08004ae7   Thumb Code   144  adc.o(.text)
    ADC_Get_Vpp                              0x08004b77   Thumb Code   112  adc.o(.text)
    __use_no_semihosting                     0x08004c0d   Thumb Code     2  use_no_semi_2.o(.text)
    __use_two_region_memory                  0x08004c0f   Thumb Code     2  heapauxi.o(.text)
    __rt_heap_escrow$2region                 0x08004c11   Thumb Code     2  heapauxi.o(.text)
    __rt_heap_expand$2region                 0x08004c13   Thumb Code     2  heapauxi.o(.text)
    __I$use$semihosting                      0x08004c15   Thumb Code     0  use_no_semi.o(.text)
    __use_no_semihosting_swi                 0x08004c15   Thumb Code     2  use_no_semi.o(.text)
    __user_setup_stackheap                   0x08004c17   Thumb Code    74  sys_stackheap_outer.o(.text)
    exit                                     0x08004c61   Thumb Code    12  exit.o(.text)
    __user_libspace                          0x08004c6d   Thumb Code     8  libspace.o(.text)
    __user_perproc_libspace                  0x08004c6d   Thumb Code     0  libspace.o(.text)
    __user_perthread_libspace                0x08004c6d   Thumb Code     0  libspace.o(.text)
    __aeabi_d2f                              0x08004c75   Thumb Code     0  d2f.o(x$fpl$d2f)
    _d2f                                     0x08004c75   Thumb Code    98  d2f.o(x$fpl$d2f)
    __aeabi_dadd                             0x08004cd9   Thumb Code     0  daddsub_clz.o(x$fpl$dadd)
    _dadd                                    0x08004cd9   Thumb Code   332  daddsub_clz.o(x$fpl$dadd)
    __aeabi_d2uiz                            0x08004e29   Thumb Code     0  dfixu.o(x$fpl$dfixu)
    _dfixu                                   0x08004e29   Thumb Code    90  dfixu.o(x$fpl$dfixu)
    __aeabi_ui2d                             0x08004e83   Thumb Code     0  dflt_clz.o(x$fpl$dfltu)
    _dfltu                                   0x08004e83   Thumb Code    38  dflt_clz.o(x$fpl$dfltu)
    __aeabi_dmul                             0x08004ea9   Thumb Code     0  dmul.o(x$fpl$dmul)
    _dmul                                    0x08004ea9   Thumb Code   332  dmul.o(x$fpl$dmul)
    __fpl_dnaninf                            0x08004ffd   Thumb Code   156  dnaninf.o(x$fpl$dnaninf)
    __fpl_dretinf                            0x08005099   Thumb Code    12  dretinf.o(x$fpl$dretinf)
    __aeabi_dsub                             0x080050a5   Thumb Code     0  daddsub_clz.o(x$fpl$dsub)
    _dsub                                    0x080050a5   Thumb Code   464  daddsub_clz.o(x$fpl$dsub)
    __aeabi_f2d                              0x08005279   Thumb Code     0  f2d.o(x$fpl$f2d)
    _f2d                                     0x08005279   Thumb Code    86  f2d.o(x$fpl$f2d)
    __fpl_fcmp_Inf                           0x080052cf   Thumb Code    24  fcmpi.o(x$fpl$fcmpinf)
    __aeabi_f2uiz                            0x080052e9   Thumb Code     0  ffixu.o(x$fpl$ffixu)
    _ffixu                                   0x080052e9   Thumb Code    62  ffixu.o(x$fpl$ffixu)
    __aeabi_i2f                              0x08005329   Thumb Code     0  fflt_clz.o(x$fpl$fflt)
    _fflt                                    0x08005329   Thumb Code    48  fflt_clz.o(x$fpl$fflt)
    __aeabi_ui2f                             0x08005359   Thumb Code     0  fflt_clz.o(x$fpl$ffltu)
    _ffltu                                   0x08005359   Thumb Code    38  fflt_clz.o(x$fpl$ffltu)
    __aeabi_cfcmple                          0x08005381   Thumb Code     0  fleqf.o(x$fpl$fleqf)
    _fcmple                                  0x08005381   Thumb Code   104  fleqf.o(x$fpl$fleqf)
    __fpl_fcmple_InfNaN                      0x080053d3   Thumb Code     0  fleqf.o(x$fpl$fleqf)
    __fpl_fnaninf                            0x080053e9   Thumb Code   140  fnaninf.o(x$fpl$fnaninf)
    __fpl_fretinf                            0x08005475   Thumb Code    10  fretinf.o(x$fpl$fretinf)
    __aeabi_cfrcmple                         0x0800547f   Thumb Code     0  frleqf.o(x$fpl$frleqf)
    _frcmple                                 0x0800547f   Thumb Code    98  frleqf.o(x$fpl$frleqf)
    ASCII8x16                                0x080054e0   Data        1536  gui.o(.constdata)
    __I$use$fp                               0x080054e0   Number         0  usenofp.o(x$fpl$usenofp)
    tfont16                                  0x08005ae0   Data         480  gui.o(.constdata)
    tfont24                                  0x08005cc0   Data         360  gui.o(.constdata)
    Region$$Table$$Base                      0x08005e28   Number         0  anon$$obj.o(Region$$Table)
    Region$$Table$$Limit                     0x08005e48   Number         0  anon$$obj.o(Region$$Table)
    j                                        0x20000000   Data           2  main.o(.data)
    temp                                     0x20000004   Data           4  main.o(.data)
    temp1                                    0x20000008   Data           4  main.o(.data)
    frequen                                  0x2000000c   Data           4  main.o(.data)
    arr_freq                                 0x20000010   Data           8  main.o(.data)
    frequency_flag                           0x20000018   Data           1  stm32f10x_it.o(.data)
    shao_miao_shu_du                         0x2000001c   Data           4  stm32f10x_it.o(.data)
    num_shao_miao                            0x20000020   Data           1  stm32f10x_it.o(.data)
    mode                                     0x20000021   Data           1  stm32f10x_it.o(.data)
    num_fu_du                                0x20000022   Data           1  stm32f10x_it.o(.data)
    ad_flag                                  0x20000023   Data           1  stm32f10x_it.o(.data)
    gao_pin_palus                            0x20000024   Data           4  stm32f10x_it.o(.data)
    vcc_div                                  0x20000028   Data           2  stm32f10x_it.o(.data)
    vpp                                      0x2000002a   Data           2  stm32f10x_it.o(.data)
    arr_move                                 0x200000fd   Data          10  stm32f10x_it.o(.data)
    SystemCoreClock                          0x20000108   Data           4  system_stm32f10x.o(.data)
    AHBPrescTable                            0x2000010c   Data          16  system_stm32f10x.o(.data)
    __stdout                                 0x20000120   Data           4  usart.o(.data)
    USART_RX_STA                             0x20000124   Data           2  usart.o(.data)
    tft_id                                   0x2000013c   Data           2  lcd_driver.o(.data)
    POINT_COLOR                              0x2000013e   Data           2  lcd_driver.o(.data)
    count                                    0x20000140   Data           4  tim.o(.data)
    frequency                                0x20000144   Data           4  tim.o(.data)
    index                                    0x20000148   Data           2  adc.o(.data)
    index1                                   0x2000014a   Data           2  adc.o(.data)
    USART_RX_BUF                             0x2000014c   Data         200  usart.o(.bss)
    a                                        0x20000214   Data        1280  adc.o(.bss)
    __libspace_start                         0x20000714   Data          96  libspace.o(.bss)
    __temporary_stack_top$libspace           0x20000774   Data           0  libspace.o(.bss)



==============================================================================

Memory Map of the image

  Image Entry point : 0x08000131

  Load Region LR_IROM1 (Base: 0x08000000, Size: 0x00005f94, Max: 0x00080000, ABSOLUTE, COMPRESSED[0x00005ec4])

    Execution Region ER_IROM1 (Base: 0x08000000, Size: 0x00005e48, Max: 0x00080000, ABSOLUTE)

    Base Addr    Size         Type   Attr      Idx    E Section Name        Object

    0x08000000   0x00000130   Data   RO          280    RESET               startup_stm32f10x_hd.o
    0x08000130   0x00000008   Code   RO          631  * !!!main             c_w.l(__main.o)
    0x08000138   0x00000034   Code   RO          834    !!!scatter          c_w.l(__scatter.o)
    0x0800016c   0x0000005a   Code   RO          832    !!dczerorl2         c_w.l(__dczerorl2.o)
    0x080001c6   0x00000002   PAD
    0x080001c8   0x0000001c   Code   RO          836    !!handler_zi        c_w.l(__scatter_zi.o)
    0x080001e4   0x00000002   Code   RO          707    .ARM.Collect$$libinit$$00000000  c_w.l(libinit.o)
    0x080001e6   0x00000000   Code   RO          714    .ARM.Collect$$libinit$$00000002  c_w.l(libinit2.o)
    0x080001e6   0x00000000   Code   RO          716    .ARM.Collect$$libinit$$00000004  c_w.l(libinit2.o)
    0x080001e6   0x00000000   Code   RO          719    .ARM.Collect$$libinit$$0000000A  c_w.l(libinit2.o)
    0x080001e6   0x00000000   Code   RO          721    .ARM.Collect$$libinit$$0000000C  c_w.l(libinit2.o)
    0x080001e6   0x00000000   Code   RO          723    .ARM.Collect$$libinit$$0000000E  c_w.l(libinit2.o)
    0x080001e6   0x00000000   Code   RO          726    .ARM.Collect$$libinit$$00000011  c_w.l(libinit2.o)
    0x080001e6   0x00000000   Code   RO          728    .ARM.Collect$$libinit$$00000013  c_w.l(libinit2.o)
    0x080001e6   0x00000000   Code   RO          730    .ARM.Collect$$libinit$$00000015  c_w.l(libinit2.o)
    0x080001e6   0x00000000   Code   RO          732    .ARM.Collect$$libinit$$00000017  c_w.l(libinit2.o)
    0x080001e6   0x00000000   Code   RO          734    .ARM.Collect$$libinit$$00000019  c_w.l(libinit2.o)
    0x080001e6   0x00000000   Code   RO          736    .ARM.Collect$$libinit$$0000001B  c_w.l(libinit2.o)
    0x080001e6   0x00000000   Code   RO          738    .ARM.Collect$$libinit$$0000001D  c_w.l(libinit2.o)
    0x080001e6   0x00000000   Code   RO          740    .ARM.Collect$$libinit$$0000001F  c_w.l(libinit2.o)
    0x080001e6   0x00000000   Code   RO          742    .ARM.Collect$$libinit$$00000021  c_w.l(libinit2.o)
    0x080001e6   0x00000000   Code   RO          744    .ARM.Collect$$libinit$$00000023  c_w.l(libinit2.o)
    0x080001e6   0x00000000   Code   RO          746    .ARM.Collect$$libinit$$00000025  c_w.l(libinit2.o)
    0x080001e6   0x00000000   Code   RO          750    .ARM.Collect$$libinit$$0000002C  c_w.l(libinit2.o)
    0x080001e6   0x00000000   Code   RO          752    .ARM.Collect$$libinit$$0000002E  c_w.l(libinit2.o)
    0x080001e6   0x00000000   Code   RO          754    .ARM.Collect$$libinit$$00000030  c_w.l(libinit2.o)
    0x080001e6   0x00000000   Code   RO          756    .ARM.Collect$$libinit$$00000032  c_w.l(libinit2.o)
    0x080001e6   0x00000002   Code   RO          757    .ARM.Collect$$libinit$$00000033  c_w.l(libinit2.o)
    0x080001e8   0x00000002   Code   RO          775    .ARM.Collect$$libshutdown$$00000000  c_w.l(libshutdown.o)
    0x080001ea   0x00000000   Code   RO          786    .ARM.Collect$$libshutdown$$00000003  c_w.l(libshutdown2.o)
    0x080001ea   0x00000000   Code   RO          789    .ARM.Collect$$libshutdown$$00000006  c_w.l(libshutdown2.o)
    0x080001ea   0x00000000   Code   RO          792    .ARM.Collect$$libshutdown$$00000009  c_w.l(libshutdown2.o)
    0x080001ea   0x00000000   Code   RO          794    .ARM.Collect$$libshutdown$$0000000B  c_w.l(libshutdown2.o)
    0x080001ea   0x00000000   Code   RO          797    .ARM.Collect$$libshutdown$$0000000E  c_w.l(libshutdown2.o)
    0x080001ea   0x00000002   Code   RO          798    .ARM.Collect$$libshutdown$$0000000F  c_w.l(libshutdown2.o)
    0x080001ec   0x00000000   Code   RO          671    .ARM.Collect$$rtentry$$00000000  c_w.l(__rtentry.o)
    0x080001ec   0x00000000   Code   RO          684    .ARM.Collect$$rtentry$$00000002  c_w.l(__rtentry2.o)
    0x080001ec   0x00000006   Code   RO          696    .ARM.Collect$$rtentry$$00000004  c_w.l(__rtentry4.o)
    0x080001f2   0x00000000   Code   RO          686    .ARM.Collect$$rtentry$$00000009  c_w.l(__rtentry2.o)
    0x080001f2   0x00000004   Code   RO          687    .ARM.Collect$$rtentry$$0000000A  c_w.l(__rtentry2.o)
    0x080001f6   0x00000000   Code   RO          689    .ARM.Collect$$rtentry$$0000000C  c_w.l(__rtentry2.o)
    0x080001f6   0x00000008   Code   RO          690    .ARM.Collect$$rtentry$$0000000D  c_w.l(__rtentry2.o)
    0x080001fe   0x00000002   Code   RO          711    .ARM.Collect$$rtexit$$00000000  c_w.l(rtexit.o)
    0x08000200   0x00000000   Code   RO          759    .ARM.Collect$$rtexit$$00000002  c_w.l(rtexit2.o)
    0x08000200   0x00000004   Code   RO          760    .ARM.Collect$$rtexit$$00000003  c_w.l(rtexit2.o)
    0x08000204   0x00000006   Code   RO          761    .ARM.Collect$$rtexit$$00000004  c_w.l(rtexit2.o)
    0x0800020a   0x00000002   PAD
    0x0800020c   0x00000760   Code   RO            1    .text               main.o
    0x0800096c   0x00000a50   Code   RO          143    .text               stm32f10x_it.o
    0x080013bc   0x000001e0   Code   RO          200    .text               system_stm32f10x.o
    0x0800159c   0x000000d4   Code   RO          218    .text               delay.o
    0x08001670   0x00000140   Code   RO          244    .text               usart.o
    0x080017b0   0x00000040   Code   RO          281    .text               startup_stm32f10x_hd.o
    0x080017f0   0x000000dc   Code   RO          285    .text               misc.o
    0x080018cc   0x0000035c   Code   RO          297    .text               stm32f10x_gpio.o
    0x08001c28   0x000003a4   Code   RO          309    .text               stm32f10x_rcc.o
    0x08001fcc   0x00000408   Code   RO          323    .text               stm32f10x_usart.o
    0x080023d4   0x0000011c   Code   RO          335    .text               stm32f10x_exti.o
    0x080024f0   0x00000e1a   Code   RO          371    .text               stm32f10x_tim.o
    0x0800330a   0x00000002   PAD
    0x0800330c   0x0000060c   Code   RO          383    .text               stm32f10x_fsmc.o
    0x08003918   0x0000044e   Code   RO          431    .text               stm32f10x_adc.o
    0x08003d66   0x00000002   PAD
    0x08003d68   0x00000254   Code   RO          455    .text               stm32f10x_dma.o
    0x08003fbc   0x000000a4   Code   RO          515    .text               led.o
    0x08004060   0x00000478   Code   RO          528    .text               lcd_driver.o
    0x080044d8   0x00000434   Code   RO          546    .text               gui.o
    0x0800490c   0x000000f8   Code   RO          580    .text               tim.o
    0x08004a04   0x00000208   Code   RO          598    .text               adc.o
    0x08004c0c   0x00000002   Code   RO          627    .text               c_w.l(use_no_semi_2.o)
    0x08004c0e   0x00000006   Code   RO          629    .text               c_w.l(heapauxi.o)
    0x08004c14   0x00000002   Code   RO          669    .text               c_w.l(use_no_semi.o)
    0x08004c16   0x0000004a   Code   RO          698    .text               c_w.l(sys_stackheap_outer.o)
    0x08004c60   0x0000000c   Code   RO          700    .text               c_w.l(exit.o)
    0x08004c6c   0x00000008   Code   RO          708    .text               c_w.l(libspace.o)
    0x08004c74   0x00000062   Code   RO          633    x$fpl$d2f           fz_ws.l(d2f.o)
    0x08004cd6   0x00000002   PAD
    0x08004cd8   0x00000150   Code   RO          635    x$fpl$dadd          fz_ws.l(daddsub_clz.o)
    0x08004e28   0x0000005a   Code   RO          641    x$fpl$dfixu         fz_ws.l(dfixu.o)
    0x08004e82   0x00000026   Code   RO          645    x$fpl$dfltu         fz_ws.l(dflt_clz.o)
    0x08004ea8   0x00000154   Code   RO          651    x$fpl$dmul          fz_ws.l(dmul.o)
    0x08004ffc   0x0000009c   Code   RO          672    x$fpl$dnaninf       fz_ws.l(dnaninf.o)
    0x08005098   0x0000000c   Code   RO          674    x$fpl$dretinf       fz_ws.l(dretinf.o)
    0x080050a4   0x000001d4   Code   RO          637    x$fpl$dsub          fz_ws.l(daddsub_clz.o)
    0x08005278   0x00000056   Code   RO          653    x$fpl$f2d           fz_ws.l(f2d.o)
    0x080052ce   0x00000018   Code   RO          676    x$fpl$fcmpinf       fz_ws.l(fcmpi.o)
    0x080052e6   0x00000002   PAD
    0x080052e8   0x0000003e   Code   RO          655    x$fpl$ffixu         fz_ws.l(ffixu.o)
    0x08005326   0x00000002   PAD
    0x08005328   0x00000030   Code   RO          660    x$fpl$fflt          fz_ws.l(fflt_clz.o)
    0x08005358   0x00000026   Code   RO          659    x$fpl$ffltu         fz_ws.l(fflt_clz.o)
    0x0800537e   0x00000002   PAD
    0x08005380   0x00000068   Code   RO          665    x$fpl$fleqf         fz_ws.l(fleqf.o)
    0x080053e8   0x0000008c   Code   RO          678    x$fpl$fnaninf       fz_ws.l(fnaninf.o)
    0x08005474   0x0000000a   Code   RO          680    x$fpl$fretinf       fz_ws.l(fretinf.o)
    0x0800547e   0x00000062   Code   RO          667    x$fpl$frleqf        fz_ws.l(frleqf.o)
    0x080054e0   0x00000000   Code   RO          682    x$fpl$usenofp       fz_ws.l(usenofp.o)
    0x080054e0   0x00000948   Data   RO          547    .constdata          gui.o
    0x08005e28   0x00000020   Data   RO          830    Region$$Table       anon$$obj.o


    Execution Region RW_IRAM1 (Base: 0x20000000, Size: 0x00000d78, Max: 0x00010000, ABSOLUTE, COMPRESSED[0x0000007c])

    Base Addr    Size         Type   Attr      Idx    E Section Name        Object

    0x20000000   0x00000018   Data   RW            2    .data               main.o
    0x20000018   0x000000ef   Data   RW          144    .data               stm32f10x_it.o
    0x20000107   0x00000001   PAD
    0x20000108   0x00000014   Data   RW          201    .data               system_stm32f10x.o
    0x2000011c   0x00000004   Data   RW          219    .data               delay.o
    0x20000120   0x00000006   Data   RW          246    .data               usart.o
    0x20000126   0x00000014   Data   RW          310    .data               stm32f10x_rcc.o
    0x2000013a   0x00000001   Data   RW          516    .data               led.o
    0x2000013b   0x00000001   PAD
    0x2000013c   0x00000004   Data   RW          529    .data               lcd_driver.o
    0x20000140   0x00000008   Data   RW          581    .data               tim.o
    0x20000148   0x00000004   Data   RW          600    .data               adc.o
    0x2000014c   0x000000c8   Zero   RW          245    .bss                usart.o
    0x20000214   0x00000500   Zero   RW          599    .bss                adc.o
    0x20000714   0x00000060   Zero   RW          709    .bss                c_w.l(libspace.o)
    0x20000774   0x00000004   PAD
    0x20000778   0x00000200   Zero   RW          279    HEAP                startup_stm32f10x_hd.o
    0x20000978   0x00000400   Zero   RW          278    STACK               startup_stm32f10x_hd.o


==============================================================================

Image component sizes


      Code (inc. data)   RO Data    RW Data    ZI Data      Debug   Object Name

       520         38          0          4       1280       2041   adc.o
         0          0          0          0          0         32   core_cm3.o
       212         18          0          4          0        995   delay.o
      1076         14       2376          0          0       5151   gui.o
      1144         18          0          4          0       2901   lcd_driver.o
       164         10          0          1          0        695   led.o
      1888         68          0         24          0     285150   main.o
       220         22          0          0          0       1777   misc.o
        64         26        304          0       1536        784   startup_stm32f10x_hd.o
      1102         26          0          0          0      10809   stm32f10x_adc.o
       596          8          0          0          0       4302   stm32f10x_dma.o
       284         10          0          0          0       2207   stm32f10x_exti.o
      1548         18          0          0          0       5319   stm32f10x_fsmc.o
       860         38          0          0          0       5621   stm32f10x_gpio.o
      2640        184          0        239          0     210578   stm32f10x_it.o
       932         36          0         20          0       8776   stm32f10x_rcc.o
      3610         88          0          0          0      22104   stm32f10x_tim.o
      1032         22          0          0          0       8344   stm32f10x_usart.o
       480         38          0         20          0       1703   system_stm32f10x.o
       248         10          0          8          0       1371   tim.o
       320         16          0          6        200       3110   usart.o

    ----------------------------------------------------------------------
     18944        708       2712        332       3016     583770   Object Totals
         0          0         32          0          0          0   (incl. Generated)
         4          0          0          2          0          0   (incl. Padding)

    ----------------------------------------------------------------------

      Code (inc. data)   RO Data    RW Data    ZI Data      Debug   Library Member Name

        90          0          0          0          0          0   __dczerorl2.o
         8          0          0          0          0         68   __main.o
         0          0          0          0          0          0   __rtentry.o
        12          0          0          0          0          0   __rtentry2.o
         6          0          0          0          0          0   __rtentry4.o
        52          8          0          0          0          0   __scatter.o
        28          0          0          0          0          0   __scatter_zi.o
        12          0          0          0          0         72   exit.o
         6          0          0          0          0        152   heapauxi.o
         2          0          0          0          0          0   libinit.o
         2          0          0          0          0          0   libinit2.o
         2          0          0          0          0          0   libshutdown.o
         2          0          0          0          0          0   libshutdown2.o
         8          4          0          0         96         68   libspace.o
         2          0          0          0          0          0   rtexit.o
        10          0          0          0          0          0   rtexit2.o
        74          0          0          0          0         80   sys_stackheap_outer.o
         2          0          0          0          0         68   use_no_semi.o
         2          0          0          0          0         68   use_no_semi_2.o
        98          4          0          0          0         92   d2f.o
       804         16          0          0          0        272   daddsub_clz.o
        90          4          0          0          0         92   dfixu.o
        38          0          0          0          0         68   dflt_clz.o
       340         12          0          0          0        104   dmul.o
       156          4          0          0          0         92   dnaninf.o
        12          0          0          0          0         68   dretinf.o
        86          4          0          0          0         84   f2d.o
        24          0          0          0          0         68   fcmpi.o
        62          4          0          0          0         84   ffixu.o
        86          0          0          0          0        136   fflt_clz.o
       104          4          0          0          0         84   fleqf.o
       140          4          0          0          0         84   fnaninf.o
        10          0          0          0          0         68   fretinf.o
        98          0          0          0          0         68   frleqf.o
         0          0          0          0          0          0   usenofp.o

    ----------------------------------------------------------------------
      2480         68          0          0        100       2040   Library Totals
        12          0          0          0          4          0   (incl. Padding)

    ----------------------------------------------------------------------

      Code (inc. data)   RO Data    RW Data    ZI Data      Debug   Library Name

       320         12          0          0         96        576   c_w.l
      2148         56          0          0          0       1464   fz_ws.l

    ----------------------------------------------------------------------
      2480         68          0          0        100       2040   Library Totals

    ----------------------------------------------------------------------

==============================================================================


      Code (inc. data)   RO Data    RW Data    ZI Data      Debug   

     21424        776       2712        332       3116     582894   Grand Totals
     21424        776       2712        124       3116     582894   ELF Image Totals (compressed)
     21424        776       2712        124          0          0   ROM Totals

==============================================================================

    Total RO  Size (Code + RO Data)                24136 (  23.57kB)
    Total RW  Size (RW Data + ZI Data)              3448 (   3.37kB)
    Total ROM Size (Code + RO Data + RW Data)      24260 (  23.69kB)

==============================================================================

